Archive member included to satisfy reference by file (symbol)

c:/st/stm32cubeide_1.6.1/stm32cubeide/plugins/com.st.stm32cube.ide.mcu.externaltools.gnu-tools-for-stm32.9-2020-q2-update.win32_1.5.0.202011040924/tools/bin/../lib/gcc/arm-none-eabi/9.3.1/../../../../arm-none-eabi/lib/thumb/v7-m/nofp\libc_nano.a(lib_a-errno.o)
                              Core/Src/syscalls.o (__errno)
c:/st/stm32cubeide_1.6.1/stm32cubeide/plugins/com.st.stm32cube.ide.mcu.externaltools.gnu-tools-for-stm32.9-2020-q2-update.win32_1.5.0.202011040924/tools/bin/../lib/gcc/arm-none-eabi/9.3.1/../../../../arm-none-eabi/lib/thumb/v7-m/nofp\libc_nano.a(lib_a-exit.o)
                              c:/st/stm32cubeide_1.6.1/stm32cubeide/plugins/com.st.stm32cube.ide.mcu.externaltools.gnu-tools-for-stm32.9-2020-q2-update.win32_1.5.0.202011040924/tools/bin/../lib/gcc/arm-none-eabi/9.3.1/../../../../arm-none-eabi/lib/thumb/v7-m/nofp/crt0.o (exit)
c:/st/stm32cubeide_1.6.1/stm32cubeide/plugins/com.st.stm32cube.ide.mcu.externaltools.gnu-tools-for-stm32.9-2020-q2-update.win32_1.5.0.202011040924/tools/bin/../lib/gcc/arm-none-eabi/9.3.1/../../../../arm-none-eabi/lib/thumb/v7-m/nofp\libc_nano.a(lib_a-impure.o)
                              c:/st/stm32cubeide_1.6.1/stm32cubeide/plugins/com.st.stm32cube.ide.mcu.externaltools.gnu-tools-for-stm32.9-2020-q2-update.win32_1.5.0.202011040924/tools/bin/../lib/gcc/arm-none-eabi/9.3.1/../../../../arm-none-eabi/lib/thumb/v7-m/nofp\libc_nano.a(lib_a-exit.o) (_global_impure_ptr)
c:/st/stm32cubeide_1.6.1/stm32cubeide/plugins/com.st.stm32cube.ide.mcu.externaltools.gnu-tools-for-stm32.9-2020-q2-update.win32_1.5.0.202011040924/tools/bin/../lib/gcc/arm-none-eabi/9.3.1/../../../../arm-none-eabi/lib/thumb/v7-m/nofp\libc_nano.a(lib_a-init.o)
                              c:/st/stm32cubeide_1.6.1/stm32cubeide/plugins/com.st.stm32cube.ide.mcu.externaltools.gnu-tools-for-stm32.9-2020-q2-update.win32_1.5.0.202011040924/tools/bin/../lib/gcc/arm-none-eabi/9.3.1/../../../../arm-none-eabi/lib/thumb/v7-m/nofp/crt0.o (__libc_init_array)
c:/st/stm32cubeide_1.6.1/stm32cubeide/plugins/com.st.stm32cube.ide.mcu.externaltools.gnu-tools-for-stm32.9-2020-q2-update.win32_1.5.0.202011040924/tools/bin/../lib/gcc/arm-none-eabi/9.3.1/../../../../arm-none-eabi/lib/thumb/v7-m/nofp\libc_nano.a(lib_a-memset.o)
                              c:/st/stm32cubeide_1.6.1/stm32cubeide/plugins/com.st.stm32cube.ide.mcu.externaltools.gnu-tools-for-stm32.9-2020-q2-update.win32_1.5.0.202011040924/tools/bin/../lib/gcc/arm-none-eabi/9.3.1/../../../../arm-none-eabi/lib/thumb/v7-m/nofp/crt0.o (memset)
c:/st/stm32cubeide_1.6.1/stm32cubeide/plugins/com.st.stm32cube.ide.mcu.externaltools.gnu-tools-for-stm32.9-2020-q2-update.win32_1.5.0.202011040924/tools/bin/../lib/gcc/arm-none-eabi/9.3.1/../../../../arm-none-eabi/lib/thumb/v7-m/nofp\libc_nano.a(lib_a-nano-vfprintf_float.o)
                              (_printf_float)
c:/st/stm32cubeide_1.6.1/stm32cubeide/plugins/com.st.stm32cube.ide.mcu.externaltools.gnu-tools-for-stm32.9-2020-q2-update.win32_1.5.0.202011040924/tools/bin/../lib/gcc/arm-none-eabi/9.3.1/../../../../arm-none-eabi/lib/thumb/v7-m/nofp\libc_nano.a(lib_a-nano-vfprintf_i.o)
                              c:/st/stm32cubeide_1.6.1/stm32cubeide/plugins/com.st.stm32cube.ide.mcu.externaltools.gnu-tools-for-stm32.9-2020-q2-update.win32_1.5.0.202011040924/tools/bin/../lib/gcc/arm-none-eabi/9.3.1/../../../../arm-none-eabi/lib/thumb/v7-m/nofp\libc_nano.a(lib_a-nano-vfprintf_float.o) (_printf_common)
c:/st/stm32cubeide_1.6.1/stm32cubeide/plugins/com.st.stm32cube.ide.mcu.externaltools.gnu-tools-for-stm32.9-2020-q2-update.win32_1.5.0.202011040924/tools/bin/../lib/gcc/arm-none-eabi/9.3.1/../../../../arm-none-eabi/lib/thumb/v7-m/nofp\libc_nano.a(lib_a-sprintf.o)
                              Core/Src/main.o (sprintf)
c:/st/stm32cubeide_1.6.1/stm32cubeide/plugins/com.st.stm32cube.ide.mcu.externaltools.gnu-tools-for-stm32.9-2020-q2-update.win32_1.5.0.202011040924/tools/bin/../lib/gcc/arm-none-eabi/9.3.1/../../../../arm-none-eabi/lib/thumb/v7-m/nofp\libc_nano.a(lib_a-strlen.o)
                              Core/Src/LiquidCrystal.o (strlen)
c:/st/stm32cubeide_1.6.1/stm32cubeide/plugins/com.st.stm32cube.ide.mcu.externaltools.gnu-tools-for-stm32.9-2020-q2-update.win32_1.5.0.202011040924/tools/bin/../lib/gcc/arm-none-eabi/9.3.1/../../../../arm-none-eabi/lib/thumb/v7-m/nofp\libc_nano.a(lib_a-vsprintf.o)
                              Core/Src/swo_debug.o (vsprintf)
c:/st/stm32cubeide_1.6.1/stm32cubeide/plugins/com.st.stm32cube.ide.mcu.externaltools.gnu-tools-for-stm32.9-2020-q2-update.win32_1.5.0.202011040924/tools/bin/../lib/gcc/arm-none-eabi/9.3.1/../../../../arm-none-eabi/lib/thumb/v7-m/nofp\libc_nano.a(lib_a-dtoa.o)
[...]
Memory Configuration

Name             Origin             Length             Attributes
RAM              0x0000000020000000 0x0000000000005000 xrw
FLASH            0x0000000008000000 0x0000000000010000 xr
*default*        0x0000000000000000 0xffffffffffffffff

Linker script and memory map

LOAD c:/st/stm32cubeide_1.6.1/stm32cubeide/plugins/com.st.stm32cube.ide.mcu.externaltools.gnu-tools-for-stm32.9-2020-q2-update.win32_1.5.0.202011040924/tools/bin/../lib/gcc/arm-none-eabi/9.3.1/thumb/v7-m/nofp/crti.o
LOAD c:/st/stm32cubeide_1.6.1/stm32cubeide/plugins/com.st.stm32cube.ide.mcu.externaltools.gnu-tools-for-stm32.9-2020-q2-update.win32_1.5.0.202011040924/tools/bin/../lib/gcc/arm-none-eabi/9.3.1/thumb/v7-m/nofp/crtbegin.o
LOAD c:/st/stm32cubeide_1.6.1/stm32cubeide/plugins/com.st.stm32cube.ide.mcu.externaltools.gnu-tools-for-stm32.9-2020-q2-update.win32_1.5.0.202011040924/tools/bin/../lib/gcc/arm-none-eabi/9.3.1/../../../../arm-none-eabi/lib/thumb/v7-m/nofp/crt0.o
LOAD Core/Src/LiquidCrystal.o
LOAD Core/Src/main.o
LOAD Core/Src/stm32f1xx_hal_msp.o
LOAD Core/Src/stm32f1xx_it.o
LOAD Core/Src/swo_debug.o
LOAD Core/Src/syscalls.o
LOAD Core/Src/sysmem.o
LOAD Core/Src/system_stm32f1xx.o
LOAD Core/Startup/startup_stm32f103c8tx.o
LOAD Drivers/STM32F1xx_HAL_Driver/Src/stm32f1xx_hal.o
LOAD Drivers/STM32F1xx_HAL_Driver/Src/stm32f1xx_hal_cortex.o
LOAD Drivers/STM32F1xx_HAL_Driver/Src/stm32f1xx_hal_dma.o
LOAD Drivers/STM32F1xx_HAL_Driver/Src/stm32f1xx_hal_exti.o
LOAD Drivers/STM32F1xx_HAL_Driver/Src/stm32f1xx_hal_flash.o
LOAD Drivers/STM32F1xx_HAL_Driver/Src/stm32f1xx_hal_flash_ex.o
LOAD Drivers/STM32F1xx_HAL_Driver/Src/stm32f1xx_hal_gpio.o
LOAD Drivers/STM32F1xx_HAL_Driver/Src/stm32f1xx_hal_gpio_ex.o
LOAD Drivers/STM32F1xx_HAL_Driver/Src/stm32f1xx_hal_pwr.o
LOAD Drivers/STM32F1xx_HAL_Driver/Src/stm32f1xx_hal_rcc.o
LOAD Drivers/STM32F1xx_HAL_Driver/Src/stm32f1xx_hal_rcc_ex.o
LOAD Drivers/STM32F1xx_HAL_Driver/Src/stm32f1xx_hal_tim.o
LOAD Drivers/STM32F1xx_HAL_Driver/Src/stm32f1xx_hal_tim_ex.o
LOAD Micrium/Software/uC-CPU/ARM-Cortex-M/ARMv7-M/GNU/cpu_a.o
LOAD Micrium/Software/uC-CPU/ARM-Cortex-M/ARMv7-M/cpu_c.o
LOAD Micrium/Software/uC-CPU/cpu_core.o
LOAD Micrium/Software/uC-LIB/lib_ascii.o
LOAD Micrium/Software/uC-LIB/lib_math.o
LOAD Micrium/Software/uC-LIB/lib_mem.o
LOAD Micrium/Software/uC-LIB/lib_str.o
LOAD Micrium/Software/uCOS-II/Ports/ARM-Cortex-M/ARMv7-M/GNU/os_cpu_a.o
LOAD Micrium/Software/uCOS-II/Ports/ARM-Cortex-M/ARMv7-M/GNU/os_dbg.o
LOAD Micrium/Software/uCOS-II/Ports/ARM-Cortex-M/ARMv7-M/os_cpu_c.o
LOAD Micrium/Software/uCOS-II/Source/os_core.o
LOAD Micrium/Software/uCOS-II/Source/os_flag.o
LOAD Micrium/Software/uCOS-II/Source/os_mbox.o
LOAD Micrium/Software/uCOS-II/Source/os_mem.o
LOAD Micrium/Software/uCOS-II/Source/os_mutex.o
LOAD Micrium/Software/uCOS-II/Source/os_q.o
LOAD Micrium/Software/uCOS-II/Source/os_sem.o
LOAD Micrium/Software/uCOS-II/Source/os_task.o
LOAD Micrium/Software/uCOS-II/Source/os_time.o
LOAD Micrium/Software/uCOS-II/Source/os_tmr.o
LOAD Micrium/Template/OS2/app_hooks.o
START GROUP
LOAD c:/st/stm32cubeide_1.6.1/stm32cubeide/plugins/com.st.stm32cube.ide.mcu.externaltools.gnu-tools-for-stm32.9-2020-q2-update.win32_1.5.0.202011040924/tools/bin/../lib/gcc/arm-none-eabi/9.3.1/../../../../arm-none-eabi/lib/thumb/v7-m/nofp\libc_nano.a
LOAD c:/st/stm32cubeide_1.6.1/stm32cubeide/plugins/com.st.stm32cube.ide.mcu.externaltools.gnu-tools-for-stm32.9-2020-q2-update.win32_1.5.0.202011040924/tools/bin/../lib/gcc/arm-none-eabi/9.3.1/../../../../arm-none-eabi/lib/thumb/v7-m/nofp\libm.a
END GROUP
START GROUP
LOAD c:/st/stm32cubeide_1.6.1/stm32cubeide/plugins/com.st.stm32cube.ide.mcu.externaltools.gnu-tools-for-stm32.9-2020-q2-update.win32_1.5.0.202011040924/tools/bin/../lib/gcc/arm-none-eabi/9.3.1/thumb/v7-m/nofp\libgcc.a
LOAD c:/st/stm32cubeide_1.6.1/stm32cubeide/plugins/com.st.stm32cube.ide.mcu.externaltools.gnu-tools-for-stm32.9-2020-q2-update.win32_1.5.0.202011040924/tools/bin/../lib/gcc/arm-none-eabi/9.3.1/../../../../arm-none-eabi/lib/thumb/v7-m/nofp\libc_nano.a
END GROUP
START GROUP
LOAD c:/st/stm32cubeide_1.6.1/stm32cubeide/plugins/com.st.stm32cube.ide.mcu.externaltools.gnu-tools-for-stm32.9-2020-q2-update.win32_1.5.0.202011040924/tools/bin/../lib/gcc/arm-none-eabi/9.3.1/thumb/v7-m/nofp\libgcc.a
LOAD c:/st/stm32cubeide_1.6.1/stm32cubeide/plugins/com.st.stm32cube.ide.mcu.externaltools.gnu-tools-for-stm32.9-2020-q2-update.win32_1.5.0.202011040924/tools/bin/../lib/gcc/arm-none-eabi/9.3.1/../../../../arm-none-eabi/lib/thumb/v7-m/nofp\libc_nano.a
LOAD c:/st/stm32cubeide_1.6.1/stm32cubeide/plugins/com.st.stm32cube.ide.mcu.externaltools.gnu-tools-for-stm32.9-2020-q2-update.win32_1.5.0.202011040924/tools/bin/../lib/gcc/arm-none-eabi/9.3.1/../../../../arm-none-eabi/lib/thumb/v7-m/nofp\libnosys.a
END GROUP
START GROUP
LOAD c:/st/stm32cubeide_1.6.1/stm32cubeide/plugins/com.st.stm32cube.ide.mcu.externaltools.gnu-tools-for-stm32.9-2020-q2-update.win32_1.5.0.202011040924/tools/bin/../lib/gcc/arm-none-eabi/9.3.1/thumb/v7-m/nofp\libgcc.a
LOAD c:/st/stm32cubeide_1.6.1/stm32cubeide/plugins/com.st.stm32cube.ide.mcu.externaltools.gnu-tools-for-stm32.9-2020-q2-update.win32_1.5.0.202011040924/tools/bin/../lib/gcc/arm-none-eabi/9.3.1/../../../../arm-none-eabi/lib/thumb/v7-m/nofp\libc_nano.a
LOAD c:/st/stm32cubeide_1.6.1/stm32cubeide/plugins/com.st.stm32cube.ide.mcu.externaltools.gnu-tools-for-stm32.9-2020-q2-update.win32_1.5.0.202011040924/tools/bin/../lib/gcc/arm-none-eabi/9.3.1/../../../../arm-none-eabi/lib/thumb/v7-m/nofp\libnosys.a
END GROUP
LOAD c:/st/stm32cubeide_1.6.1/stm32cubeide/plugins/com.st.stm32cube.ide.mcu.externaltools.gnu-tools-for-stm32.9-2020-q2-update.win32_1.5.0.202011040924/tools/bin/../lib/gcc/arm-none-eabi/9.3.1/thumb/v7-m/nofp/crtend.o
LOAD c:/st/stm32cubeide_1.6.1/stm32cubeide/plugins/com.st.stm32cube.ide.mcu.externaltools.gnu-tools-for-stm32.9-2020-q2-update.win32_1.5.0.202011040924/tools/bin/../lib/gcc/arm-none-eabi/9.3.1/thumb/v7-m/nofp/crtn.o
                0x0000000020005000                _estack = (ORIGIN (RAM) + LENGTH (RAM))
                0x0000000000000200                _Min_Heap_Size = 0x200
                0x0000000000000400                _Min_Stack_Size = 0x400

.isr_vector     0x0000000008000000      0x10c
                0x0000000008000000                . = ALIGN (0x4)
 *(.isr_vector)
 .isr_vector    0x0000000008000000      0x10c Core/Startup/startup_stm32f103c8tx.o
                0x0000000008000000                g_pfnVectors
                0x000000000800010c                . = ALIGN (0x4)

.text           0x0000000008000110     0x9a8c
                0x0000000008000110                . = ALIGN (0x4)
 *(.text)
 .text          0x0000000008000110       0x40 c:/st/stm32cubeide_1.6.1/stm32cubeide/plugins/com.st.stm32cube.ide.mcu.externaltools.gnu-tools-for-stm32.9-2020-q2-update.win32_1.5.0.202011040924/tools/bin/../lib/gcc/arm-none-eabi/9.3.1/thumb/v7-m/nofp/crtbegin.o
 .text          0x0000000008000150       0x54 Micrium/Software/uC-CPU/ARM-Cortex-M/ARMv7-M/GNU/cpu_a.o
                0x0000000008000150                CPU_IntDis
                0x0000000008000154                CPU_IntEn
                0x0000000008000158                CPU_SR_Save
                0x0000000008000174                CPU_SR_Restore
                0x0000000008000186                CPU_WaitForInt
                0x000000000800018a                CPU_WaitForExcept
                0x000000000800018e                CPU_CntLeadZeros
                0x0000000008000194                CPU_CntTrailZeros
                0x000000000800019e                CPU_RevBits
 .text          0x00000000080001a4      0x12c Micrium/Software/uCOS-II/Ports/ARM-Cortex-M/ARMv7-M/GNU/os_cpu_a.o
                0x00000000080001a4                OS_CPU_SR_Save
                0x00000000080001c0                OS_CPU_SR_Restore
                0x00000000080001d2                OSStartHighRdy
                0x0000000008000252                OSIntCtxSw
                0x0000000008000252                OSCtxSw
                0x000000000800025c                OS_CPU_PendSVHandler
 .text          0x00000000080002d0       0x10 c:/st/stm32cubeide_1.6.1/stm32cubeide/plugins/com.st.stm32cube.ide.mcu.externaltools.gnu-tools-for-stm32.9-2020-q2-update.win32_1.5.0.202011040924/tools/bin/../lib/gcc/arm-none-eabi/9.3.1/../../../../arm-none-eabi/lib/thumb/v7-m/nofp\libc_nano.a(lib_a-strlen.o)
                0x00000000080002d0                strlen
 .text          0x00000000080002e0      0x378 c:/st/stm32cubeide_1.6.1/stm32cubeide/plugins/com.st.stm32cube.ide.mcu.externaltools.gnu-tools-for-stm32.9-2020-q2-update.win32_1.5.0.202011040924/tools/bin/../lib/gcc/arm-none-eabi/9.3.1/thumb/v7-m/nofp\libgcc.a(_arm_addsubdf3.o)
                0x00000000080002e0                __aeabi_drsub
                0x00000000080002e8                __aeabi_dsub
                0x00000000080002e8                __subdf3
                0x00000000080002ec                __aeabi_dadd
                0x00000000080002ec                __adddf3
                0x0000000008000564                __floatunsidf
                0x0000000008000564                __aeabi_ui2d
                0x0000000008000584                __floatsidf
                0x0000000008000584                __aeabi_i2d
                0x00000000080005a8                __aeabi_f2d
                0x00000000080005a8                __extendsfdf2
                0x00000000080005ec                __floatundidf
                0x00000000080005ec                __aeabi_ul2d
                0x00000000080005fc                __floatdidf
                0x00000000080005fc                __aeabi_l2d
 .text          0x0000000008000658      0x424 c:/st/stm32cubeide_1.6.1/stm32cubeide/plugins/com.st.stm32cube.ide.mcu.externaltools.gnu-tools-for-stm32.9-2020-q2-update.win32_1.5.0.202011040924/tools/bin/../lib/gcc/arm-none-eabi/9.3.1/thumb/v7-m/nofp\libgcc.a(_arm_muldivdf3.o)
                0x0000000008000658                __aeabi_dmul
                0x0000000008000658                __muldf3
                0x00000000080008ac                __divdf3
                0x00000000080008ac                __aeabi_ddiv
 .text          0x0000000008000a7c      0x110 c:/st/stm32cubeide_1.6.1/stm32cubeide/plugins/com.st.stm32cube.ide.mcu.externaltools.gnu-tools-for-stm32.9-2020-q2-update.win32_1.5.0.202011040924/tools/bin/../lib/gcc/arm-none-eabi/9.3.1/thumb/v7-m/nofp\libgcc.a(_arm_cmpdf2.o)
                0x0000000008000a7c                __gtdf2
                0x0000000008000a7c                __gedf2
                0x0000000008000a84                __ltdf2
                0x0000000008000a84                __ledf2
                0x0000000008000a8c                __nedf2
                0x0000000008000a8c                __eqdf2
                0x0000000008000a8c                __cmpdf2
                0x0000000008000b08                __aeabi_cdrcmple
                0x0000000008000b18                __aeabi_cdcmpeq
                0x0000000008000b18                __aeabi_cdcmple
                0x0000000008000b28                __aeabi_dcmpeq
                0x0000000008000b3c                __aeabi_dcmplt
                0x0000000008000b50                __aeabi_dcmple
                0x0000000008000b64                __aeabi_dcmpge
                0x0000000008000b78                __aeabi_dcmpgt
 .text          0x0000000008000b8c       0x2c c:/st/stm32cubeide_1.6.1/stm32cubeide/plugins/com.st.stm32cube.ide.mcu.externaltools.gnu-tools-for-stm32.9-2020-q2-update.win32_1.5.0.202011040924/tools/bin/../lib/gcc/arm-none-eabi/9.3.1/thumb/v7-m/nofp\libgcc.a(_arm_unorddf2.o)
                0x0000000008000b8c                __unorddf2
                0x0000000008000b8c                __aeabi_dcmpun
 .text          0x0000000008000bb8       0x50 c:/st/stm32cubeide_1.6.1/stm32cubeide/plugins/com.st.stm32cube.ide.mcu.externaltools.gnu-tools-for-stm32.9-2020-q2-update.win32_1.5.0.202011040924/tools/bin/../lib/gcc/arm-none-eabi/9.3.1/thumb/v7-m/nofp\libgcc.a(_arm_fixdfsi.o)
                0x0000000008000bb8                __aeabi_d2iz
                0x0000000008000bb8                __fixdfsi
 .text          0x0000000008000c08       0xa0 c:/st/stm32cubeide_1.6.1/stm32cubeide/plugins/com.st.stm32cube.ide.mcu.externaltools.gnu-tools-for-stm32.9-2020-q2-update.win32_1.5.0.202011040924/tools/bin/../lib/gcc/arm-none-eabi/9.3.1/thumb/v7-m/nofp\libgcc.a(_arm_truncdfsf2.o)
                0x0000000008000c08                __truncdfsf2
                0x0000000008000c08                __aeabi_d2f
 .text          0x0000000008000ca8      0x21c c:/st/stm32cubeide_1.6.1/stm32cubeide/plugins/com.st.stm32cube.ide.mcu.externaltools.gnu-tools-for-stm32.9-2020-q2-update.win32_1.5.0.202011040924/tools/bin/../lib/gcc/arm-none-eabi/9.3.1/thumb/v7-m/nofp\libgcc.a(_arm_addsubsf3.o)
                0x0000000008000ca8                __aeabi_frsub
                0x0000000008000cb0                __subsf3
                0x0000000008000cb0                __aeabi_fsub
                0x0000000008000cb4                __aeabi_fadd
                0x0000000008000cb4                __addsf3
                0x0000000008000e14                __aeabi_ui2f
                0x0000000008000e14                __floatunsisf
                0x0000000008000e1c                __aeabi_i2f
                0x0000000008000e1c                __floatsisf
                0x0000000008000e38                __aeabi_ul2f
                0x0000000008000e38                __floatundisf
                0x0000000008000e48                __aeabi_l2f
                0x0000000008000e48                __floatdisf
 .text          0x0000000008000ec4      0x2a0 c:/st/stm32cubeide_1.6.1/stm32cubeide/plugins/com.st.stm32cube.ide.mcu.externaltools.gnu-tools-for-stm32.9-2020-q2-update.win32_1.5.0.202011040924/tools/bin/../lib/gcc/arm-none-eabi/9.3.1/thumb/v7-m/nofp\libgcc.a(_arm_muldivsf3.o)
                0x0000000008000ec4                __mulsf3
                0x0000000008000ec4                __aeabi_fmul
                0x000000000800102c                __aeabi_fdiv
                0x000000000800102c                __divsf3
 .text          0x0000000008001164       0x40 c:/st/stm32cubeide_1.6.1/stm32cubeide/plugins/com.st.stm32cube.ide.mcu.externaltools.gnu-tools-for-stm32.9-2020-q2-update.win32_1.5.0.202011040924/tools/bin/../lib/gcc/arm-none-eabi/9.3.1/thumb/v7-m/nofp\libgcc.a(_arm_fixunssfsi.o)
                0x0000000008001164                __fixunssfsi
                0x0000000008001164                __aeabi_f2uiz
 *(.text*)
 .text.LiquidCrystal
                0x00000000080011a4       0x94 Core/Src/LiquidCrystal.o
                0x00000000080011a4                LiquidCrystal
 .text.init     0x0000000008001238       0x9c Core/Src/LiquidCrystal.o
                0x0000000008001238                init
 .text.begin    0x00000000080012d4      0x244 Core/Src/LiquidCrystal.o
                0x00000000080012d4                begin
 .text.enableClock
                0x0000000008001518      0x104 Core/Src/LiquidCrystal.o
                0x0000000008001518                enableClock
 .text.setRowOffsets
                0x000000000800161c       0x3c Core/Src/LiquidCrystal.o
                0x000000000800161c                setRowOffsets
 .text.clear    0x0000000008001658       0x1a Core/Src/LiquidCrystal.o
                0x0000000008001658                clear
 *fill*         0x0000000008001672        0x2 
 .text.setCursor
                0x0000000008001674       0x64 Core/Src/LiquidCrystal.o
                0x0000000008001674                setCursor
 .text.display  0x00000000080016d8       0x2c Core/Src/LiquidCrystal.o
                0x00000000080016d8                display
 .text.noBlink  0x0000000008001704       0x2c Core/Src/LiquidCrystal.o
                0x0000000008001704                noBlink
 .text.blink    0x0000000008001730       0x2c Core/Src/LiquidCrystal.o
                0x0000000008001730                blink
 .text.print    0x000000000800175c       0x56 Core/Src/LiquidCrystal.o
                0x000000000800175c                print
 .text.command  0x00000000080017b2       0x1c Core/Src/LiquidCrystal.o
                0x00000000080017b2                command
 .text.write    0x00000000080017ce       0x1e Core/Src/LiquidCrystal.o
                0x00000000080017ce                write
 .text.send     0x00000000080017ec       0x7c Core/Src/LiquidCrystal.o
                0x00000000080017ec                send
 .text.pulseEnable
                0x0000000008001868       0x64 Core/Src/LiquidCrystal.o
                0x0000000008001868                pulseEnable
 .text.write4bits
                0x00000000080018cc       0x54 Core/Src/LiquidCrystal.o
                0x00000000080018cc                write4bits
 .text.write8bits
                0x0000000008001920       0x54 Core/Src/LiquidCrystal.o
                0x0000000008001920                write8bits
 .text.LecturaPulsadores
                0x0000000008001974      0x4cc Core/Src/main.o
 .text.ActualizarDisplay
                0x0000000008001e40      0x240 Core/Src/main.o
 .text.ControlMotor
                0x0000000008002080       0x90 Core/Src/main.o
 .text.Detener  0x0000000008002110       0x40 Core/Src/main.o
 .text.FinalesDeCarrera
                0x0000000008002150       0x54 Core/Src/main.o
 .text.Piezas   0x00000000080021a4       0xa0 Core/Src/main.o
 *fill*         0x0000000008002244        0x4 
 .text.CicloAutomatico
                0x0000000008002248      0x2a8 Core/Src/main.o
                0x0000000008002248                CicloAutomatico
 .text.GiroHorario
                0x00000000080024f0       0x48 Core/Src/main.o
                0x00000000080024f0                GiroHorario
 .text.GiroAntiHorario
                0x0000000008002538       0x48 Core/Src/main.o
                0x0000000008002538                GiroAntiHorario
 .text.ResetPassword
                0x0000000008002580       0x40 Core/Src/main.o
                0x0000000008002580                ResetPassword
 .text.main     0x00000000080025c0       0x80 Core/Src/main.o
                0x00000000080025c0                main
 .text.SystemClock_Config
                0x0000000008002640       0x8a Core/Src/main.o
                0x0000000008002640                SystemClock_Config
 *fill*         0x00000000080026ca        0x2 
 .text.MX_TIM4_Init
                0x00000000080026cc       0xf0 Core/Src/main.o
 .text.MX_GPIO_Init
                0x00000000080027bc      0x130 Core/Src/main.o
 .text.HAL_InitTick
                0x00000000080028ec       0x14 Core/Src/main.o
                0x00000000080028ec                HAL_InitTick
 .text.HAL_GetTick
                0x0000000008002900       0x16 Core/Src/main.o
                0x0000000008002900                HAL_GetTick
 *fill*         0x0000000008002916        0x2 
 .text.StartupTask
                0x0000000008002918       0x4c Core/Src/main.o
 .text.App_TaskCreate
                0x0000000008002964       0x50 Core/Src/main.o
 .text.App_Task2Create
                0x00000000080029b4       0x50 Core/Src/main.o
 .text.App_Task3Create
                0x0000000008002a04       0x50 Core/Src/main.o
 .text.App_Task4Create
                0x0000000008002a54       0x50 Core/Src/main.o
 .text.App_Task5Create
                0x0000000008002aa4       0x50 Core/Src/main.o
 .text.App_Task6Create
                0x0000000008002af4       0x50 Core/Src/main.o
 .text.Error_Handler
                0x0000000008002b44        0xc Core/Src/main.o
                0x0000000008002b44                Error_Handler
 .text.HAL_MspInit
                0x0000000008002b50       0x64 Core/Src/stm32f1xx_hal_msp.o
                0x0000000008002b50                HAL_MspInit
 .text.HAL_TIM_Base_MspInit
                0x0000000008002bb4       0x3c Core/Src/stm32f1xx_hal_msp.o
                0x0000000008002bb4                HAL_TIM_Base_MspInit
 .text.HAL_TIM_MspPostInit
                0x0000000008002bf0       0x64 Core/Src/stm32f1xx_hal_msp.o
                0x0000000008002bf0                HAL_TIM_MspPostInit
 .text.NMI_Handler
                0x0000000008002c54        0xc Core/Src/stm32f1xx_it.o
                0x0000000008002c54                NMI_Handler
 .text.HardFault_Handler
                0x0000000008002c60        0x6 Core/Src/stm32f1xx_it.o
                0x0000000008002c60                HardFault_Handler
 .text.MemManage_Handler
                0x0000000008002c66        0x6 Core/Src/stm32f1xx_it.o
                0x0000000008002c66                MemManage_Handler
 .text.BusFault_Handler
                0x0000000008002c6c        0x6 Core/Src/stm32f1xx_it.o
                0x0000000008002c6c                BusFault_Handler
 .text.UsageFault_Handler
                0x0000000008002c72        0x6 Core/Src/stm32f1xx_it.o
                0x0000000008002c72                UsageFault_Handler
 .text.SVC_Handler
                0x0000000008002c78        0xc Core/Src/stm32f1xx_it.o
                0x0000000008002c78                SVC_Handler
 .text.DebugMon_Handler
                0x0000000008002c84        0xc Core/Src/stm32f1xx_it.o
                0x0000000008002c84                DebugMon_Handler
 .text._getpid  0x0000000008002c90        0xe Core/Src/syscalls.o
                0x0000000008002c90                _getpid
 .text._kill    0x0000000008002c9e       0x20 Core/Src/syscalls.o
                0x0000000008002c9e                _kill
 .text._exit    0x0000000008002cbe       0x14 Core/Src/syscalls.o
                0x0000000008002cbe                _exit
 .text._read    0x0000000008002cd2       0x3a Core/Src/syscalls.o
                0x0000000008002cd2                _read
 .text._write   0x0000000008002d0c       0x38 Core/Src/syscalls.o
                0x0000000008002d0c                _write
 .text._close   0x0000000008002d44       0x16 Core/Src/syscalls.o
                0x0000000008002d44                _close
 .text._fstat   0x0000000008002d5a       0x1e Core/Src/syscalls.o
                0x0000000008002d5a                _fstat
 .text._isatty  0x0000000008002d78       0x14 Core/Src/syscalls.o
                0x0000000008002d78                _isatty
 .text._lseek   0x0000000008002d8c       0x18 Core/Src/syscalls.o
                0x0000000008002d8c                _lseek
 .text._sbrk    0x0000000008002da4       0x58 Core/Src/sysmem.o
                0x0000000008002da4                _sbrk
 .text.SystemInit
                0x0000000008002dfc       0x68 Core/Src/system_stm32f1xx.o
                0x0000000008002dfc                SystemInit
 .text.Reset_Handler
                0x0000000008002e64       0x48 Core/Startup/startup_stm32f103c8tx.o
                0x0000000008002e64                Reset_Handler
 .text.Default_Handler
                0x0000000008002eac        0x2 Core/Startup/startup_stm32f103c8tx.o
                0x0000000008002eac                RTC_Alarm_IRQHandler
                0x0000000008002eac                EXTI2_IRQHandler
                0x0000000008002eac                TIM1_CC_IRQHandler
                0x0000000008002eac                PVD_IRQHandler
                0x0000000008002eac                EXTI3_IRQHandler
                0x0000000008002eac                EXTI0_IRQHandler
                0x0000000008002eac                I2C2_EV_IRQHandler
                0x0000000008002eac                ADC1_2_IRQHandler
                0x0000000008002eac                SPI1_IRQHandler
                0x0000000008002eac                TAMPER_IRQHandler
                0x0000000008002eac                DMA1_Channel4_IRQHandler
                0x0000000008002eac                USART3_IRQHandler
                0x0000000008002eac                RTC_IRQHandler
                0x0000000008002eac                DMA1_Channel7_IRQHandler
                0x0000000008002eac                CAN1_RX1_IRQHandler
                0x0000000008002eac                TIM4_IRQHandler
                0x0000000008002eac                I2C1_EV_IRQHandler
                0x0000000008002eac                DMA1_Channel6_IRQHandler
                0x0000000008002eac                TIM3_IRQHandler
                0x0000000008002eac                RCC_IRQHandler
                0x0000000008002eac                TIM1_TRG_COM_IRQHandler
                0x0000000008002eac                DMA1_Channel1_IRQHandler
                0x0000000008002eac                Default_Handler
                0x0000000008002eac                EXTI15_10_IRQHandler
                0x0000000008002eac                EXTI9_5_IRQHandler
                0x0000000008002eac                SPI2_IRQHandler
                0x0000000008002eac                DMA1_Channel5_IRQHandler
                0x0000000008002eac                EXTI4_IRQHandler
                0x0000000008002eac                USB_LP_CAN1_RX0_IRQHandler
                0x0000000008002eac                USB_HP_CAN1_TX_IRQHandler
                0x0000000008002eac                DMA1_Channel3_IRQHandler
                0x0000000008002eac                TIM1_UP_IRQHandler
                0x0000000008002eac                WWDG_IRQHandler
                0x0000000008002eac                TIM2_IRQHandler
                0x0000000008002eac                TIM1_BRK_IRQHandler
                0x0000000008002eac                EXTI1_IRQHandler
                0x0000000008002eac                USART2_IRQHandler
                0x0000000008002eac                I2C2_ER_IRQHandler
                0x0000000008002eac                DMA1_Channel2_IRQHandler
                0x0000000008002eac                CAN1_SCE_IRQHandler
                0x0000000008002eac                FLASH_IRQHandler
                0x0000000008002eac                USART1_IRQHandler
                0x0000000008002eac                I2C1_ER_IRQHandler
                0x0000000008002eac                USBWakeUp_IRQHandler
 *fill*         0x0000000008002eae        0x2 
 .text.HAL_Init
                0x0000000008002eb0       0x2c Drivers/STM32F1xx_HAL_Driver/Src/stm32f1xx_hal.o
                0x0000000008002eb0                HAL_Init
 .text.__NVIC_SetPriorityGrouping
                0x0000000008002edc       0x48 Drivers/STM32F1xx_HAL_Driver/Src/stm32f1xx_hal_cortex.o
 .text.HAL_NVIC_SetPriorityGrouping
                0x0000000008002f24       0x16 Drivers/STM32F1xx_HAL_Driver/Src/stm32f1xx_hal_cortex.o
                0x0000000008002f24                HAL_NVIC_SetPriorityGrouping
 *fill*         0x0000000008002f3a        0x2 
 .text.HAL_GPIO_Init
                0x0000000008002f3c      0x308 Drivers/STM32F1xx_HAL_Driver/Src/stm32f1xx_hal_gpio.o
                0x0000000008002f3c                HAL_GPIO_Init
 .text.HAL_GPIO_ReadPin
                0x0000000008003244       0x2e Drivers/STM32F1xx_HAL_Driver/Src/stm32f1xx_hal_gpio.o
                0x0000000008003244                HAL_GPIO_ReadPin
 .text.HAL_GPIO_WritePin
                0x0000000008003272       0x30 Drivers/STM32F1xx_HAL_Driver/Src/stm32f1xx_hal_gpio.o
                0x0000000008003272                HAL_GPIO_WritePin
 .text.HAL_GPIO_TogglePin
                0x00000000080032a2       0x32 Drivers/STM32F1xx_HAL_Driver/Src/stm32f1xx_hal_gpio.o
                0x00000000080032a2                HAL_GPIO_TogglePin
 .text.HAL_RCC_OscConfig
                0x00000000080032d4      0x500 Drivers/STM32F1xx_HAL_Driver/Src/stm32f1xx_hal_rcc.o
                0x00000000080032d4                HAL_RCC_OscConfig
 .text.HAL_RCC_ClockConfig
                0x00000000080037d4      0x1d4 Drivers/STM32F1xx_HAL_Driver/Src/stm32f1xx_hal_rcc.o
                0x00000000080037d4                HAL_RCC_ClockConfig
 .text.HAL_RCC_GetSysClockFreq
                0x00000000080039a8       0xc0 Drivers/STM32F1xx_HAL_Driver/Src/stm32f1xx_hal_rcc.o
                0x00000000080039a8                HAL_RCC_GetSysClockFreq
 .text.HAL_RCC_GetHCLKFreq
                0x0000000008003a68       0x14 Drivers/STM32F1xx_HAL_Driver/Src/stm32f1xx_hal_rcc.o
                0x0000000008003a68                HAL_RCC_GetHCLKFreq
 .text.RCC_Delay
                0x0000000008003a7c       0x3c Drivers/STM32F1xx_HAL_Driver/Src/stm32f1xx_hal_rcc.o
 .text.HAL_TIM_Base_Init
                0x0000000008003ab8       0x9e Drivers/STM32F1xx_HAL_Driver/Src/stm32f1xx_hal_tim.o
                0x0000000008003ab8                HAL_TIM_Base_Init
 .text.HAL_TIM_PWM_Init
                0x0000000008003b56       0x9e Drivers/STM32F1xx_HAL_Driver/Src/stm32f1xx_hal_tim.o
                0x0000000008003b56                HAL_TIM_PWM_Init
 .text.HAL_TIM_PWM_MspInit
                0x0000000008003bf4       0x12 Drivers/STM32F1xx_HAL_Driver/Src/stm32f1xx_hal_tim.o
                0x0000000008003bf4                HAL_TIM_PWM_MspInit
 *fill*         0x0000000008003c06        0x2 
 .text.HAL_TIM_PWM_Start
                0x0000000008003c08      0x144 Drivers/STM32F1xx_HAL_Driver/Src/stm32f1xx_hal_tim.o
                0x0000000008003c08                HAL_TIM_PWM_Start
 .text.HAL_TIM_PWM_Stop
                0x0000000008003d4c       0xc8 Drivers/STM32F1xx_HAL_Driver/Src/stm32f1xx_hal_tim.o
                0x0000000008003d4c                HAL_TIM_PWM_Stop
 .text.HAL_TIM_PWM_ConfigChannel
                0x0000000008003e14      0x17c Drivers/STM32F1xx_HAL_Driver/Src/stm32f1xx_hal_tim.o
                0x0000000008003e14                HAL_TIM_PWM_ConfigChannel
 .text.HAL_TIM_ConfigClockSource
                0x0000000008003f90      0x188 Drivers/STM32F1xx_HAL_Driver/Src/stm32f1xx_hal_tim.o
                0x0000000008003f90                HAL_TIM_ConfigClockSource
 .text.TIM_Base_SetConfig
                0x0000000008004118       0xc4 Drivers/STM32F1xx_HAL_Driver/Src/stm32f1xx_hal_tim.o
                0x0000000008004118                TIM_Base_SetConfig
 .text.TIM_OC1_SetConfig
                0x00000000080041dc       0xcc Drivers/STM32F1xx_HAL_Driver/Src/stm32f1xx_hal_tim.o
 .text.TIM_OC2_SetConfig
                0x00000000080042a8       0xd4 Drivers/STM32F1xx_HAL_Driver/Src/stm32f1xx_hal_tim.o
                0x00000000080042a8                TIM_OC2_SetConfig
 .text.TIM_OC3_SetConfig
                0x000000000800437c       0xd4 Drivers/STM32F1xx_HAL_Driver/Src/stm32f1xx_hal_tim.o
 .text.TIM_OC4_SetConfig
                0x0000000008004450       0x9c Drivers/STM32F1xx_HAL_Driver/Src/stm32f1xx_hal_tim.o
 .text.TIM_TI1_ConfigInputStage
                0x00000000080044ec       0x5c Drivers/STM32F1xx_HAL_Driver/Src/stm32f1xx_hal_tim.o
 .text.TIM_TI2_ConfigInputStage
                0x0000000008004548       0x5e Drivers/STM32F1xx_HAL_Driver/Src/stm32f1xx_hal_tim.o
 .text.TIM_ITRx_SetConfig
                0x00000000080045a6       0x34 Drivers/STM32F1xx_HAL_Driver/Src/stm32f1xx_hal_tim.o
 .text.TIM_ETR_SetConfig
                0x00000000080045da       0x3e Drivers/STM32F1xx_HAL_Driver/Src/stm32f1xx_hal_tim.o
                0x00000000080045da                TIM_ETR_SetConfig
 .text.TIM_CCxChannelCmd
                0x0000000008004618       0x48 Drivers/STM32F1xx_HAL_Driver/Src/stm32f1xx_hal_tim.o
                0x0000000008004618                TIM_CCxChannelCmd
 .text.HAL_TIMEx_MasterConfigSynchronization
                0x0000000008004660       0xbc Drivers/STM32F1xx_HAL_Driver/Src/stm32f1xx_hal_tim_ex.o
                0x0000000008004660                HAL_TIMEx_MasterConfigSynchronization
 .text.CPU_IntSrcPrioSet
                0x000000000800471c      0x278 Micrium/Software/uC-CPU/ARM-Cortex-M/ARMv7-M/cpu_c.o
                0x000000000800471c                CPU_IntSrcPrioSet
 .text.CPU_SW_Exception
                0x0000000008004994        0x6 Micrium/Software/uC-CPU/cpu_core.o
                0x0000000008004994                CPU_SW_Exception
 *fill*         0x000000000800499a        0x2 
 .text.OSDebugInit
                0x000000000800499c      0x1d8 Micrium/Software/uCOS-II/Ports/ARM-Cortex-M/ARMv7-M/GNU/os_dbg.o
                0x000000000800499c                OSDebugInit
 .text.OSInitHookBegin
                0x0000000008004b74       0x68 Micrium/Software/uCOS-II/Ports/ARM-Cortex-M/ARMv7-M/os_cpu_c.o
                0x0000000008004b74                OSInitHookBegin
 .text.OSInitHookEnd
                0x0000000008004bdc        0xc Micrium/Software/uCOS-II/Ports/ARM-Cortex-M/ARMv7-M/os_cpu_c.o
                0x0000000008004bdc                OSInitHookEnd
 .text.OSTaskCreateHook
                0x0000000008004be8       0x16 Micrium/Software/uCOS-II/Ports/ARM-Cortex-M/ARMv7-M/os_cpu_c.o
                0x0000000008004be8                OSTaskCreateHook
 .text.OSTaskDelHook
                0x0000000008004bfe       0x16 Micrium/Software/uCOS-II/Ports/ARM-Cortex-M/ARMv7-M/os_cpu_c.o
                0x0000000008004bfe                OSTaskDelHook
 .text.OSTaskIdleHook
                0x0000000008004c14        0xc Micrium/Software/uCOS-II/Ports/ARM-Cortex-M/ARMv7-M/os_cpu_c.o
                0x0000000008004c14                OSTaskIdleHook
 .text.OSTaskReturnHook
                0x0000000008004c20       0x16 Micrium/Software/uCOS-II/Ports/ARM-Cortex-M/ARMv7-M/os_cpu_c.o
                0x0000000008004c20                OSTaskReturnHook
 .text.OSTaskStatHook
                0x0000000008004c36        0xc Micrium/Software/uCOS-II/Ports/ARM-Cortex-M/ARMv7-M/os_cpu_c.o
                0x0000000008004c36                OSTaskStatHook
 *fill*         0x0000000008004c42        0x2 
 .text.OSTaskStkInit
                0x0000000008004c44      0x114 Micrium/Software/uCOS-II/Ports/ARM-Cortex-M/ARMv7-M/os_cpu_c.o
                0x0000000008004c44                OSTaskStkInit
 .text.OSTaskSwHook
                0x0000000008004d58        0xc Micrium/Software/uCOS-II/Ports/ARM-Cortex-M/ARMv7-M/os_cpu_c.o
                0x0000000008004d58                OSTaskSwHook
 .text.OSTCBInitHook
                0x0000000008004d64       0x16 Micrium/Software/uCOS-II/Ports/ARM-Cortex-M/ARMv7-M/os_cpu_c.o
                0x0000000008004d64                OSTCBInitHook
 *fill*         0x0000000008004d7a        0x2 
 .text.OSTimeTickHook
                0x0000000008004d7c       0x30 Micrium/Software/uCOS-II/Ports/ARM-Cortex-M/ARMv7-M/os_cpu_c.o
                0x0000000008004d7c                OSTimeTickHook
 .text.OS_CPU_SysTickHandler
                0x0000000008004dac       0x28 Micrium/Software/uCOS-II/Ports/ARM-Cortex-M/ARMv7-M/os_cpu_c.o
                0x0000000008004dac                OS_CPU_SysTickHandler
 .text.OS_CPU_SysTickInitFreq
                0x0000000008004dd4       0x28 Micrium/Software/uCOS-II/Ports/ARM-Cortex-M/ARMv7-M/os_cpu_c.o
                0x0000000008004dd4                OS_CPU_SysTickInitFreq
 .text.OS_CPU_SysTickInit
                0x0000000008004dfc       0x60 Micrium/Software/uCOS-II/Ports/ARM-Cortex-M/ARMv7-M/os_cpu_c.o
                0x0000000008004dfc                OS_CPU_SysTickInit
 .text.OSEventNameSet
                0x0000000008004e5c       0x74 Micrium/Software/uCOS-II/Source/os_core.o
                0x0000000008004e5c                OSEventNameSet
 .text.OSInit   0x0000000008004ed0       0x3c Micrium/Software/uCOS-II/Source/os_core.o
                0x0000000008004ed0                OSInit
 .text.OSIntEnter
                0x0000000008004f0c       0x30 Micrium/Software/uCOS-II/Source/os_core.o
                0x0000000008004f0c                OSIntEnter
 .text.OSIntExit
                0x0000000008004f3c       0xa4 Micrium/Software/uCOS-II/Source/os_core.o
                0x0000000008004f3c                OSIntExit
 .text.OSSchedLock
                0x0000000008004fe0       0x50 Micrium/Software/uCOS-II/Source/os_core.o
                0x0000000008004fe0                OSSchedLock
 .text.OSSchedUnlock
                0x0000000008005030       0x74 Micrium/Software/uCOS-II/Source/os_core.o
                0x0000000008005030                OSSchedUnlock
 .text.OSStart  0x00000000080050a4       0x50 Micrium/Software/uCOS-II/Source/os_core.o
                0x00000000080050a4                OSStart
 .text.OSStatInit
                0x00000000080050f4       0x5c Micrium/Software/uCOS-II/Source/os_core.o
                0x00000000080050f4                OSStatInit
 .text.OSTimeTick
                0x0000000008005150      0x144 Micrium/Software/uCOS-II/Source/os_core.o
                0x0000000008005150                OSTimeTick
 .text.OS_Dummy
                0x0000000008005294        0xc Micrium/Software/uCOS-II/Source/os_core.o
                0x0000000008005294                OS_Dummy
 .text.OS_EventTaskRdy
                0x00000000080052a0       0xe4 Micrium/Software/uCOS-II/Source/os_core.o
                0x00000000080052a0                OS_EventTaskRdy
 .text.OS_EventTaskWait
                0x0000000008005384       0xac Micrium/Software/uCOS-II/Source/os_core.o
                0x0000000008005384                OS_EventTaskWait
 .text.OS_EventTaskRemove
                0x0000000008005430       0x64 Micrium/Software/uCOS-II/Source/os_core.o
                0x0000000008005430                OS_EventTaskRemove
 .text.OS_EventTaskRemoveMulti
                0x0000000008005494       0x86 Micrium/Software/uCOS-II/Source/os_core.o
                0x0000000008005494                OS_EventTaskRemoveMulti
 .text.OS_EventWaitListInit
                0x000000000800551a       0x36 Micrium/Software/uCOS-II/Source/os_core.o
                0x000000000800551a                OS_EventWaitListInit
 .text.OS_InitEventList
                0x0000000008005550       0x94 Micrium/Software/uCOS-II/Source/os_core.o
 .text.OS_InitMisc
                0x00000000080055e4       0x7c Micrium/Software/uCOS-II/Source/os_core.o
 .text.OS_InitRdyList
                0x0000000008005660       0x60 Micrium/Software/uCOS-II/Source/os_core.o
 .text.OS_InitTaskIdle
                0x00000000080056c0       0x4c Micrium/Software/uCOS-II/Source/os_core.o
 .text.OS_InitTaskStat
                0x000000000800570c       0x4c Micrium/Software/uCOS-II/Source/os_core.o
 .text.OS_InitTCBList
                0x0000000008005758       0x9c Micrium/Software/uCOS-II/Source/os_core.o
 .text.OS_MemClr
                0x00000000080057f4       0x30 Micrium/Software/uCOS-II/Source/os_core.o
                0x00000000080057f4                OS_MemClr
 .text.OS_Sched
                0x0000000008005824       0x84 Micrium/Software/uCOS-II/Source/os_core.o
                0x0000000008005824                OS_Sched
 .text.OS_SchedNew
                0x00000000080058a8       0x48 Micrium/Software/uCOS-II/Source/os_core.o
 .text.OS_TaskIdle
                0x00000000080058f0       0x30 Micrium/Software/uCOS-II/Source/os_core.o
                0x00000000080058f0                OS_TaskIdle
 .text.OS_TaskStat
                0x0000000008005920       0xf0 Micrium/Software/uCOS-II/Source/os_core.o
                0x0000000008005920                OS_TaskStat
 .text.OS_TaskStatStkChk
                0x0000000008005a10       0x68 Micrium/Software/uCOS-II/Source/os_core.o
                0x0000000008005a10                OS_TaskStatStkChk
 .text.OS_TCBInit
                0x0000000008005a78      0x1e8 Micrium/Software/uCOS-II/Source/os_core.o
                0x0000000008005a78                OS_TCBInit
 .text.OS_FlagInit
                0x0000000008005c60       0x84 Micrium/Software/uCOS-II/Source/os_flag.o
                0x0000000008005c60                OS_FlagInit
 .text.OS_FlagUnlink
                0x0000000008005ce4       0x5c Micrium/Software/uCOS-II/Source/os_flag.o
                0x0000000008005ce4                OS_FlagUnlink
 .text.OS_MemInit
                0x0000000008005d40       0x80 Micrium/Software/uCOS-II/Source/os_mem.o
                0x0000000008005d40                OS_MemInit
 .text.OS_QInit
                0x0000000008005dc0       0x78 Micrium/Software/uCOS-II/Source/os_q.o
                0x0000000008005dc0                OS_QInit
 .text.OSSemCreate
                0x0000000008005e38       0x7c Micrium/Software/uCOS-II/Source/os_sem.o
                0x0000000008005e38                OSSemCreate
 .text.OSSemPend
                0x0000000008005eb4      0x12c Micrium/Software/uCOS-II/Source/os_sem.o
                0x0000000008005eb4                OSSemPend
 .text.OSSemPost
                0x0000000008005fe0       0x7e Micrium/Software/uCOS-II/Source/os_sem.o
                0x0000000008005fe0                OSSemPost
 *fill*         0x000000000800605e        0x2 
 .text.OSTaskCreateExt
                0x0000000008006060       0xd8 Micrium/Software/uCOS-II/Source/os_task.o
                0x0000000008006060                OSTaskCreateExt
 .text.OSTaskDel
                0x0000000008006138      0x1f0 Micrium/Software/uCOS-II/Source/os_task.o
                0x0000000008006138                OSTaskDel
 .text.OSTaskNameSet
                0x0000000008006328       0xb4 Micrium/Software/uCOS-II/Source/os_task.o
                0x0000000008006328                OSTaskNameSet
 .text.OSTaskResume
                0x00000000080063dc       0xf8 Micrium/Software/uCOS-II/Source/os_task.o
                0x00000000080063dc                OSTaskResume
 .text.OSTaskStkChk
                0x00000000080064d4       0xdc Micrium/Software/uCOS-II/Source/os_task.o
                0x00000000080064d4                OSTaskStkChk
 .text.OSTaskSuspend
                0x00000000080065b0      0x108 Micrium/Software/uCOS-II/Source/os_task.o
                0x00000000080065b0                OSTaskSuspend
 .text.OS_TaskReturn
                0x00000000080066b8       0x1c Micrium/Software/uCOS-II/Source/os_task.o
                0x00000000080066b8                OS_TaskReturn
 .text.OS_TaskStkClr
                0x00000000080066d4       0x44 Micrium/Software/uCOS-II/Source/os_task.o
                0x00000000080066d4                OS_TaskStkClr
 .text.OSTimeDly
                0x0000000008006718       0xa8 Micrium/Software/uCOS-II/Source/os_time.o
                0x0000000008006718                OSTimeDly
 .text.OSTimeDlyHMSM
                0x00000000080067c0       0xc8 Micrium/Software/uCOS-II/Source/os_time.o
                0x00000000080067c0                OSTimeDlyHMSM
 .text.OSTimeDlyResume
                0x0000000008006888       0xfc Micrium/Software/uCOS-II/Source/os_time.o
                0x0000000008006888                OSTimeDlyResume
 .text.OSTimeGet
                0x0000000008006984       0x2c Micrium/Software/uCOS-II/Source/os_time.o
                0x0000000008006984                OSTimeGet
 .text.OSTmrSignal
                0x00000000080069b0       0x24 Micrium/Software/uCOS-II/Source/os_tmr.o
                0x00000000080069b0                OSTmrSignal
 .text.OSTmr_Init
                0x00000000080069d4      0x118 Micrium/Software/uCOS-II/Source/os_tmr.o
                0x00000000080069d4                OSTmr_Init
 .text.OSTmr_InitTask
                0x0000000008006aec       0x4c Micrium/Software/uCOS-II/Source/os_tmr.o
 .text.OSTmr_Link
                0x0000000008006b38       0xd4 Micrium/Software/uCOS-II/Source/os_tmr.o
 .text.OSTmr_Unlink
                0x0000000008006c0c       0xa4 Micrium/Software/uCOS-II/Source/os_tmr.o
 .text.OSTmr_Task
                0x0000000008006cb0       0xc4 Micrium/Software/uCOS-II/Source/os_tmr.o
 .text.App_TaskCreateHook
                0x0000000008006d74       0x12 Micrium/Template/OS2/app_hooks.o
                0x0000000008006d74                App_TaskCreateHook
 .text.App_TaskDelHook
                0x0000000008006d86       0x12 Micrium/Template/OS2/app_hooks.o
                0x0000000008006d86                App_TaskDelHook
 .text.App_TaskIdleHook
                0x0000000008006d98        0xc Micrium/Template/OS2/app_hooks.o
                0x0000000008006d98                App_TaskIdleHook
 .text.App_TaskStatHook
                0x0000000008006da4        0xc Micrium/Template/OS2/app_hooks.o
                0x0000000008006da4                App_TaskStatHook
 .text.App_TaskReturnHook
                0x0000000008006db0       0x12 Micrium/Template/OS2/app_hooks.o
                0x0000000008006db0                App_TaskReturnHook
 .text.App_TaskSwHook
                0x0000000008006dc2        0xc Micrium/Template/OS2/app_hooks.o
                0x0000000008006dc2                App_TaskSwHook
 .text.App_TCBInitHook
                0x0000000008006dce       0x12 Micrium/Template/OS2/app_hooks.o
                0x0000000008006dce                App_TCBInitHook
 .text.App_TimeTickHook
                0x0000000008006de0        0xc Micrium/Template/OS2/app_hooks.o
                0x0000000008006de0                App_TimeTickHook
 .text.__errno  0x0000000008006dec        0xc c:/st/stm32cubeide_1.6.1/stm32cubeide/plugins/com.st.stm32cube.ide.mcu.externaltools.gnu-tools-for-stm32.9-2020-q2-update.win32_1.5.0.202011040924/tools/bin/../lib/gcc/arm-none-eabi/9.3.1/../../../../arm-none-eabi/lib/thumb/v7-m/nofp\libc_nano.a(lib_a-errno.o)
                0x0000000008006dec                __errno
 .text.__libc_init_array
                0x0000000008006df8       0x48 c:/st/stm32cubeide_1.6.1/stm32cubeide/plugins/com.st.stm32cube.ide.mcu.externaltools.gnu-tools-for-stm32.9-2020-q2-update.win32_1.5.0.202011040924/tools/bin/../lib/gcc/arm-none-eabi/9.3.1/../../../../arm-none-eabi/lib/thumb/v7-m/nofp\libc_nano.a(lib_a-init.o)
                0x0000000008006df8                __libc_init_array
 .text.memset   0x0000000008006e40       0x10 c:/st/stm32cubeide_1.6.1/stm32cubeide/plugins/com.st.stm32cube.ide.mcu.externaltools.gnu-tools-for-stm32.9-2020-q2-update.win32_1.5.0.202011040924/tools/bin/../lib/gcc/arm-none-eabi/9.3.1/../../../../arm-none-eabi/lib/thumb/v7-m/nofp\libc_nano.a(lib_a-memset.o)
                0x0000000008006e40                memset
 .text.__cvt    0x0000000008006e50       0xbe c:/st/stm32cubeide_1.6.1/stm32cubeide/plugins/com.st.stm32cube.ide.mcu.externaltools.gnu-tools-for-stm32.9-2020-q2-update.win32_1.5.0.202011040924/tools/bin/../lib/gcc/arm-none-eabi/9.3.1/../../../../arm-none-eabi/lib/thumb/v7-m/nofp\libc_nano.a(lib_a-nano-vfprintf_float.o)
                0x0000000008006e50                __cvt
 .text.__exponent
                0x0000000008006f0e       0x7c c:/st/stm32cubeide_1.6.1/stm32cubeide/plugins/com.st.stm32cube.ide.mcu.externaltools.gnu-tools-for-stm32.9-2020-q2-update.win32_1.5.0.202011040924/tools/bin/../lib/gcc/arm-none-eabi/9.3.1/../../../../arm-none-eabi/lib/thumb/v7-m/nofp\libc_nano.a(lib_a-nano-vfprintf_float.o)
                0x0000000008006f0e                __exponent
 *fill*         0x0000000008006f8a        0x2 
 .text._printf_float
                0x0000000008006f8c      0x458 c:/st/stm32cubeide_1.6.1/stm32cubeide/plugins/com.st.stm32cube.ide.mcu.externaltools.gnu-tools-for-stm32.9-2020-q2-update.win32_1.5.0.202011040924/tools/bin/../lib/gcc/arm-none-eabi/9.3.1/../../../../arm-none-eabi/lib/thumb/v7-m/nofp\libc_nano.a(lib_a-nano-vfprintf_float.o)
                0x0000000008006f8c                _printf_float
 .text._printf_common
                0x00000000080073e4       0xde c:/st/stm32cubeide_1.6.1/stm32cubeide/plugins/com.st.stm32cube.ide.mcu.externaltools.gnu-tools-for-stm32.9-2020-q2-update.win32_1.5.0.202011040924/tools/bin/../lib/gcc/arm-none-eabi/9.3.1/../../../../arm-none-eabi/lib/thumb/v7-m/nofp\libc_nano.a(lib_a-nano-vfprintf_i.o)
                0x00000000080073e4                _printf_common
 *fill*         0x00000000080074c2        0x2 
 .text._printf_i
                0x00000000080074c4      0x24c c:/st/stm32cubeide_1.6.1/stm32cubeide/plugins/com.st.stm32cube.ide.mcu.externaltools.gnu-tools-for-stm32.9-2020-q2-update.win32_1.5.0.202011040924/tools/bin/../lib/gcc/arm-none-eabi/9.3.1/../../../../arm-none-eabi/lib/thumb/v7-m/nofp\libc_nano.a(lib_a-nano-vfprintf_i.o)
                0x00000000080074c4                _printf_i
 .text.sprintf  0x0000000008007710       0x40 c:/st/stm32cubeide_1.6.1/stm32cubeide/plugins/com.st.stm32cube.ide.mcu.externaltools.gnu-tools-for-stm32.9-2020-q2-update.win32_1.5.0.202011040924/tools/bin/../lib/gcc/arm-none-eabi/9.3.1/../../../../arm-none-eabi/lib/thumb/v7-m/nofp\libc_nano.a(lib_a-sprintf.o)
                0x0000000008007710                siprintf
                0x0000000008007710                sprintf
 .text.quorem   0x0000000008007750      0x11a c:/st/stm32cubeide_1.6.1/stm32cubeide/plugins/com.st.stm32cube.ide.mcu.externaltools.gnu-tools-for-stm32.9-2020-q2-update.win32_1.5.0.202011040924/tools/bin/../lib/gcc/arm-none-eabi/9.3.1/../../../../arm-none-eabi/lib/thumb/v7-m/nofp\libc_nano.a(lib_a-dtoa.o)
 *fill*         0x000000000800786a        0x6 
 .text._dtoa_r  0x0000000008007870      0xbdc c:/st/stm32cubeide_1.6.1/stm32cubeide/plugins/com.st.stm32cube.ide.mcu.externaltools.gnu-tools-for-stm32.9-2020-q2-update.win32_1.5.0.202011040924/tools/bin/../lib/gcc/arm-none-eabi/9.3.1/../../../../arm-none-eabi/lib/thumb/v7-m/nofp\libc_nano.a(lib_a-dtoa.o)
                0x0000000008007870                _dtoa_r
 .text._localeconv_r
                0x000000000800844c        0x8 c:/st/stm32cubeide_1.6.1/stm32cubeide/plugins/com.st.stm32cube.ide.mcu.externaltools.gnu-tools-for-stm32.9-2020-q2-update.win32_1.5.0.202011040924/tools/bin/../lib/gcc/arm-none-eabi/9.3.1/../../../../arm-none-eabi/lib/thumb/v7-m/nofp\libc_nano.a(lib_a-localeconv.o)
                0x000000000800844c                _localeconv_r
 .text.malloc   0x0000000008008454       0x10 c:/st/stm32cubeide_1.6.1/stm32cubeide/plugins/com.st.stm32cube.ide.mcu.externaltools.gnu-tools-for-stm32.9-2020-q2-update.win32_1.5.0.202011040924/tools/bin/../lib/gcc/arm-none-eabi/9.3.1/../../../../arm-none-eabi/lib/thumb/v7-m/nofp\libc_nano.a(lib_a-malloc.o)
                0x0000000008008454                malloc
 .text.memchr   0x0000000008008464       0x1c c:/st/stm32cubeide_1.6.1/stm32cubeide/plugins/com.st.stm32cube.ide.mcu.externaltools.gnu-tools-for-stm32.9-2020-q2-update.win32_1.5.0.202011040924/tools/bin/../lib/gcc/arm-none-eabi/9.3.1/../../../../arm-none-eabi/lib/thumb/v7-m/nofp\libc_nano.a(lib_a-memchr-stub.o)
                0x0000000008008464                memchr
 .text.memcpy   0x0000000008008480       0x1c c:/st/stm32cubeide_1.6.1/stm32cubeide/plugins/com.st.stm32cube.ide.mcu.externaltools.gnu-tools-for-stm32.9-2020-q2-update.win32_1.5.0.202011040924/tools/bin/../lib/gcc/arm-none-eabi/9.3.1/../../../../arm-none-eabi/lib/thumb/v7-m/nofp\libc_nano.a(lib_a-memcpy-stub.o)
                0x0000000008008480                memcpy
 .text._Balloc  0x000000000800849c       0x80 c:/st/stm32cubeide_1.6.1/stm32cubeide/plugins/com.st.stm32cube.ide.mcu.externaltools.gnu-tools-for-stm32.9-2020-q2-update.win32_1.5.0.202011040924/tools/bin/../lib/gcc/arm-none-eabi/9.3.1/../../../../arm-none-eabi/lib/thumb/v7-m/nofp\libc_nano.a(lib_a-mprec.o)
                0x000000000800849c                _Balloc
 .text._Bfree   0x000000000800851c       0x44 c:/st/stm32cubeide_1.6.1/stm32cubeide/plugins/com.st.stm32cube.ide.mcu.externaltools.gnu-tools-for-stm32.9-2020-q2-update.win32_1.5.0.202011040924/tools/bin/../lib/gcc/arm-none-eabi/9.3.1/../../../../arm-none-eabi/lib/thumb/v7-m/nofp\libc_nano.a(lib_a-mprec.o)
                0x000000000800851c                _Bfree
 .text.__multadd
                0x0000000008008560       0x94 c:/st/stm32cubeide_1.6.1/stm32cubeide/plugins/com.st.stm32cube.ide.mcu.externaltools.gnu-tools-for-stm32.9-2020-q2-update.win32_1.5.0.202011040924/tools/bin/../lib/gcc/arm-none-eabi/9.3.1/../../../../arm-none-eabi/lib/thumb/v7-m/nofp\libc_nano.a(lib_a-mprec.o)
                0x0000000008008560                __multadd
 .text.__hi0bits
                0x00000000080085f4       0x40 c:/st/stm32cubeide_1.6.1/stm32cubeide/plugins/com.st.stm32cube.ide.mcu.externaltools.gnu-tools-for-stm32.9-2020-q2-update.win32_1.5.0.202011040924/tools/bin/../lib/gcc/arm-none-eabi/9.3.1/../../../../arm-none-eabi/lib/thumb/v7-m/nofp\libc_nano.a(lib_a-mprec.o)
                0x00000000080085f4                __hi0bits
 .text.__lo0bits
                0x0000000008008634       0x5c c:/st/stm32cubeide_1.6.1/stm32cubeide/plugins/com.st.stm32cube.ide.mcu.externaltools.gnu-tools-for-stm32.9-2020-q2-update.win32_1.5.0.202011040924/tools/bin/../lib/gcc/arm-none-eabi/9.3.1/../../../../arm-none-eabi/lib/thumb/v7-m/nofp\libc_nano.a(lib_a-mprec.o)
                0x0000000008008634                __lo0bits
 .text.__i2b    0x0000000008008690       0x2c c:/st/stm32cubeide_1.6.1/stm32cubeide/plugins/com.st.stm32cube.ide.mcu.externaltools.gnu-tools-for-stm32.9-2020-q2-update.win32_1.5.0.202011040924/tools/bin/../lib/gcc/arm-none-eabi/9.3.1/../../../../arm-none-eabi/lib/thumb/v7-m/nofp\libc_nano.a(lib_a-mprec.o)
                0x0000000008008690                __i2b
 .text.__multiply
                0x00000000080086bc      0x148 c:/st/stm32cubeide_1.6.1/stm32cubeide/plugins/com.st.stm32cube.ide.mcu.externaltools.gnu-tools-for-stm32.9-2020-q2-update.win32_1.5.0.202011040924/tools/bin/../lib/gcc/arm-none-eabi/9.3.1/../../../../arm-none-eabi/lib/thumb/v7-m/nofp\libc_nano.a(lib_a-mprec.o)
                0x00000000080086bc                __multiply
 .text.__pow5mult
                0x0000000008008804       0xb4 c:/st/stm32cubeide_1.6.1/stm32cubeide/plugins/com.st.stm32cube.ide.mcu.externaltools.gnu-tools-for-stm32.9-2020-q2-update.win32_1.5.0.202011040924/tools/bin/../lib/gcc/arm-none-eabi/9.3.1/../../../../arm-none-eabi/lib/thumb/v7-m/nofp\libc_nano.a(lib_a-mprec.o)
                0x0000000008008804                __pow5mult
 .text.__lshift
                0x00000000080088b8       0xd8 c:/st/stm32cubeide_1.6.1/stm32cubeide/plugins/com.st.stm32cube.ide.mcu.externaltools.gnu-tools-for-stm32.9-2020-q2-update.win32_1.5.0.202011040924/tools/bin/../lib/gcc/arm-none-eabi/9.3.1/../../../../arm-none-eabi/lib/thumb/v7-m/nofp\libc_nano.a(lib_a-mprec.o)
                0x00000000080088b8                __lshift
 .text.__mcmp   0x0000000008008990       0x36 c:/st/stm32cubeide_1.6.1/stm32cubeide/plugins/com.st.stm32cube.ide.mcu.externaltools.gnu-tools-for-stm32.9-2020-q2-update.win32_1.5.0.202011040924/tools/bin/../lib/gcc/arm-none-eabi/9.3.1/../../../../arm-none-eabi/lib/thumb/v7-m/nofp\libc_nano.a(lib_a-mprec.o)
                0x0000000008008990                __mcmp
 *fill*         0x00000000080089c6        0x2 
 .text.__mdiff  0x00000000080089c8      0x120 c:/st/stm32cubeide_1.6.1/stm32cubeide/plugins/com.st.stm32cube.ide.mcu.externaltools.gnu-tools-for-stm32.9-2020-q2-update.win32_1.5.0.202011040924/tools/bin/../lib/gcc/arm-none-eabi/9.3.1/../../../../arm-none-eabi/lib/thumb/v7-m/nofp\libc_nano.a(lib_a-mprec.o)
                0x00000000080089c8                __mdiff
 .text.__d2b    0x0000000008008ae8       0xb8 c:/st/stm32cubeide_1.6.1/stm32cubeide/plugins/com.st.stm32cube.ide.mcu.externaltools.gnu-tools-for-stm32.9-2020-q2-update.win32_1.5.0.202011040924/tools/bin/../lib/gcc/arm-none-eabi/9.3.1/../../../../arm-none-eabi/lib/thumb/v7-m/nofp\libc_nano.a(lib_a-mprec.o)
                0x0000000008008ae8                __d2b
 .text._calloc_r
                0x0000000008008ba0       0x1c c:/st/stm32cubeide_1.6.1/stm32cubeide/plugins/com.st.stm32cube.ide.mcu.externaltools.gnu-tools-for-stm32.9-2020-q2-update.win32_1.5.0.202011040924/tools/bin/../lib/gcc/arm-none-eabi/9.3.1/../../../../arm-none-eabi/lib/thumb/v7-m/nofp\libc_nano.a(lib_a-nano-callocr.o)
                0x0000000008008ba0                _calloc_r
 .text._free_r  0x0000000008008bbc       0x98 c:/st/stm32cubeide_1.6.1/stm32cubeide/plugins/com.st.stm32cube.ide.mcu.externaltools.gnu-tools-for-stm32.9-2020-q2-update.win32_1.5.0.202011040924/tools/bin/../lib/gcc/arm-none-eabi/9.3.1/../../../../arm-none-eabi/lib/thumb/v7-m/nofp\libc_nano.a(lib_a-nano-freer.o)
                0x0000000008008bbc                _free_r
 .text._malloc_r
                0x0000000008008c54       0xb4 c:/st/stm32cubeide_1.6.1/stm32cubeide/plugins/com.st.stm32cube.ide.mcu.externaltools.gnu-tools-for-stm32.9-2020-q2-update.win32_1.5.0.202011040924/tools/bin/../lib/gcc/arm-none-eabi/9.3.1/../../../../arm-none-eabi/lib/thumb/v7-m/nofp\libc_nano.a(lib_a-nano-mallocr.o)
                0x0000000008008c54                _malloc_r
 .text.__ssputs_r
                0x0000000008008d08       0xb6 c:/st/stm32cubeide_1.6.1/stm32cubeide/plugins/com.st.stm32cube.ide.mcu.externaltools.gnu-tools-for-stm32.9-2020-q2-update.win32_1.5.0.202011040924/tools/bin/../lib/gcc/arm-none-eabi/9.3.1/../../../../arm-none-eabi/lib/thumb/v7-m/nofp\libc_nano.a(lib_a-nano-svfprintf.o)
                0x0000000008008d08                __ssputs_r
 *fill*         0x0000000008008dbe        0x2 
 .text._svfprintf_r
                0x0000000008008dc0      0x200 c:/st/stm32cubeide_1.6.1/stm32cubeide/plugins/com.st.stm32cube.ide.mcu.externaltools.gnu-tools-for-stm32.9-2020-q2-update.win32_1.5.0.202011040924/tools/bin/../lib/gcc/arm-none-eabi/9.3.1/../../../../arm-none-eabi/lib/thumb/v7-m/nofp\libc_nano.a(lib_a-nano-svfprintf.o)
                0x0000000008008dc0                _svfiprintf_r
                0x0000000008008dc0                _svfprintf_r
 .text._sbrk_r  0x0000000008008fc0       0x20 c:/st/stm32cubeide_1.6.1/stm32cubeide/plugins/com.st.stm32cube.ide.mcu.externaltools.gnu-tools-for-stm32.9-2020-q2-update.win32_1.5.0.202011040924/tools/bin/../lib/gcc/arm-none-eabi/9.3.1/../../../../arm-none-eabi/lib/thumb/v7-m/nofp\libc_nano.a(lib_a-sbrkr.o)
                0x0000000008008fc0                _sbrk_r
 .text.__assert_func
                0x0000000008008fe0       0x3c c:/st/stm32cubeide_1.6.1/stm32cubeide/plugins/com.st.stm32cube.ide.mcu.externaltools.gnu-tools-for-stm32.9-2020-q2-update.win32_1.5.0.202011040924/tools/bin/../lib/gcc/arm-none-eabi/9.3.1/../../../../arm-none-eabi/lib/thumb/v7-m/nofp\libc_nano.a(lib_a-assert.o)
                0x0000000008008fe0                __assert_func
 .text.fprintf  0x000000000800901c       0x24 c:/st/stm32cubeide_1.6.1/stm32cubeide/plugins/com.st.stm32cube.ide.mcu.externaltools.gnu-tools-for-stm32.9-2020-q2-update.win32_1.5.0.202011040924/tools/bin/../lib/gcc/arm-none-eabi/9.3.1/../../../../arm-none-eabi/lib/thumb/v7-m/nofp\libc_nano.a(lib_a-fprintf.o)
                0x000000000800901c                fiprintf
                0x000000000800901c                fprintf
 .text.__ascii_mbtowc
                0x0000000008009040       0x24 c:/st/stm32cubeide_1.6.1/stm32cubeide/plugins/com.st.stm32cube.ide.mcu.externaltools.gnu-tools-for-stm32.9-2020-q2-update.win32_1.5.0.202011040924/tools/bin/../lib/gcc/arm-none-eabi/9.3.1/../../../../arm-none-eabi/lib/thumb/v7-m/nofp\libc_nano.a(lib_a-mbtowc_r.o)
                0x0000000008009040                __ascii_mbtowc
 .text.memmove  0x0000000008009064       0x34 c:/st/stm32cubeide_1.6.1/stm32cubeide/plugins/com.st.stm32cube.ide.mcu.externaltools.gnu-tools-for-stm32.9-2020-q2-update.win32_1.5.0.202011040924/tools/bin/../lib/gcc/arm-none-eabi/9.3.1/../../../../arm-none-eabi/lib/thumb/v7-m/nofp\libc_nano.a(lib_a-memmove.o)
                0x0000000008009064                memmove
 .text.__malloc_lock
                0x0000000008009098        0xc c:/st/stm32cubeide_1.6.1/stm32cubeide/plugins/com.st.stm32cube.ide.mcu.externaltools.gnu-tools-for-stm32.9-2020-q2-update.win32_1.5.0.202011040924/tools/bin/../lib/gcc/arm-none-eabi/9.3.1/../../../../arm-none-eabi/lib/thumb/v7-m/nofp\libc_nano.a(lib_a-mlock.o)
                0x0000000008009098                __malloc_lock
 .text.__malloc_unlock
                0x00000000080090a4        0xc c:/st/stm32cubeide_1.6.1/stm32cubeide/plugins/com.st.stm32cube.ide.mcu.externaltools.gnu-tools-for-stm32.9-2020-q2-update.win32_1.5.0.202011040924/tools/bin/../lib/gcc/arm-none-eabi/9.3.1/../../../../arm-none-eabi/lib/thumb/v7-m/nofp\libc_nano.a(lib_a-mlock.o)
                0x00000000080090a4                __malloc_unlock
 .text._realloc_r
                0x00000000080090b0       0x4c c:/st/stm32cubeide_1.6.1/stm32cubeide/plugins/com.st.stm32cube.ide.mcu.externaltools.gnu-tools-for-stm32.9-2020-q2-update.win32_1.5.0.202011040924/tools/bin/../lib/gcc/arm-none-eabi/9.3.1/../../../../arm-none-eabi/lib/thumb/v7-m/nofp\libc_nano.a(lib_a-nano-reallocr.o)
                0x00000000080090b0                _realloc_r
 .text.__sfputc_r
                0x00000000080090fc       0x2a c:/st/stm32cubeide_1.6.1/stm32cubeide/plugins/com.st.stm32cube.ide.mcu.externaltools.gnu-tools-for-stm32.9-2020-q2-update.win32_1.5.0.202011040924/tools/bin/../lib/gcc/arm-none-eabi/9.3.1/../../../../arm-none-eabi/lib/thumb/v7-m/nofp\libc_nano.a(lib_a-nano-vfprintf.o)
 .text.__sfputs_r
                0x0000000008009126       0x24 c:/st/stm32cubeide_1.6.1/stm32cubeide/plugins/com.st.stm32cube.ide.mcu.externaltools.gnu-tools-for-stm32.9-2020-q2-update.win32_1.5.0.202011040924/tools/bin/../lib/gcc/arm-none-eabi/9.3.1/../../../../arm-none-eabi/lib/thumb/v7-m/nofp\libc_nano.a(lib_a-nano-vfprintf.o)
                0x0000000008009126                __sfputs_r
 *fill*         0x000000000800914a        0x2 
 .text._vfprintf_r
                0x000000000800914c      0x260 c:/st/stm32cubeide_1.6.1/stm32cubeide/plugins/com.st.stm32cube.ide.mcu.externaltools.gnu-tools-for-stm32.9-2020-q2-update.win32_1.5.0.202011040924/tools/bin/../lib/gcc/arm-none-eabi/9.3.1/../../../../arm-none-eabi/lib/thumb/v7-m/nofp\libc_nano.a(lib_a-nano-vfprintf.o)
                0x000000000800914c                _vfprintf_r
                0x000000000800914c                _vfiprintf_r
 .text.__swbuf_r
                0x00000000080093ac       0xa4 c:/st/stm32cubeide_1.6.1/stm32cubeide/plugins/com.st.stm32cube.ide.mcu.externaltools.gnu-tools-for-stm32.9-2020-q2-update.win32_1.5.0.202011040924/tools/bin/../lib/gcc/arm-none-eabi/9.3.1/../../../../arm-none-eabi/lib/thumb/v7-m/nofp\libc_nano.a(lib_a-wbuf.o)
                0x00000000080093ac                __swbuf_r
 .text.__ascii_wctomb
                0x0000000008009450       0x1a c:/st/stm32cubeide_1.6.1/stm32cubeide/plugins/com.st.stm32cube.ide.mcu.externaltools.gnu-tools-for-stm32.9-2020-q2-update.win32_1.5.0.202011040924/tools/bin/../lib/gcc/arm-none-eabi/9.3.1/../../../../arm-none-eabi/lib/thumb/v7-m/nofp\libc_nano.a(lib_a-wctomb_r.o)
                0x0000000008009450                __ascii_wctomb
 *fill*         0x000000000800946a        0x2 
 .text.__swsetup_r
                0x000000000800946c       0xdc c:/st/stm32cubeide_1.6.1/stm32cubeide/plugins/com.st.stm32cube.ide.mcu.externaltools.gnu-tools-for-stm32.9-2020-q2-update.win32_1.5.0.202011040924/tools/bin/../lib/gcc/arm-none-eabi/9.3.1/../../../../arm-none-eabi/lib/thumb/v7-m/nofp\libc_nano.a(lib_a-wsetup.o)
                0x000000000800946c                __swsetup_r
 .text.abort    0x0000000008009548        0xe c:/st/stm32cubeide_1.6.1/stm32cubeide/plugins/com.st.stm32cube.ide.mcu.externaltools.gnu-tools-for-stm32.9-2020-q2-update.win32_1.5.0.202011040924/tools/bin/../lib/gcc/arm-none-eabi/9.3.1/../../../../arm-none-eabi/lib/thumb/v7-m/nofp\libc_nano.a(lib_a-abort.o)
                0x0000000008009548                abort
 *fill*         0x0000000008009556        0x2 
 .text.__sflush_r
                0x0000000008009558      0x10c c:/st/stm32cubeide_1.6.1/stm32cubeide/plugins/com.st.stm32cube.ide.mcu.externaltools.gnu-tools-for-stm32.9-2020-q2-update.win32_1.5.0.202011040924/tools/bin/../lib/gcc/arm-none-eabi/9.3.1/../../../../arm-none-eabi/lib/thumb/v7-m/nofp\libc_nano.a(lib_a-fflush.o)
                0x0000000008009558                __sflush_r
 .text._fflush_r
                0x0000000008009664       0x78 c:/st/stm32cubeide_1.6.1/stm32cubeide/plugins/com.st.stm32cube.ide.mcu.externaltools.gnu-tools-for-stm32.9-2020-q2-update.win32_1.5.0.202011040924/tools/bin/../lib/gcc/arm-none-eabi/9.3.1/../../../../arm-none-eabi/lib/thumb/v7-m/nofp\libc_nano.a(lib_a-fflush.o)
                0x0000000008009664                _fflush_r
 .text.std      0x00000000080096dc       0x48 c:/st/stm32cubeide_1.6.1/stm32cubeide/plugins/com.st.stm32cube.ide.mcu.externaltools.gnu-tools-for-stm32.9-2020-q2-update.win32_1.5.0.202011040924/tools/bin/../lib/gcc/arm-none-eabi/9.3.1/../../../../arm-none-eabi/lib/thumb/v7-m/nofp\libc_nano.a(lib_a-findfp.o)
 .text._cleanup_r
                0x0000000008009724        0xc c:/st/stm32cubeide_1.6.1/stm32cubeide/plugins/com.st.stm32cube.ide.mcu.externaltools.gnu-tools-for-stm32.9-2020-q2-update.win32_1.5.0.202011040924/tools/bin/../lib/gcc/arm-none-eabi/9.3.1/../../../../arm-none-eabi/lib/thumb/v7-m/nofp\libc_nano.a(lib_a-findfp.o)
                0x0000000008009724                _cleanup_r
 .text.__sfmoreglue
                0x0000000008009730       0x2c c:/st/stm32cubeide_1.6.1/stm32cubeide/plugins/com.st.stm32cube.ide.mcu.externaltools.gnu-tools-for-stm32.9-2020-q2-update.win32_1.5.0.202011040924/tools/bin/../lib/gcc/arm-none-eabi/9.3.1/../../../../arm-none-eabi/lib/thumb/v7-m/nofp\libc_nano.a(lib_a-findfp.o)
                0x0000000008009730                __sfmoreglue
 .text.__sfp_lock_acquire
                0x000000000800975c        0xc c:/st/stm32cubeide_1.6.1/stm32cubeide/plugins/com.st.stm32cube.ide.mcu.externaltools.gnu-tools-for-stm32.9-2020-q2-update.win32_1.5.0.202011040924/tools/bin/../lib/gcc/arm-none-eabi/9.3.1/../../../../arm-none-eabi/lib/thumb/v7-m/nofp\libc_nano.a(lib_a-findfp.o)
                0x000000000800975c                __sfp_lock_acquire
 .text.__sfp_lock_release
                0x0000000008009768        0xc c:/st/stm32cubeide_1.6.1/stm32cubeide/plugins/com.st.stm32cube.ide.mcu.externaltools.gnu-tools-for-stm32.9-2020-q2-update.win32_1.5.0.202011040924/tools/bin/../lib/gcc/arm-none-eabi/9.3.1/../../../../arm-none-eabi/lib/thumb/v7-m/nofp\libc_nano.a(lib_a-findfp.o)
                0x0000000008009768                __sfp_lock_release
 .text.__sinit_lock_acquire
                0x0000000008009774        0xc c:/st/stm32cubeide_1.6.1/stm32cubeide/plugins/com.st.stm32cube.ide.mcu.externaltools.gnu-tools-for-stm32.9-2020-q2-update.win32_1.5.0.202011040924/tools/bin/../lib/gcc/arm-none-eabi/9.3.1/../../../../arm-none-eabi/lib/thumb/v7-m/nofp\libc_nano.a(lib_a-findfp.o)
                0x0000000008009774                __sinit_lock_acquire
 .text.__sinit_lock_release
                0x0000000008009780        0xc c:/st/stm32cubeide_1.6.1/stm32cubeide/plugins/com.st.stm32cube.ide.mcu.externaltools.gnu-tools-for-stm32.9-2020-q2-update.win32_1.5.0.202011040924/tools/bin/../lib/gcc/arm-none-eabi/9.3.1/../../../../arm-none-eabi/lib/thumb/v7-m/nofp\libc_nano.a(lib_a-findfp.o)
                0x0000000008009780                __sinit_lock_release
 .text.__sinit  0x000000000800978c       0x70 c:/st/stm32cubeide_1.6.1/stm32cubeide/plugins/com.st.stm32cube.ide.mcu.externaltools.gnu-tools-for-stm32.9-2020-q2-update.win32_1.5.0.202011040924/tools/bin/../lib/gcc/arm-none-eabi/9.3.1/../../../../arm-none-eabi/lib/thumb/v7-m/nofp\libc_nano.a(lib_a-findfp.o)
                0x000000000800978c                __sinit
 .text.__sfp    0x00000000080097fc       0x8c c:/st/stm32cubeide_1.6.1/stm32cubeide/plugins/com.st.stm32cube.ide.mcu.externaltools.gnu-tools-for-stm32.9-2020-q2-update.win32_1.5.0.202011040924/tools/bin/../lib/gcc/arm-none-eabi/9.3.1/../../../../arm-none-eabi/lib/thumb/v7-m/nofp\libc_nano.a(lib_a-findfp.o)
                0x00000000080097fc                __sfp
 .text._fwalk_reent
                0x0000000008009888       0x3e c:/st/stm32cubeide_1.6.1/stm32cubeide/plugins/com.st.stm32cube.ide.mcu.externaltools.gnu-tools-for-stm32.9-2020-q2-update.win32_1.5.0.202011040924/tools/bin/../lib/gcc/arm-none-eabi/9.3.1/../../../../arm-none-eabi/lib/thumb/v7-m/nofp\libc_nano.a(lib_a-fwalk.o)
                0x0000000008009888                _fwalk_reent
 .text.__retarget_lock_init_recursive
                0x00000000080098c6        0x2 c:/st/stm32cubeide_1.6.1/stm32cubeide/plugins/com.st.stm32cube.ide.mcu.externaltools.gnu-tools-for-stm32.9-2020-q2-update.win32_1.5.0.202011040924/tools/bin/../lib/gcc/arm-none-eabi/9.3.1/../../../../arm-none-eabi/lib/thumb/v7-m/nofp\libc_nano.a(lib_a-lock.o)
                0x00000000080098c6                __retarget_lock_init_recursive
 .text.__retarget_lock_acquire_recursive
                0x00000000080098c8        0x2 c:/st/stm32cubeide_1.6.1/stm32cubeide/plugins/com.st.stm32cube.ide.mcu.externaltools.gnu-tools-for-stm32.9-2020-q2-update.win32_1.5.0.202011040924/tools/bin/../lib/gcc/arm-none-eabi/9.3.1/../../../../arm-none-eabi/lib/thumb/v7-m/nofp\libc_nano.a(lib_a-lock.o)
                0x00000000080098c8                __retarget_lock_acquire_recursive
 .text.__retarget_lock_release_recursive
                0x00000000080098ca        0x2 c:/st/stm32cubeide_1.6.1/stm32cubeide/plugins/com.st.stm32cube.ide.mcu.externaltools.gnu-tools-for-stm32.9-2020-q2-update.win32_1.5.0.202011040924/tools/bin/../lib/gcc/arm-none-eabi/9.3.1/../../../../arm-none-eabi/lib/thumb/v7-m/nofp\libc_nano.a(lib_a-lock.o)
                0x00000000080098ca                __retarget_lock_release_recursive
 .text.__swhatbuf_r
                0x00000000080098cc       0x48 c:/st/stm32cubeide_1.6.1/stm32cubeide/plugins/com.st.stm32cube.ide.mcu.externaltools.gnu-tools-for-stm32.9-2020-q2-update.win32_1.5.0.202011040924/tools/bin/../lib/gcc/arm-none-eabi/9.3.1/../../../../arm-none-eabi/lib/thumb/v7-m/nofp\libc_nano.a(lib_a-makebuf.o)
                0x00000000080098cc                __swhatbuf_r
 .text.__smakebuf_r
                0x0000000008009914       0x80 c:/st/stm32cubeide_1.6.1/stm32cubeide/plugins/com.st.stm32cube.ide.mcu.externaltools.gnu-tools-for-stm32.9-2020-q2-update.win32_1.5.0.202011040924/tools/bin/../lib/gcc/arm-none-eabi/9.3.1/../../../../arm-none-eabi/lib/thumb/v7-m/nofp\libc_nano.a(lib_a-makebuf.o)
                0x0000000008009914                __smakebuf_r
 .text._malloc_usable_size_r
                0x0000000008009994       0x10 c:/st/stm32cubeide_1.6.1/stm32cubeide/plugins/com.st.stm32cube.ide.mcu.externaltools.gnu-tools-for-stm32.9-2020-q2-update.win32_1.5.0.202011040924/tools/bin/../lib/gcc/arm-none-eabi/9.3.1/../../../../arm-none-eabi/lib/thumb/v7-m/nofp\libc_nano.a(lib_a-nano-msizer.o)
                0x0000000008009994                _malloc_usable_size_r
 .text._raise_r
                0x00000000080099a4       0x50 c:/st/stm32cubeide_1.6.1/stm32cubeide/plugins/com.st.stm32cube.ide.mcu.externaltools.gnu-tools-for-stm32.9-2020-q2-update.win32_1.5.0.202011040924/tools/bin/../lib/gcc/arm-none-eabi/9.3.1/../../../../arm-none-eabi/lib/thumb/v7-m/nofp\libc_nano.a(lib_a-signal.o)
                0x00000000080099a4                _raise_r
 .text.raise    0x00000000080099f4       0x10 c:/st/stm32cubeide_1.6.1/stm32cubeide/plugins/com.st.stm32cube.ide.mcu.externaltools.gnu-tools-for-stm32.9-2020-q2-update.win32_1.5.0.202011040924/tools/bin/../lib/gcc/arm-none-eabi/9.3.1/../../../../arm-none-eabi/lib/thumb/v7-m/nofp\libc_nano.a(lib_a-signal.o)
                0x00000000080099f4                raise
 .text._kill_r  0x0000000008009a04       0x24 c:/st/stm32cubeide_1.6.1/stm32cubeide/plugins/com.st.stm32cube.ide.mcu.externaltools.gnu-tools-for-stm32.9-2020-q2-update.win32_1.5.0.202011040924/tools/bin/../lib/gcc/arm-none-eabi/9.3.1/../../../../arm-none-eabi/lib/thumb/v7-m/nofp\libc_nano.a(lib_a-signalr.o)
                0x0000000008009a04                _kill_r
 .text._getpid_r
                0x0000000008009a28        0x4 c:/st/stm32cubeide_1.6.1/stm32cubeide/plugins/com.st.stm32cube.ide.mcu.externaltools.gnu-tools-for-stm32.9-2020-q2-update.win32_1.5.0.202011040924/tools/bin/../lib/gcc/arm-none-eabi/9.3.1/../../../../arm-none-eabi/lib/thumb/v7-m/nofp\libc_nano.a(lib_a-signalr.o)
                0x0000000008009a28                _getpid_r
 .text.__sread  0x0000000008009a2c       0x22 c:/st/stm32cubeide_1.6.1/stm32cubeide/plugins/com.st.stm32cube.ide.mcu.externaltools.gnu-tools-for-stm32.9-2020-q2-update.win32_1.5.0.202011040924/tools/bin/../lib/gcc/arm-none-eabi/9.3.1/../../../../arm-none-eabi/lib/thumb/v7-m/nofp\libc_nano.a(lib_a-stdio.o)
                0x0000000008009a2c                __sread
 .text.__swrite
                0x0000000008009a4e       0x38 c:/st/stm32cubeide_1.6.1/stm32cubeide/plugins/com.st.stm32cube.ide.mcu.externaltools.gnu-tools-for-stm32.9-2020-q2-update.win32_1.5.0.202011040924/tools/bin/../lib/gcc/arm-none-eabi/9.3.1/../../../../arm-none-eabi/lib/thumb/v7-m/nofp\libc_nano.a(lib_a-stdio.o)
                0x0000000008009a4e                __swrite
 .text.__sseek  0x0000000008009a86       0x24 c:/st/stm32cubeide_1.6.1/stm32cubeide/plugins/com.st.stm32cube.ide.mcu.externaltools.gnu-tools-for-stm32.9-2020-q2-update.win32_1.5.0.202011040924/tools/bin/../lib/gcc/arm-none-eabi/9.3.1/../../../../arm-none-eabi/lib/thumb/v7-m/nofp\libc_nano.a(lib_a-stdio.o)
                0x0000000008009a86                __sseek
 .text.__sclose
                0x0000000008009aaa        0x8 c:/st/stm32cubeide_1.6.1/stm32cubeide/plugins/com.st.stm32cube.ide.mcu.externaltools.gnu-tools-for-stm32.9-2020-q2-update.win32_1.5.0.202011040924/tools/bin/../lib/gcc/arm-none-eabi/9.3.1/../../../../arm-none-eabi/lib/thumb/v7-m/nofp\libc_nano.a(lib_a-stdio.o)
                0x0000000008009aaa                __sclose
 *fill*         0x0000000008009ab2        0x2 
 .text._write_r
                0x0000000008009ab4       0x24 c:/st/stm32cubeide_1.6.1/stm32cubeide/plugins/com.st.stm32cube.ide.mcu.externaltools.gnu-tools-for-stm32.9-2020-q2-update.win32_1.5.0.202011040924/tools/bin/../lib/gcc/arm-none-eabi/9.3.1/../../../../arm-none-eabi/lib/thumb/v7-m/nofp\libc_nano.a(lib_a-writer.o)
                0x0000000008009ab4                _write_r
 .text._close_r
                0x0000000008009ad8       0x20 c:/st/stm32cubeide_1.6.1/stm32cubeide/plugins/com.st.stm32cube.ide.mcu.externaltools.gnu-tools-for-stm32.9-2020-q2-update.win32_1.5.0.202011040924/tools/bin/../lib/gcc/arm-none-eabi/9.3.1/../../../../arm-none-eabi/lib/thumb/v7-m/nofp\libc_nano.a(lib_a-closer.o)
                0x0000000008009ad8                _close_r
 .text._fstat_r
                0x0000000008009af8       0x24 c:/st/stm32cubeide_1.6.1/stm32cubeide/plugins/com.st.stm32cube.ide.mcu.externaltools.gnu-tools-for-stm32.9-2020-q2-update.win32_1.5.0.202011040924/tools/bin/../lib/gcc/arm-none-eabi/9.3.1/../../../../arm-none-eabi/lib/thumb/v7-m/nofp\libc_nano.a(lib_a-fstatr.o)
                0x0000000008009af8                _fstat_r
 .text._isatty_r
                0x0000000008009b1c       0x20 c:/st/stm32cubeide_1.6.1/stm32cubeide/plugins/com.st.stm32cube.ide.mcu.externaltools.gnu-tools-for-stm32.9-2020-q2-update.win32_1.5.0.202011040924/tools/bin/../lib/gcc/arm-none-eabi/9.3.1/../../../../arm-none-eabi/lib/thumb/v7-m/nofp\libc_nano.a(lib_a-isattyr.o)
                0x0000000008009b1c                _isatty_r
 .text._lseek_r
                0x0000000008009b3c       0x24 c:/st/stm32cubeide_1.6.1/stm32cubeide/plugins/com.st.stm32cube.ide.mcu.externaltools.gnu-tools-for-stm32.9-2020-q2-update.win32_1.5.0.202011040924/tools/bin/../lib/gcc/arm-none-eabi/9.3.1/../../../../arm-none-eabi/lib/thumb/v7-m/nofp\libc_nano.a(lib_a-lseekr.o)
                0x0000000008009b3c                _lseek_r
 .text._read_r  0x0000000008009b60       0x24 c:/st/stm32cubeide_1.6.1/stm32cubeide/plugins/com.st.stm32cube.ide.mcu.externaltools.gnu-tools-for-stm32.9-2020-q2-update.win32_1.5.0.202011040924/tools/bin/../lib/gcc/arm-none-eabi/9.3.1/../../../../arm-none-eabi/lib/thumb/v7-m/nofp\libc_nano.a(lib_a-readr.o)
                0x0000000008009b60                _read_r
 *(.glue_7)
 .glue_7        0x0000000008009b84        0x0 linker stubs
 *(.glue_7t)
 .glue_7t       0x0000000008009b84        0x0 linker stubs
 *(.eh_frame)
 .eh_frame      0x0000000008009b84        0x0 c:/st/stm32cubeide_1.6.1/stm32cubeide/plugins/com.st.stm32cube.ide.mcu.externaltools.gnu-tools-for-stm32.9-2020-q2-update.win32_1.5.0.202011040924/tools/bin/../lib/gcc/arm-none-eabi/9.3.1/thumb/v7-m/nofp/crtbegin.o
 *(.init)
 .init          0x0000000008009b84        0x4 c:/st/stm32cubeide_1.6.1/stm32cubeide/plugins/com.st.stm32cube.ide.mcu.externaltools.gnu-tools-for-stm32.9-2020-q2-update.win32_1.5.0.202011040924/tools/bin/../lib/gcc/arm-none-eabi/9.3.1/thumb/v7-m/nofp/crti.o
                0x0000000008009b84                _init
 .init          0x0000000008009b88        0x8 c:/st/stm32cubeide_1.6.1/stm32cubeide/plugins/com.st.stm32cube.ide.mcu.externaltools.gnu-tools-for-stm32.9-2020-q2-update.win32_1.5.0.202011040924/tools/bin/../lib/gcc/arm-none-eabi/9.3.1/thumb/v7-m/nofp/crtn.o
 *(.fini)
 .fini          0x0000000008009b90        0x4 c:/st/stm32cubeide_1.6.1/stm32cubeide/plugins/com.st.stm32cube.ide.mcu.externaltools.gnu-tools-for-stm32.9-2020-q2-update.win32_1.5.0.202011040924/tools/bin/../lib/gcc/arm-none-eabi/9.3.1/thumb/v7-m/nofp/crti.o
                0x0000000008009b90                _fini
 .fini          0x0000000008009b94        0x8 c:/st/stm32cubeide_1.6.1/stm32cubeide/plugins/com.st.stm32cube.ide.mcu.externaltools.gnu-tools-for-stm32.9-2020-q2-update.win32_1.5.0.202011040924/tools/bin/../lib/gcc/arm-none-eabi/9.3.1/thumb/v7-m/nofp/crtn.o
                0x0000000008009b9c                . = ALIGN (0x4)
                0x0000000008009b9c                _etext = .

.vfp11_veneer   0x0000000008009b9c        0x0
 .vfp11_veneer  0x0000000008009b9c        0x0 linker stubs

.v4_bx          0x0000000008009b9c        0x0
 .v4_bx         0x0000000008009b9c        0x0 linker stubs

.iplt           0x0000000008009b9c        0x0
 .iplt          0x0000000008009b9c        0x0 c:/st/stm32cubeide_1.6.1/stm32cubeide/plugins/com.st.stm32cube.ide.mcu.externaltools.gnu-tools-for-stm32.9-2020-q2-update.win32_1.5.0.202011040924/tools/bin/../lib/gcc/arm-none-eabi/9.3.1/thumb/v7-m/nofp/crtbegin.o

.rodata         0x0000000008009ba0      0x6b4
                0x0000000008009ba0                . = ALIGN (0x4)
 *(.rodata)
 .rodata        0x0000000008009ba0       0xcf Core/Src/main.o
 *fill*         0x0000000008009c6f        0x1 
 .rodata        0x0000000008009c70       0x10 Drivers/STM32F1xx_HAL_Driver/Src/stm32f1xx_hal_rcc.o
 .rodata        0x0000000008009c80       0x22 Micrium/Software/uCOS-II/Source/os_core.o
 *fill*         0x0000000008009ca2        0x2 
 .rodata        0x0000000008009ca4        0x2 Micrium/Software/uCOS-II/Source/os_flag.o
 *fill*         0x0000000008009ca6        0x2 
 .rodata        0x0000000008009ca8        0x2 Micrium/Software/uCOS-II/Source/os_mem.o
 *fill*         0x0000000008009caa        0x2 
 .rodata        0x0000000008009cac        0x2 Micrium/Software/uCOS-II/Source/os_sem.o
 *fill*         0x0000000008009cae        0x2 
 .rodata        0x0000000008009cb0        0x2 Micrium/Software/uCOS-II/Source/os_task.o
 *fill*         0x0000000008009cb2        0x2 
 .rodata        0x0000000008009cb4       0x39 Micrium/Software/uCOS-II/Source/os_tmr.o
 *(.rodata*)
 *fill*         0x0000000008009ced        0x3 
 .rodata.AHBPrescTable
                0x0000000008009cf0       0x10 Core/Src/system_stm32f1xx.o
                0x0000000008009cf0                AHBPrescTable
 .rodata.OSDebugEn
                0x0000000008009d00        0x2 Micrium/Software/uCOS-II/Ports/ARM-Cortex-M/ARMv7-M/GNU/os_dbg.o
                0x0000000008009d00                OSDebugEn
 *fill*         0x0000000008009d02        0x2 
 .rodata.OSEndiannessTest
                0x0000000008009d04        0x4 Micrium/Software/uCOS-II/Ports/ARM-Cortex-M/ARMv7-M/GNU/os_dbg.o
                0x0000000008009d04                OSEndiannessTest
 .rodata.OSEventEn
                0x0000000008009d08        0x2 Micrium/Software/uCOS-II/Ports/ARM-Cortex-M/ARMv7-M/GNU/os_dbg.o
                0x0000000008009d08                OSEventEn
 .rodata.OSEventMax
                0x0000000008009d0a        0x2 Micrium/Software/uCOS-II/Ports/ARM-Cortex-M/ARMv7-M/GNU/os_dbg.o
                0x0000000008009d0a                OSEventMax
 .rodata.OSEventNameEn
                0x0000000008009d0c        0x2 Micrium/Software/uCOS-II/Ports/ARM-Cortex-M/ARMv7-M/GNU/os_dbg.o
                0x0000000008009d0c                OSEventNameEn
 .rodata.OSEventSize
                0x0000000008009d0e        0x2 Micrium/Software/uCOS-II/Ports/ARM-Cortex-M/ARMv7-M/GNU/os_dbg.o
                0x0000000008009d0e                OSEventSize
 .rodata.OSEventTblSize
                0x0000000008009d10        0x2 Micrium/Software/uCOS-II/Ports/ARM-Cortex-M/ARMv7-M/GNU/os_dbg.o
                0x0000000008009d10                OSEventTblSize
 .rodata.OSEventMultiEn
                0x0000000008009d12        0x2 Micrium/Software/uCOS-II/Ports/ARM-Cortex-M/ARMv7-M/GNU/os_dbg.o
                0x0000000008009d12                OSEventMultiEn
 .rodata.OSFlagEn
                0x0000000008009d14        0x2 Micrium/Software/uCOS-II/Ports/ARM-Cortex-M/ARMv7-M/GNU/os_dbg.o
                0x0000000008009d14                OSFlagEn
 .rodata.OSFlagGrpSize
                0x0000000008009d16        0x2 Micrium/Software/uCOS-II/Ports/ARM-Cortex-M/ARMv7-M/GNU/os_dbg.o
                0x0000000008009d16                OSFlagGrpSize
 .rodata.OSFlagNodeSize
                0x0000000008009d18        0x2 Micrium/Software/uCOS-II/Ports/ARM-Cortex-M/ARMv7-M/GNU/os_dbg.o
                0x0000000008009d18                OSFlagNodeSize
 .rodata.OSFlagWidth
                0x0000000008009d1a        0x2 Micrium/Software/uCOS-II/Ports/ARM-Cortex-M/ARMv7-M/GNU/os_dbg.o
                0x0000000008009d1a                OSFlagWidth
 .rodata.OSFlagMax
                0x0000000008009d1c        0x2 Micrium/Software/uCOS-II/Ports/ARM-Cortex-M/ARMv7-M/GNU/os_dbg.o
                0x0000000008009d1c                OSFlagMax
 .rodata.OSFlagNameEn
                0x0000000008009d1e        0x2 Micrium/Software/uCOS-II/Ports/ARM-Cortex-M/ARMv7-M/GNU/os_dbg.o
                0x0000000008009d1e                OSFlagNameEn
 .rodata.OSLowestPrio
                0x0000000008009d20        0x2 Micrium/Software/uCOS-II/Ports/ARM-Cortex-M/ARMv7-M/GNU/os_dbg.o
                0x0000000008009d20                OSLowestPrio
 .rodata.OSMboxEn
                0x0000000008009d22        0x2 Micrium/Software/uCOS-II/Ports/ARM-Cortex-M/ARMv7-M/GNU/os_dbg.o
                0x0000000008009d22                OSMboxEn
 .rodata.OSMemEn
                0x0000000008009d24        0x2 Micrium/Software/uCOS-II/Ports/ARM-Cortex-M/ARMv7-M/GNU/os_dbg.o
                0x0000000008009d24                OSMemEn
 .rodata.OSMemMax
                0x0000000008009d26        0x2 Micrium/Software/uCOS-II/Ports/ARM-Cortex-M/ARMv7-M/GNU/os_dbg.o
                0x0000000008009d26                OSMemMax
 .rodata.OSMemNameEn
                0x0000000008009d28        0x2 Micrium/Software/uCOS-II/Ports/ARM-Cortex-M/ARMv7-M/GNU/os_dbg.o
                0x0000000008009d28                OSMemNameEn
 .rodata.OSMemSize
                0x0000000008009d2a        0x2 Micrium/Software/uCOS-II/Ports/ARM-Cortex-M/ARMv7-M/GNU/os_dbg.o
                0x0000000008009d2a                OSMemSize
 .rodata.OSMemTblSize
                0x0000000008009d2c        0x2 Micrium/Software/uCOS-II/Ports/ARM-Cortex-M/ARMv7-M/GNU/os_dbg.o
                0x0000000008009d2c                OSMemTblSize
 .rodata.OSMutexEn
                0x0000000008009d2e        0x2 Micrium/Software/uCOS-II/Ports/ARM-Cortex-M/ARMv7-M/GNU/os_dbg.o
                0x0000000008009d2e                OSMutexEn
 .rodata.OSPtrSize
                0x0000000008009d30        0x2 Micrium/Software/uCOS-II/Ports/ARM-Cortex-M/ARMv7-M/GNU/os_dbg.o
                0x0000000008009d30                OSPtrSize
 .rodata.OSQEn  0x0000000008009d32        0x2 Micrium/Software/uCOS-II/Ports/ARM-Cortex-M/ARMv7-M/GNU/os_dbg.o
                0x0000000008009d32                OSQEn
 .rodata.OSQMax
                0x0000000008009d34        0x2 Micrium/Software/uCOS-II/Ports/ARM-Cortex-M/ARMv7-M/GNU/os_dbg.o
                0x0000000008009d34                OSQMax
 .rodata.OSQSize
                0x0000000008009d36        0x2 Micrium/Software/uCOS-II/Ports/ARM-Cortex-M/ARMv7-M/GNU/os_dbg.o
                0x0000000008009d36                OSQSize
 .rodata.OSRdyTblSize
                0x0000000008009d38        0x2 Micrium/Software/uCOS-II/Ports/ARM-Cortex-M/ARMv7-M/GNU/os_dbg.o
                0x0000000008009d38                OSRdyTblSize
 .rodata.OSSemEn
                0x0000000008009d3a        0x2 Micrium/Software/uCOS-II/Ports/ARM-Cortex-M/ARMv7-M/GNU/os_dbg.o
                0x0000000008009d3a                OSSemEn
 .rodata.OSStkWidth
                0x0000000008009d3c        0x2 Micrium/Software/uCOS-II/Ports/ARM-Cortex-M/ARMv7-M/GNU/os_dbg.o
                0x0000000008009d3c                OSStkWidth
 .rodata.OSTaskCreateEn
                0x0000000008009d3e        0x2 Micrium/Software/uCOS-II/Ports/ARM-Cortex-M/ARMv7-M/GNU/os_dbg.o
                0x0000000008009d3e                OSTaskCreateEn
 .rodata.OSTaskCreateExtEn
                0x0000000008009d40        0x2 Micrium/Software/uCOS-II/Ports/ARM-Cortex-M/ARMv7-M/GNU/os_dbg.o
                0x0000000008009d40                OSTaskCreateExtEn
 .rodata.OSTaskDelEn
                0x0000000008009d42        0x2 Micrium/Software/uCOS-II/Ports/ARM-Cortex-M/ARMv7-M/GNU/os_dbg.o
                0x0000000008009d42                OSTaskDelEn
 .rodata.OSTaskIdleStkSize
                0x0000000008009d44        0x2 Micrium/Software/uCOS-II/Ports/ARM-Cortex-M/ARMv7-M/GNU/os_dbg.o
                0x0000000008009d44                OSTaskIdleStkSize
 .rodata.OSTaskProfileEn
                0x0000000008009d46        0x2 Micrium/Software/uCOS-II/Ports/ARM-Cortex-M/ARMv7-M/GNU/os_dbg.o
                0x0000000008009d46                OSTaskProfileEn
 .rodata.OSTaskMax
                0x0000000008009d48        0x2 Micrium/Software/uCOS-II/Ports/ARM-Cortex-M/ARMv7-M/GNU/os_dbg.o
                0x0000000008009d48                OSTaskMax
 .rodata.OSTaskNameEn
                0x0000000008009d4a        0x2 Micrium/Software/uCOS-II/Ports/ARM-Cortex-M/ARMv7-M/GNU/os_dbg.o
                0x0000000008009d4a                OSTaskNameEn
 .rodata.OSTaskStatEn
                0x0000000008009d4c        0x2 Micrium/Software/uCOS-II/Ports/ARM-Cortex-M/ARMv7-M/GNU/os_dbg.o
                0x0000000008009d4c                OSTaskStatEn
 .rodata.OSTaskStatStkSize
                0x0000000008009d4e        0x2 Micrium/Software/uCOS-II/Ports/ARM-Cortex-M/ARMv7-M/GNU/os_dbg.o
                0x0000000008009d4e                OSTaskStatStkSize
 .rodata.OSTaskStatStkChkEn
                0x0000000008009d50        0x2 Micrium/Software/uCOS-II/Ports/ARM-Cortex-M/ARMv7-M/GNU/os_dbg.o
                0x0000000008009d50                OSTaskStatStkChkEn
 .rodata.OSTaskSwHookEn
                0x0000000008009d52        0x2 Micrium/Software/uCOS-II/Ports/ARM-Cortex-M/ARMv7-M/GNU/os_dbg.o
                0x0000000008009d52                OSTaskSwHookEn
 .rodata.OSTCBPrioTblMax
                0x0000000008009d54        0x2 Micrium/Software/uCOS-II/Ports/ARM-Cortex-M/ARMv7-M/GNU/os_dbg.o
                0x0000000008009d54                OSTCBPrioTblMax
 .rodata.OSTCBSize
                0x0000000008009d56        0x2 Micrium/Software/uCOS-II/Ports/ARM-Cortex-M/ARMv7-M/GNU/os_dbg.o
                0x0000000008009d56                OSTCBSize
 .rodata.OSTicksPerSec
                0x0000000008009d58        0x2 Micrium/Software/uCOS-II/Ports/ARM-Cortex-M/ARMv7-M/GNU/os_dbg.o
                0x0000000008009d58                OSTicksPerSec
 .rodata.OSTimeTickHookEn
                0x0000000008009d5a        0x2 Micrium/Software/uCOS-II/Ports/ARM-Cortex-M/ARMv7-M/GNU/os_dbg.o
                0x0000000008009d5a                OSTimeTickHookEn
 .rodata.OSVersionNbr
                0x0000000008009d5c        0x2 Micrium/Software/uCOS-II/Ports/ARM-Cortex-M/ARMv7-M/GNU/os_dbg.o
                0x0000000008009d5c                OSVersionNbr
 .rodata.OSTmrEn
                0x0000000008009d5e        0x2 Micrium/Software/uCOS-II/Ports/ARM-Cortex-M/ARMv7-M/GNU/os_dbg.o
                0x0000000008009d5e                OSTmrEn
 .rodata.OSTmrCfgMax
                0x0000000008009d60        0x2 Micrium/Software/uCOS-II/Ports/ARM-Cortex-M/ARMv7-M/GNU/os_dbg.o
                0x0000000008009d60                OSTmrCfgMax
 .rodata.OSTmrCfgNameEn
                0x0000000008009d62        0x2 Micrium/Software/uCOS-II/Ports/ARM-Cortex-M/ARMv7-M/GNU/os_dbg.o
                0x0000000008009d62                OSTmrCfgNameEn
 .rodata.OSTmrCfgWheelSize
                0x0000000008009d64        0x2 Micrium/Software/uCOS-II/Ports/ARM-Cortex-M/ARMv7-M/GNU/os_dbg.o
                0x0000000008009d64                OSTmrCfgWheelSize
 .rodata.OSTmrCfgTicksPerSec
                0x0000000008009d66        0x2 Micrium/Software/uCOS-II/Ports/ARM-Cortex-M/ARMv7-M/GNU/os_dbg.o
                0x0000000008009d66                OSTmrCfgTicksPerSec
 .rodata.OSTmrSize
                0x0000000008009d68        0x2 Micrium/Software/uCOS-II/Ports/ARM-Cortex-M/ARMv7-M/GNU/os_dbg.o
                0x0000000008009d68                OSTmrSize
 .rodata.OSTmrTblSize
                0x0000000008009d6a        0x2 Micrium/Software/uCOS-II/Ports/ARM-Cortex-M/ARMv7-M/GNU/os_dbg.o
                0x0000000008009d6a                OSTmrTblSize
 .rodata.OSTmrWheelSize
                0x0000000008009d6c        0x2 Micrium/Software/uCOS-II/Ports/ARM-Cortex-M/ARMv7-M/GNU/os_dbg.o
                0x0000000008009d6c                OSTmrWheelSize
 .rodata.OSTmrWheelTblSize
                0x0000000008009d6e        0x2 Micrium/Software/uCOS-II/Ports/ARM-Cortex-M/ARMv7-M/GNU/os_dbg.o
                0x0000000008009d6e                OSTmrWheelTblSize
 .rodata.OSDataSize
                0x0000000008009d70        0x2 Micrium/Software/uCOS-II/Ports/ARM-Cortex-M/ARMv7-M/GNU/os_dbg.o
                0x0000000008009d70                OSDataSize
 *fill*         0x0000000008009d72        0x2 
 .rodata.OSUnMapTbl
                0x0000000008009d74      0x100 Micrium/Software/uCOS-II/Source/os_core.o
                0x0000000008009d74                OSUnMapTbl
 .rodata._global_impure_ptr
                0x0000000008009e74        0x4 c:/st/stm32cubeide_1.6.1/stm32cubeide/plugins/com.st.stm32cube.ide.mcu.externaltools.gnu-tools-for-stm32.9-2020-q2-update.win32_1.5.0.202011040924/tools/bin/../lib/gcc/arm-none-eabi/9.3.1/../../../../arm-none-eabi/lib/thumb/v7-m/nofp\libc_nano.a(lib_a-impure.o)
                0x0000000008009e74                _global_impure_ptr
 .rodata._printf_float.str1.1
                0x0000000008009e78       0x12 c:/st/stm32cubeide_1.6.1/stm32cubeide/plugins/com.st.stm32cube.ide.mcu.externaltools.gnu-tools-for-stm32.9-2020-q2-update.win32_1.5.0.202011040924/tools/bin/../lib/gcc/arm-none-eabi/9.3.1/../../../../arm-none-eabi/lib/thumb/v7-m/nofp\libc_nano.a(lib_a-nano-vfprintf_float.o)
 .rodata._printf_i.str1.1
                0x0000000008009e8a       0x22 c:/st/stm32cubeide_1.6.1/stm32cubeide/plugins/com.st.stm32cube.ide.mcu.externaltools.gnu-tools-for-stm32.9-2020-q2-update.win32_1.5.0.202011040924/tools/bin/../lib/gcc/arm-none-eabi/9.3.1/../../../../arm-none-eabi/lib/thumb/v7-m/nofp\libc_nano.a(lib_a-nano-vfprintf_i.o)
 .rodata._dtoa_r.str1.1
                0x0000000008009eac       0x94 c:/st/stm32cubeide_1.6.1/stm32cubeide/plugins/com.st.stm32cube.ide.mcu.externaltools.gnu-tools-for-stm32.9-2020-q2-update.win32_1.5.0.202011040924/tools/bin/../lib/gcc/arm-none-eabi/9.3.1/../../../../arm-none-eabi/lib/thumb/v7-m/nofp\libc_nano.a(lib_a-dtoa.o)
                                         0x96 (size before relaxing)
 .rodata._Balloc.str1.1
                0x0000000008009f40       0x60 c:/st/stm32cubeide_1.6.1/stm32cubeide/plugins/com.st.stm32cube.ide.mcu.externaltools.gnu-tools-for-stm32.9-2020-q2-update.win32_1.5.0.202011040924/tools/bin/../lib/gcc/arm-none-eabi/9.3.1/../../../../arm-none-eabi/lib/thumb/v7-m/nofp\libc_nano.a(lib_a-mprec.o)
                                         0x77 (size before relaxing)
 .rodata.__multadd.str1.1
                0x0000000008009fa0       0x11 c:/st/stm32cubeide_1.6.1/stm32cubeide/plugins/com.st.stm32cube.ide.mcu.externaltools.gnu-tools-for-stm32.9-2020-q2-update.win32_1.5.0.202011040924/tools/bin/../lib/gcc/arm-none-eabi/9.3.1/../../../../arm-none-eabi/lib/thumb/v7-m/nofp\libc_nano.a(lib_a-mprec.o)
 .rodata.__mprec_bigtens
                0x0000000008009fa0       0x28 c:/st/stm32cubeide_1.6.1/stm32cubeide/plugins/com.st.stm32cube.ide.mcu.externaltools.gnu-tools-for-stm32.9-2020-q2-update.win32_1.5.0.202011040924/tools/bin/../lib/gcc/arm-none-eabi/9.3.1/../../../../arm-none-eabi/lib/thumb/v7-m/nofp\libc_nano.a(lib_a-mprec.o)
                0x0000000008009fa0                __mprec_bigtens
 .rodata.__mprec_tens
                0x0000000008009fc8       0xc8 c:/st/stm32cubeide_1.6.1/stm32cubeide/plugins/com.st.stm32cube.ide.mcu.externaltools.gnu-tools-for-stm32.9-2020-q2-update.win32_1.5.0.202011040924/tools/bin/../lib/gcc/arm-none-eabi/9.3.1/../../../../arm-none-eabi/lib/thumb/v7-m/nofp\libc_nano.a(lib_a-mprec.o)
                0x0000000008009fc8                __mprec_tens
 .rodata.p05.6150
                0x000000000800a090        0xc c:/st/stm32cubeide_1.6.1/stm32cubeide/plugins/com.st.stm32cube.ide.mcu.externaltools.gnu-tools-for-stm32.9-2020-q2-update.win32_1.5.0.202011040924/tools/bin/../lib/gcc/arm-none-eabi/9.3.1/../../../../arm-none-eabi/lib/thumb/v7-m/nofp\libc_nano.a(lib_a-mprec.o)
 .rodata._svfprintf_r.str1.1
                0x000000000800a09c       0x11 c:/st/stm32cubeide_1.6.1/stm32cubeide/plugins/com.st.stm32cube.ide.mcu.externaltools.gnu-tools-for-stm32.9-2020-q2-update.win32_1.5.0.202011040924/tools/bin/../lib/gcc/arm-none-eabi/9.3.1/../../../../arm-none-eabi/lib/thumb/v7-m/nofp\libc_nano.a(lib_a-nano-svfprintf.o)
 .rodata.__assert_func.str1.1
                0x000000000800a0ad       0x3c c:/st/stm32cubeide_1.6.1/stm32cubeide/plugins/com.st.stm32cube.ide.mcu.externaltools.gnu-tools-for-stm32.9-2020-q2-update.win32_1.5.0.202011040924/tools/bin/../lib/gcc/arm-none-eabi/9.3.1/../../../../arm-none-eabi/lib/thumb/v7-m/nofp\libc_nano.a(lib_a-assert.o)
                                         0x3d (size before relaxing)
 .rodata._setlocale_r.str1.1
                0x000000000800a0e9        0x8 c:/st/stm32cubeide_1.6.1/stm32cubeide/plugins/com.st.stm32cube.ide.mcu.externaltools.gnu-tools-for-stm32.9-2020-q2-update.win32_1.5.0.202011040924/tools/bin/../lib/gcc/arm-none-eabi/9.3.1/../../../../arm-none-eabi/lib/thumb/v7-m/nofp\libc_nano.a(lib_a-locale.o)
                                          0x9 (size before relaxing)
 .rodata.str1.1
                0x000000000800a0f1        0x2 c:/st/stm32cubeide_1.6.1/stm32cubeide/plugins/com.st.stm32cube.ide.mcu.externaltools.gnu-tools-for-stm32.9-2020-q2-update.win32_1.5.0.202011040924/tools/bin/../lib/gcc/arm-none-eabi/9.3.1/../../../../arm-none-eabi/lib/thumb/v7-m/nofp\libc_nano.a(lib_a-locale.o)
 .rodata._vfprintf_r.str1.1