Archive member included to satisfy reference by file (symbol)

c:/st/stm32cubeide_1.6.1/stm32cubeide/plugins/com.st.stm32cube.ide.mcu.externaltools.gnu-tools-for-stm32.9-2020-q2-update.win32_1.5.0.202011040924/tools/bin/../lib/gcc/arm-none-eabi/9.3.1/../../../../arm-none-eabi/lib/thumb/v7-m/nofp\libc_nano.a(lib_a-errno.o)
                              Core/Src/syscalls.o (__errno)
c:/st/stm32cubeide_1.6.1/stm32cubeide/plugins/com.st.stm32cube.ide.mcu.externaltools.gnu-tools-for-stm32.9-2020-q2-update.win32_1.5.0.202011040924/tools/bin/../lib/gcc/arm-none-eabi/9.3.1/../../../../arm-none-eabi/lib/thumb/v7-m/nofp\libc_nano.a(lib_a-exit.o)
                              c:/st/stm32cubeide_1.6.1/stm32cubeide/plugins/com.st.stm32cube.ide.mcu.externaltools.gnu-tools-for-stm32.9-2020-q2-update.win32_1.5.0.202011040924/tools/bin/../lib/gcc/arm-none-eabi/9.3.1/../../../../arm-none-eabi/lib/thumb/v7-m/nofp/crt0.o (exit)
c:/st/stm32cubeide_1.6.1/stm32cubeide/plugins/com.st.stm32cube.ide.mcu.externaltools.gnu-tools-for-stm32.9-2020-q2-update.win32_1.5.0.202011040924/tools/bin/../lib/gcc/arm-none-eabi/9.3.1/../../../../arm-none-eabi/lib/thumb/v7-m/nofp\libc_nano.a(lib_a-impure.o)
                              c:/st/stm32cubeide_1.6.1/stm32cubeide/plugins/com.st.stm32cube.ide.mcu.externaltools.gnu-tools-for-stm32.9-2020-q2-update.win32_1.5.0.202011040924/tools/bin/../lib/gcc/arm-none-eabi/9.3.1/../../../../arm-none-eabi/lib/thumb/v7-m/nofp\libc_nano.a(lib_a-exit.o) (_global_impure_ptr)
c:/st/stm32cubeide_1.6.1/stm32cubeide/plugins/com.st.stm32cube.ide.mcu.externaltools.gnu-tools-for-stm32.9-2020-q2-update.win32_1.5.0.202011040924/tools/bin/../lib/gcc/arm-none-eabi/9.3.1/../../../../arm-none-eabi/lib/thumb/v7-m/nofp\libc_nano.a(lib_a-init.o)
                              c:/st/stm32cubeide_1.6.1/stm32cubeide/plugins/com.st.stm32cube.ide.mcu.externaltools.gnu-tools-for-stm32.9-2020-q2-update.win32_1.5.0.202011040924/tools/bin/../lib/gcc/arm-none-eabi/9.3.1/../../../../arm-none-eabi/lib/thumb/v7-m/nofp/crt0.o (__libc_init_array)
c:/st/stm32cubeide_1.6.1/stm32cubeide/plugins/com.st.stm32cube.ide.mcu.externaltools.gnu-tools-for-stm32.9-2020-q2-update.win32_1.5.0.202011040924/tools/bin/../lib/gcc/arm-none-eabi/9.3.1/../../../../arm-none-eabi/lib/thumb/v7-m/nofp\libc_nano.a(lib_a-memset.o)
                              c:/st/stm32cubeide_1.6.1/stm32cubeide/plugins/com.st.stm32cube.ide.mcu.externaltools.gnu-tools-for-stm32.9-2020-q2-update.win32_1.5.0.202011040924/tools/bin/../lib/gcc/arm-none-eabi/9.3.1/../../../../arm-none-eabi/lib/thumb/v7-m/nofp/crt0.o (memset)
c:/st/stm32cubeide_1.6.1/stm32cubeide/plugins/com.st.stm32cube.ide.mcu.externaltools.gnu-tools-for-stm32.9-2020-q2-update.win32_1.5.0.202011040924/tools/bin/../lib/gcc/arm-none-eabi/9.3.1/../../../../arm-none-eabi/lib/thumb/v7-m/nofp\libc_nano.a(lib_a-nano-vfprintf_float.o)
                              (_printf_float)
c:/st/stm32cubeide_1.6.1/stm32cubeide/plugins/com.st.stm32cube.ide.mcu.externaltools.gnu-tools-for-stm32.9-2020-q2-update.win32_1.5.0.202011040924/tools/bin/../lib/gcc/arm-none-eabi/9.3.1/../../../../arm-none-eabi/lib/thumb/v7-m/nofp\libc_nano.a(lib_a-nano-vfprintf_i.o)
                              c:/st/stm32cubeide_1.6.1/stm32cubeide/plugins/com.st.stm32cube.ide.mcu.externaltools.gnu-tools-for-stm32.9-2020-q2-update.win32_1.5.0.202011040924/tools/bin/../lib/gcc/arm-none-eabi/9.3.1/../../../../arm-none-eabi/lib/thumb/v7-m/nofp\libc_nano.a(lib_a-nano-vfprintf_float.o) (_printf_common)
c:/st/stm32cubeide_1.6.1/stm32cubeide/plugins/com.st.stm32cube.ide.mcu.externaltools.gnu-tools-for-stm32.9-2020-q2-update.win32_1.5.0.202011040924/tools/bin/../lib/gcc/arm-none-eabi/9.3.1/../../../../arm-none-eabi/lib/thumb/v7-m/nofp\libc_nano.a(lib_a-sprintf.o)
                              Core/Src/main.o (sprintf)
c:/st/stm32cubeide_1.6.1/stm32cubeide/plugins/com.st.stm32cube.ide.mcu.externaltools.gnu-tools-for-stm32.9-2020-q2-update.win32_1.5.0.202011040924/tools/bin/../lib/gcc/arm-none-eabi/9.3.1/../../../../arm-none-eabi/lib/thumb/v7-m/nofp\libc_nano.a(lib_a-strlen.o)
                              Core/Src/LiquidCrystal.o (strlen)
c:/st/stm32cubeide_1.6.1/stm32cubeide/plugins/com.st.stm32cube.ide.mcu.externaltools.gnu-tools-for-stm32.9-2020-q2-update.win32_1.5.0.202011040924/tools/bin/../lib/gcc/arm-none-eabi/9.3.1/../../../../arm-none-eabi/lib/thumb/v7-m/nofp\libc_nano.a(lib_a-vsprintf.o)
                              Core/Src/swo_debug.o (vsprintf)
c:/st/stm32cubeide_1.6.1/stm32cubeide/plugins/com.st.stm32cube.ide.mcu.externaltools.gnu-tools-for-stm32.9-2020-q2-update.win32_1.5.0.202011040924/tools/bin/../lib/gcc/arm-none-eabi/9.3.1/../../../../arm-none-eabi/lib/thumb/v7-m/nofp\libc_nano.a(lib_a-dtoa.o)
[...]
Memory Configuration

Name             Origin             Length             Attributes
RAM              0x0000000020000000 0x0000000000005000 xrw
FLASH            0x0000000008000000 0x0000000000010000 xr
*default*        0x0000000000000000 0xffffffffffffffff

Linker script and memory map

LOAD c:/st/stm32cubeide_1.6.1/stm32cubeide/plugins/com.st.stm32cube.ide.mcu.externaltools.gnu-tools-for-stm32.9-2020-q2-update.win32_1.5.0.202011040924/tools/bin/../lib/gcc/arm-none-eabi/9.3.1/thumb/v7-m/nofp/crti.o
LOAD c:/st/stm32cubeide_1.6.1/stm32cubeide/plugins/com.st.stm32cube.ide.mcu.externaltools.gnu-tools-for-stm32.9-2020-q2-update.win32_1.5.0.202011040924/tools/bin/../lib/gcc/arm-none-eabi/9.3.1/thumb/v7-m/nofp/crtbegin.o
LOAD c:/st/stm32cubeide_1.6.1/stm32cubeide/plugins/com.st.stm32cube.ide.mcu.externaltools.gnu-tools-for-stm32.9-2020-q2-update.win32_1.5.0.202011040924/tools/bin/../lib/gcc/arm-none-eabi/9.3.1/../../../../arm-none-eabi/lib/thumb/v7-m/nofp/crt0.o
LOAD Core/Src/LiquidCrystal.o
LOAD Core/Src/main.o
LOAD Core/Src/stm32f1xx_hal_msp.o
LOAD Core/Src/stm32f1xx_it.o
LOAD Core/Src/swo_debug.o
LOAD Core/Src/syscalls.o
LOAD Core/Src/sysmem.o
LOAD Core/Src/system_stm32f1xx.o
LOAD Core/Startup/startup_stm32f103c8tx.o
LOAD Drivers/STM32F1xx_HAL_Driver/Src/stm32f1xx_hal.o
LOAD Drivers/STM32F1xx_HAL_Driver/Src/stm32f1xx_hal_cortex.o
LOAD Drivers/STM32F1xx_HAL_Driver/Src/stm32f1xx_hal_dma.o
LOAD Drivers/STM32F1xx_HAL_Driver/Src/stm32f1xx_hal_exti.o
LOAD Drivers/STM32F1xx_HAL_Driver/Src/stm32f1xx_hal_flash.o
LOAD Drivers/STM32F1xx_HAL_Driver/Src/stm32f1xx_hal_flash_ex.o
LOAD Drivers/STM32F1xx_HAL_Driver/Src/stm32f1xx_hal_gpio.o
LOAD Drivers/STM32F1xx_HAL_Driver/Src/stm32f1xx_hal_gpio_ex.o
LOAD Drivers/STM32F1xx_HAL_Driver/Src/stm32f1xx_hal_pwr.o
LOAD Drivers/STM32F1xx_HAL_Driver/Src/stm32f1xx_hal_rcc.o
LOAD Drivers/STM32F1xx_HAL_Driver/Src/stm32f1xx_hal_rcc_ex.o
LOAD Drivers/STM32F1xx_HAL_Driver/Src/stm32f1xx_hal_tim.o
LOAD Drivers/STM32F1xx_HAL_Driver/Src/stm32f1xx_hal_tim_ex.o
LOAD Micrium/Software/uC-CPU/ARM-Cortex-M/ARMv7-M/GNU/cpu_a.o
LOAD Micrium/Software/uC-CPU/ARM-Cortex-M/ARMv7-M/cpu_c.o
LOAD Micrium/Software/uC-CPU/cpu_core.o
LOAD Micrium/Software/uC-LIB/lib_ascii.o
LOAD Micrium/Software/uC-LIB/lib_math.o
LOAD Micrium/Software/uC-LIB/lib_mem.o
LOAD Micrium/Software/uC-LIB/lib_str.o
LOAD Micrium/Software/uCOS-II/Ports/ARM-Cortex-M/ARMv7-M/GNU/os_cpu_a.o
LOAD Micrium/Software/uCOS-II/Ports/ARM-Cortex-M/ARMv7-M/GNU/os_dbg.o
LOAD Micrium/Software/uCOS-II/Ports/ARM-Cortex-M/ARMv7-M/os_cpu_c.o
LOAD Micrium/Software/uCOS-II/Source/os_core.o
LOAD Micrium/Software/uCOS-II/Source/os_flag.o
LOAD Micrium/Software/uCOS-II/Source/os_mbox.o
LOAD Micrium/Software/uCOS-II/Source/os_mem.o
LOAD Micrium/Software/uCOS-II/Source/os_mutex.o
LOAD Micrium/Software/uCOS-II/Source/os_q.o
LOAD Micrium/Software/uCOS-II/Source/os_sem.o
LOAD Micrium/Software/uCOS-II/Source/os_task.o
LOAD Micrium/Software/uCOS-II/Source/os_time.o
LOAD Micrium/Software/uCOS-II/Source/os_tmr.o
LOAD Micrium/Template/OS2/app_hooks.o
START GROUP
LOAD c:/st/stm32cubeide_1.6.1/stm32cubeide/plugins/com.st.stm32cube.ide.mcu.externaltools.gnu-tools-for-stm32.9-2020-q2-update.win32_1.5.0.202011040924/tools/bin/../lib/gcc/arm-none-eabi/9.3.1/../../../../arm-none-eabi/lib/thumb/v7-m/nofp\libc_nano.a
LOAD c:/st/stm32cubeide_1.6.1/stm32cubeide/plugins/com.st.stm32cube.ide.mcu.externaltools.gnu-tools-for-stm32.9-2020-q2-update.win32_1.5.0.202011040924/tools/bin/../lib/gcc/arm-none-eabi/9.3.1/../../../../arm-none-eabi/lib/thumb/v7-m/nofp\libm.a
END GROUP
START GROUP
LOAD c:/st/stm32cubeide_1.6.1/stm32cubeide/plugins/com.st.stm32cube.ide.mcu.externaltools.gnu-tools-for-stm32.9-2020-q2-update.win32_1.5.0.202011040924/tools/bin/../lib/gcc/arm-none-eabi/9.3.1/thumb/v7-m/nofp\libgcc.a
LOAD c:/st/stm32cubeide_1.6.1/stm32cubeide/plugins/com.st.stm32cube.ide.mcu.externaltools.gnu-tools-for-stm32.9-2020-q2-update.win32_1.5.0.202011040924/tools/bin/../lib/gcc/arm-none-eabi/9.3.1/../../../../arm-none-eabi/lib/thumb/v7-m/nofp\libc_nano.a
END GROUP
START GROUP
LOAD c:/st/stm32cubeide_1.6.1/stm32cubeide/plugins/com.st.stm32cube.ide.mcu.externaltools.gnu-tools-for-stm32.9-2020-q2-update.win32_1.5.0.202011040924/tools/bin/../lib/gcc/arm-none-eabi/9.3.1/thumb/v7-m/nofp\libgcc.a
LOAD c:/st/stm32cubeide_1.6.1/stm32cubeide/plugins/com.st.stm32cube.ide.mcu.externaltools.gnu-tools-for-stm32.9-2020-q2-update.win32_1.5.0.202011040924/tools/bin/../lib/gcc/arm-none-eabi/9.3.1/../../../../arm-none-eabi/lib/thumb/v7-m/nofp\libc_nano.a
LOAD c:/st/stm32cubeide_1.6.1/stm32cubeide/plugins/com.st.stm32cube.ide.mcu.externaltools.gnu-tools-for-stm32.9-2020-q2-update.win32_1.5.0.202011040924/tools/bin/../lib/gcc/arm-none-eabi/9.3.1/../../../../arm-none-eabi/lib/thumb/v7-m/nofp\libnosys.a
END GROUP
START GROUP
LOAD c:/st/stm32cubeide_1.6.1/stm32cubeide/plugins/com.st.stm32cube.ide.mcu.externaltools.gnu-tools-for-stm32.9-2020-q2-update.win32_1.5.0.202011040924/tools/bin/../lib/gcc/arm-none-eabi/9.3.1/thumb/v7-m/nofp\libgcc.a
LOAD c:/st/stm32cubeide_1.6.1/stm32cubeide/plugins/com.st.stm32cube.ide.mcu.externaltools.gnu-tools-for-stm32.9-2020-q2-update.win32_1.5.0.202011040924/tools/bin/../lib/gcc/arm-none-eabi/9.3.1/../../../../arm-none-eabi/lib/thumb/v7-m/nofp\libc_nano.a
LOAD c:/st/stm32cubeide_1.6.1/stm32cubeide/plugins/com.st.stm32cube.ide.mcu.externaltools.gnu-tools-for-stm32.9-2020-q2-update.win32_1.5.0.202011040924/tools/bin/../lib/gcc/arm-none-eabi/9.3.1/../../../../arm-none-eabi/lib/thumb/v7-m/nofp\libnosys.a
END GROUP
LOAD c:/st/stm32cubeide_1.6.1/stm32cubeide/plugins/com.st.stm32cube.ide.mcu.externaltools.gnu-tools-for-stm32.9-2020-q2-update.win32_1.5.0.202011040924/tools/bin/../lib/gcc/arm-none-eabi/9.3.1/thumb/v7-m/nofp/crtend.o
LOAD c:/st/stm32cubeide_1.6.1/stm32cubeide/plugins/com.st.stm32cube.ide.mcu.externaltools.gnu-tools-for-stm32.9-2020-q2-update.win32_1.5.0.202011040924/tools/bin/../lib/gcc/arm-none-eabi/9.3.1/thumb/v7-m/nofp/crtn.o
                0x0000000020005000                _estack = (ORIGIN (RAM) + LENGTH (RAM))
                0x0000000000000200                _Min_Heap_Size = 0x200
                0x0000000000000400                _Min_Stack_Size = 0x400

.isr_vector     0x0000000008000000      0x10c
                0x0000000008000000                . = ALIGN (0x4)
 *(.isr_vector)
 .isr_vector    0x0000000008000000      0x10c Core/Startup/startup_stm32f103c8tx.o
                0x0000000008000000                g_pfnVectors
                0x000000000800010c                . = ALIGN (0x4)

.text           0x0000000008000110     0x91c4
                0x0000000008000110                . = ALIGN (0x4)
 *(.text)
 .text          0x0000000008000110       0x40 c:/st/stm32cubeide_1.6.1/stm32cubeide/plugins/com.st.stm32cube.ide.mcu.externaltools.gnu-tools-for-stm32.9-2020-q2-update.win32_1.5.0.202011040924/tools/bin/../lib/gcc/arm-none-eabi/9.3.1/thumb/v7-m/nofp/crtbegin.o
 .text          0x0000000008000150       0x54 Micrium/Software/uC-CPU/ARM-Cortex-M/ARMv7-M/GNU/cpu_a.o
                0x0000000008000150                CPU_IntDis
                0x0000000008000154                CPU_IntEn
                0x0000000008000158                CPU_SR_Save
                0x0000000008000174                CPU_SR_Restore
                0x0000000008000186                CPU_WaitForInt
                0x000000000800018a                CPU_WaitForExcept
                0x000000000800018e                CPU_CntLeadZeros
                0x0000000008000194                CPU_CntTrailZeros
                0x000000000800019e                CPU_RevBits
 .text          0x00000000080001a4      0x12c Micrium/Software/uCOS-II/Ports/ARM-Cortex-M/ARMv7-M/GNU/os_cpu_a.o
                0x00000000080001a4                OS_CPU_SR_Save
                0x00000000080001c0                OS_CPU_SR_Restore
                0x00000000080001d2                OSStartHighRdy
                0x0000000008000252                OSIntCtxSw
                0x0000000008000252                OSCtxSw
                0x000000000800025c                OS_CPU_PendSVHandler
 .text          0x00000000080002d0       0x10 c:/st/stm32cubeide_1.6.1/stm32cubeide/plugins/com.st.stm32cube.ide.mcu.externaltools.gnu-tools-for-stm32.9-2020-q2-update.win32_1.5.0.202011040924/tools/bin/../lib/gcc/arm-none-eabi/9.3.1/../../../../arm-none-eabi/lib/thumb/v7-m/nofp\libc_nano.a(lib_a-strlen.o)
                0x00000000080002d0                strlen
 .text          0x00000000080002e0      0x378 c:/st/stm32cubeide_1.6.1/stm32cubeide/plugins/com.st.stm32cube.ide.mcu.externaltools.gnu-tools-for-stm32.9-2020-q2-update.win32_1.5.0.202011040924/tools/bin/../lib/gcc/arm-none-eabi/9.3.1/thumb/v7-m/nofp\libgcc.a(_arm_addsubdf3.o)
                0x00000000080002e0                __aeabi_drsub
                0x00000000080002e8                __aeabi_dsub
                0x00000000080002e8                __subdf3
                0x00000000080002ec                __aeabi_dadd
                0x00000000080002ec                __adddf3
                0x0000000008000564                __floatunsidf
                0x0000000008000564                __aeabi_ui2d
                0x0000000008000584                __floatsidf
                0x0000000008000584                __aeabi_i2d
                0x00000000080005a8                __aeabi_f2d
                0x00000000080005a8                __extendsfdf2
                0x00000000080005ec                __floatundidf
                0x00000000080005ec                __aeabi_ul2d
                0x00000000080005fc                __floatdidf
                0x00000000080005fc                __aeabi_l2d
 .text          0x0000000008000658      0x424 c:/st/stm32cubeide_1.6.1/stm32cubeide/plugins/com.st.stm32cube.ide.mcu.externaltools.gnu-tools-for-stm32.9-2020-q2-update.win32_1.5.0.202011040924/tools/bin/../lib/gcc/arm-none-eabi/9.3.1/thumb/v7-m/nofp\libgcc.a(_arm_muldivdf3.o)
                0x0000000008000658                __aeabi_dmul
                0x0000000008000658                __muldf3
                0x00000000080008ac                __divdf3
                0x00000000080008ac                __aeabi_ddiv
 .text          0x0000000008000a7c      0x110 c:/st/stm32cubeide_1.6.1/stm32cubeide/plugins/com.st.stm32cube.ide.mcu.externaltools.gnu-tools-for-stm32.9-2020-q2-update.win32_1.5.0.202011040924/tools/bin/../lib/gcc/arm-none-eabi/9.3.1/thumb/v7-m/nofp\libgcc.a(_arm_cmpdf2.o)
                0x0000000008000a7c                __gtdf2
                0x0000000008000a7c                __gedf2
                0x0000000008000a84                __ltdf2
                0x0000000008000a84                __ledf2
                0x0000000008000a8c                __nedf2
                0x0000000008000a8c                __eqdf2
                0x0000000008000a8c                __cmpdf2
                0x0000000008000b08                __aeabi_cdrcmple
                0x0000000008000b18                __aeabi_cdcmpeq
                0x0000000008000b18                __aeabi_cdcmple
                0x0000000008000b28                __aeabi_dcmpeq
                0x0000000008000b3c                __aeabi_dcmplt
                0x0000000008000b50                __aeabi_dcmple
                0x0000000008000b64                __aeabi_dcmpge
                0x0000000008000b78                __aeabi_dcmpgt
 .text          0x0000000008000b8c       0x2c c:/st/stm32cubeide_1.6.1/stm32cubeide/plugins/com.st.stm32cube.ide.mcu.externaltools.gnu-tools-for-stm32.9-2020-q2-update.win32_1.5.0.202011040924/tools/bin/../lib/gcc/arm-none-eabi/9.3.1/thumb/v7-m/nofp\libgcc.a(_arm_unorddf2.o)
                0x0000000008000b8c                __unorddf2
                0x0000000008000b8c                __aeabi_dcmpun
 .text          0x0000000008000bb8       0x50 c:/st/stm32cubeide_1.6.1/stm32cubeide/plugins/com.st.stm32cube.ide.mcu.externaltools.gnu-tools-for-stm32.9-2020-q2-update.win32_1.5.0.202011040924/tools/bin/../lib/gcc/arm-none-eabi/9.3.1/thumb/v7-m/nofp\libgcc.a(_arm_fixdfsi.o)
                0x0000000008000bb8                __aeabi_d2iz
                0x0000000008000bb8                __fixdfsi
 .text          0x0000000008000c08       0xa0 c:/st/stm32cubeide_1.6.1/stm32cubeide/plugins/com.st.stm32cube.ide.mcu.externaltools.gnu-tools-for-stm32.9-2020-q2-update.win32_1.5.0.202011040924/tools/bin/../lib/gcc/arm-none-eabi/9.3.1/thumb/v7-m/nofp\libgcc.a(_arm_truncdfsf2.o)
                0x0000000008000c08                __truncdfsf2
                0x0000000008000c08                __aeabi_d2f
 .text          0x0000000008000ca8       0x40 c:/st/stm32cubeide_1.6.1/stm32cubeide/plugins/com.st.stm32cube.ide.mcu.externaltools.gnu-tools-for-stm32.9-2020-q2-update.win32_1.5.0.202011040924/tools/bin/../lib/gcc/arm-none-eabi/9.3.1/thumb/v7-m/nofp\libgcc.a(_arm_fixunssfsi.o)
                0x0000000008000ca8                __fixunssfsi
                0x0000000008000ca8                __aeabi_f2uiz
 *(.text*)
 .text.LiquidCrystal
                0x0000000008000ce8       0x94 Core/Src/LiquidCrystal.o
                0x0000000008000ce8                LiquidCrystal
 .text.init     0x0000000008000d7c       0x9c Core/Src/LiquidCrystal.o
                0x0000000008000d7c                init
 .text.begin    0x0000000008000e18      0x244 Core/Src/LiquidCrystal.o
                0x0000000008000e18                begin
 .text.enableClock
                0x000000000800105c      0x104 Core/Src/LiquidCrystal.o
                0x000000000800105c                enableClock
 .text.setRowOffsets
                0x0000000008001160       0x3c Core/Src/LiquidCrystal.o
                0x0000000008001160                setRowOffsets
 .text.clear    0x000000000800119c       0x1a Core/Src/LiquidCrystal.o
                0x000000000800119c                clear
 *fill*         0x00000000080011b6        0x2 
 .text.setCursor
                0x00000000080011b8       0x64 Core/Src/LiquidCrystal.o
                0x00000000080011b8                setCursor
 .text.display  0x000000000800121c       0x2c Core/Src/LiquidCrystal.o
                0x000000000800121c                display
 .text.noBlink  0x0000000008001248       0x2c Core/Src/LiquidCrystal.o
                0x0000000008001248                noBlink
 .text.blink    0x0000000008001274       0x2c Core/Src/LiquidCrystal.o
                0x0000000008001274                blink
 .text.print    0x00000000080012a0       0x56 Core/Src/LiquidCrystal.o
                0x00000000080012a0                print
 .text.command  0x00000000080012f6       0x1c Core/Src/LiquidCrystal.o
                0x00000000080012f6                command
 .text.write    0x0000000008001312       0x1e Core/Src/LiquidCrystal.o
                0x0000000008001312                write
 .text.send     0x0000000008001330       0x7c Core/Src/LiquidCrystal.o
                0x0000000008001330                send
 .text.pulseEnable
                0x00000000080013ac       0x64 Core/Src/LiquidCrystal.o
                0x00000000080013ac                pulseEnable
 .text.write4bits
                0x0000000008001410       0x54 Core/Src/LiquidCrystal.o
                0x0000000008001410                write4bits
 .text.write8bits
                0x0000000008001464       0x54 Core/Src/LiquidCrystal.o
                0x0000000008001464                write8bits
 .text.LecturaPulsadores
                0x00000000080014b8      0x2c4 Core/Src/main.o
 .text.ActualizarDisplay
                0x000000000800177c      0x1d8 Core/Src/main.o
 .text.ControlMotor
                0x0000000008001954       0x90 Core/Src/main.o
 .text.Detener  0x00000000080019e4       0x40 Core/Src/main.o
 .text.Rampa    0x0000000008001a24       0x9c Core/Src/main.o
 .text.CicloAutomatico
                0x0000000008001ac0      0x1fc Core/Src/main.o
                0x0000000008001ac0                CicloAutomatico
 .text.GiroHorario
                0x0000000008001cbc       0x48 Core/Src/main.o
                0x0000000008001cbc                GiroHorario
 .text.GiroAntiHorario
                0x0000000008001d04       0x48 Core/Src/main.o
                0x0000000008001d04                GiroAntiHorario
 .text.main     0x0000000008001d4c       0x80 Core/Src/main.o
                0x0000000008001d4c                main
 .text.SystemClock_Config
                0x0000000008001dcc       0x8a Core/Src/main.o
                0x0000000008001dcc                SystemClock_Config
 *fill*         0x0000000008001e56        0x2 
 .text.MX_TIM4_Init
                0x0000000008001e58       0xf0 Core/Src/main.o
 .text.MX_GPIO_Init
                0x0000000008001f48      0x130 Core/Src/main.o
 .text.HAL_InitTick
                0x0000000008002078       0x14 Core/Src/main.o
                0x0000000008002078                HAL_InitTick
 .text.HAL_GetTick
                0x000000000800208c       0x16 Core/Src/main.o
                0x000000000800208c                HAL_GetTick
 *fill*         0x00000000080020a2        0x2 
 .text.StartupTask
                0x00000000080020a4       0x48 Core/Src/main.o
 .text.App_TaskCreate
                0x00000000080020ec       0x50 Core/Src/main.o
 .text.App_Task2Create
                0x000000000800213c       0x50 Core/Src/main.o
 .text.App_Task3Create
                0x000000000800218c       0x50 Core/Src/main.o
 .text.App_Task4Create
                0x00000000080021dc       0x50 Core/Src/main.o
 .text.App_Task5Create
                0x000000000800222c       0x50 Core/Src/main.o
 .text.Error_Handler
                0x000000000800227c        0xc Core/Src/main.o
                0x000000000800227c                Error_Handler
 .text.HAL_MspInit
                0x0000000008002288       0x64 Core/Src/stm32f1xx_hal_msp.o
                0x0000000008002288                HAL_MspInit
 .text.HAL_TIM_Base_MspInit
                0x00000000080022ec       0x3c Core/Src/stm32f1xx_hal_msp.o
                0x00000000080022ec                HAL_TIM_Base_MspInit
 .text.HAL_TIM_MspPostInit
                0x0000000008002328       0x64 Core/Src/stm32f1xx_hal_msp.o
                0x0000000008002328                HAL_TIM_MspPostInit
 .text.NMI_Handler
                0x000000000800238c        0xc Core/Src/stm32f1xx_it.o
                0x000000000800238c                NMI_Handler
 .text.HardFault_Handler
                0x0000000008002398        0x6 Core/Src/stm32f1xx_it.o
                0x0000000008002398                HardFault_Handler
 .text.MemManage_Handler
                0x000000000800239e        0x6 Core/Src/stm32f1xx_it.o
                0x000000000800239e                MemManage_Handler
 .text.BusFault_Handler
                0x00000000080023a4        0x6 Core/Src/stm32f1xx_it.o
                0x00000000080023a4                BusFault_Handler
 .text.UsageFault_Handler
                0x00000000080023aa        0x6 Core/Src/stm32f1xx_it.o
                0x00000000080023aa                UsageFault_Handler
 .text.SVC_Handler
                0x00000000080023b0        0xc Core/Src/stm32f1xx_it.o
                0x00000000080023b0                SVC_Handler
 .text.DebugMon_Handler
                0x00000000080023bc        0xc Core/Src/stm32f1xx_it.o
                0x00000000080023bc                DebugMon_Handler
 .text._getpid  0x00000000080023c8        0xe Core/Src/syscalls.o
                0x00000000080023c8                _getpid
 .text._kill    0x00000000080023d6       0x20 Core/Src/syscalls.o
                0x00000000080023d6                _kill
 .text._exit    0x00000000080023f6       0x14 Core/Src/syscalls.o
                0x00000000080023f6                _exit
 .text._read    0x000000000800240a       0x3a Core/Src/syscalls.o
                0x000000000800240a                _read
 .text._write   0x0000000008002444       0x38 Core/Src/syscalls.o
                0x0000000008002444                _write
 .text._close   0x000000000800247c       0x16 Core/Src/syscalls.o
                0x000000000800247c                _close
 .text._fstat   0x0000000008002492       0x1e Core/Src/syscalls.o
                0x0000000008002492                _fstat
 .text._isatty  0x00000000080024b0       0x14 Core/Src/syscalls.o
                0x00000000080024b0                _isatty
 .text._lseek   0x00000000080024c4       0x18 Core/Src/syscalls.o
                0x00000000080024c4                _lseek
 .text._sbrk    0x00000000080024dc       0x58 Core/Src/sysmem.o
                0x00000000080024dc                _sbrk
 .text.SystemInit
                0x0000000008002534       0x68 Core/Src/system_stm32f1xx.o
                0x0000000008002534                SystemInit
 .text.Reset_Handler
                0x000000000800259c       0x48 Core/Startup/startup_stm32f103c8tx.o
                0x000000000800259c                Reset_Handler
 .text.Default_Handler
                0x00000000080025e4        0x2 Core/Startup/startup_stm32f103c8tx.o
                0x00000000080025e4                RTC_Alarm_IRQHandler
                0x00000000080025e4                EXTI2_IRQHandler
                0x00000000080025e4                TIM1_CC_IRQHandler
                0x00000000080025e4                PVD_IRQHandler
                0x00000000080025e4                EXTI3_IRQHandler
                0x00000000080025e4                EXTI0_IRQHandler
                0x00000000080025e4                I2C2_EV_IRQHandler
                0x00000000080025e4                ADC1_2_IRQHandler
                0x00000000080025e4                SPI1_IRQHandler
                0x00000000080025e4                TAMPER_IRQHandler
                0x00000000080025e4                DMA1_Channel4_IRQHandler
                0x00000000080025e4                USART3_IRQHandler
                0x00000000080025e4                RTC_IRQHandler
                0x00000000080025e4                DMA1_Channel7_IRQHandler
                0x00000000080025e4                CAN1_RX1_IRQHandler
                0x00000000080025e4                TIM4_IRQHandler
                0x00000000080025e4                I2C1_EV_IRQHandler
                0x00000000080025e4                DMA1_Channel6_IRQHandler
                0x00000000080025e4                TIM3_IRQHandler
                0x00000000080025e4                RCC_IRQHandler
                0x00000000080025e4                TIM1_TRG_COM_IRQHandler
                0x00000000080025e4                DMA1_Channel1_IRQHandler
                0x00000000080025e4                Default_Handler
                0x00000000080025e4                EXTI15_10_IRQHandler
                0x00000000080025e4                EXTI9_5_IRQHandler
                0x00000000080025e4                SPI2_IRQHandler
                0x00000000080025e4                DMA1_Channel5_IRQHandler
                0x00000000080025e4                EXTI4_IRQHandler
                0x00000000080025e4                USB_LP_CAN1_RX0_IRQHandler
                0x00000000080025e4                USB_HP_CAN1_TX_IRQHandler
                0x00000000080025e4                DMA1_Channel3_IRQHandler
                0x00000000080025e4                TIM1_UP_IRQHandler
                0x00000000080025e4                WWDG_IRQHandler
                0x00000000080025e4                TIM2_IRQHandler
                0x00000000080025e4                TIM1_BRK_IRQHandler
                0x00000000080025e4                EXTI1_IRQHandler
                0x00000000080025e4                USART2_IRQHandler
                0x00000000080025e4                I2C2_ER_IRQHandler
                0x00000000080025e4                DMA1_Channel2_IRQHandler
                0x00000000080025e4                CAN1_SCE_IRQHandler
                0x00000000080025e4                FLASH_IRQHandler
                0x00000000080025e4                USART1_IRQHandler
                0x00000000080025e4                I2C1_ER_IRQHandler
                0x00000000080025e4                USBWakeUp_IRQHandler
 *fill*         0x00000000080025e6        0x2 
 .text.HAL_Init
                0x00000000080025e8       0x2c Drivers/STM32F1xx_HAL_Driver/Src/stm32f1xx_hal.o
                0x00000000080025e8                HAL_Init
 .text.__NVIC_SetPriorityGrouping
                0x0000000008002614       0x48 Drivers/STM32F1xx_HAL_Driver/Src/stm32f1xx_hal_cortex.o
 .text.HAL_NVIC_SetPriorityGrouping
                0x000000000800265c       0x16 Drivers/STM32F1xx_HAL_Driver/Src/stm32f1xx_hal_cortex.o
                0x000000000800265c                HAL_NVIC_SetPriorityGrouping
 *fill*         0x0000000008002672        0x2 
 .text.HAL_GPIO_Init
                0x0000000008002674      0x308 Drivers/STM32F1xx_HAL_Driver/Src/stm32f1xx_hal_gpio.o
                0x0000000008002674                HAL_GPIO_Init
 .text.HAL_GPIO_ReadPin
                0x000000000800297c       0x2e Drivers/STM32F1xx_HAL_Driver/Src/stm32f1xx_hal_gpio.o
                0x000000000800297c                HAL_GPIO_ReadPin
 .text.HAL_GPIO_WritePin
                0x00000000080029aa       0x30 Drivers/STM32F1xx_HAL_Driver/Src/stm32f1xx_hal_gpio.o
                0x00000000080029aa                HAL_GPIO_WritePin
 .text.HAL_GPIO_TogglePin
                0x00000000080029da       0x32 Drivers/STM32F1xx_HAL_Driver/Src/stm32f1xx_hal_gpio.o
                0x00000000080029da                HAL_GPIO_TogglePin
 .text.HAL_RCC_OscConfig
                0x0000000008002a0c      0x500 Drivers/STM32F1xx_HAL_Driver/Src/stm32f1xx_hal_rcc.o
                0x0000000008002a0c                HAL_RCC_OscConfig
 .text.HAL_RCC_ClockConfig
                0x0000000008002f0c      0x1d4 Drivers/STM32F1xx_HAL_Driver/Src/stm32f1xx_hal_rcc.o
                0x0000000008002f0c                HAL_RCC_ClockConfig
 .text.HAL_RCC_GetSysClockFreq
                0x00000000080030e0       0xc0 Drivers/STM32F1xx_HAL_Driver/Src/stm32f1xx_hal_rcc.o
                0x00000000080030e0                HAL_RCC_GetSysClockFreq
 .text.HAL_RCC_GetHCLKFreq
                0x00000000080031a0       0x14 Drivers/STM32F1xx_HAL_Driver/Src/stm32f1xx_hal_rcc.o
                0x00000000080031a0                HAL_RCC_GetHCLKFreq
 .text.RCC_Delay
                0x00000000080031b4       0x3c Drivers/STM32F1xx_HAL_Driver/Src/stm32f1xx_hal_rcc.o
 .text.HAL_TIM_Base_Init
                0x00000000080031f0       0x9e Drivers/STM32F1xx_HAL_Driver/Src/stm32f1xx_hal_tim.o
                0x00000000080031f0                HAL_TIM_Base_Init
 .text.HAL_TIM_PWM_Init
                0x000000000800328e       0x9e Drivers/STM32F1xx_HAL_Driver/Src/stm32f1xx_hal_tim.o
                0x000000000800328e                HAL_TIM_PWM_Init
 .text.HAL_TIM_PWM_MspInit
                0x000000000800332c       0x12 Drivers/STM32F1xx_HAL_Driver/Src/stm32f1xx_hal_tim.o
                0x000000000800332c                HAL_TIM_PWM_MspInit
 *fill*         0x000000000800333e        0x2 
 .text.HAL_TIM_PWM_Start
                0x0000000008003340      0x144 Drivers/STM32F1xx_HAL_Driver/Src/stm32f1xx_hal_tim.o
                0x0000000008003340                HAL_TIM_PWM_Start
 .text.HAL_TIM_PWM_Stop
                0x0000000008003484       0xc8 Drivers/STM32F1xx_HAL_Driver/Src/stm32f1xx_hal_tim.o
                0x0000000008003484                HAL_TIM_PWM_Stop
 .text.HAL_TIM_PWM_ConfigChannel
                0x000000000800354c      0x17c Drivers/STM32F1xx_HAL_Driver/Src/stm32f1xx_hal_tim.o
                0x000000000800354c                HAL_TIM_PWM_ConfigChannel
 .text.HAL_TIM_ConfigClockSource
                0x00000000080036c8      0x188 Drivers/STM32F1xx_HAL_Driver/Src/stm32f1xx_hal_tim.o
                0x00000000080036c8                HAL_TIM_ConfigClockSource
 .text.TIM_Base_SetConfig
                0x0000000008003850       0xc4 Drivers/STM32F1xx_HAL_Driver/Src/stm32f1xx_hal_tim.o
                0x0000000008003850                TIM_Base_SetConfig
 .text.TIM_OC1_SetConfig
                0x0000000008003914       0xcc Drivers/STM32F1xx_HAL_Driver/Src/stm32f1xx_hal_tim.o
 .text.TIM_OC2_SetConfig
                0x00000000080039e0       0xd4 Drivers/STM32F1xx_HAL_Driver/Src/stm32f1xx_hal_tim.o
                0x00000000080039e0                TIM_OC2_SetConfig
 .text.TIM_OC3_SetConfig
                0x0000000008003ab4       0xd4 Drivers/STM32F1xx_HAL_Driver/Src/stm32f1xx_hal_tim.o
 .text.TIM_OC4_SetConfig
                0x0000000008003b88       0x9c Drivers/STM32F1xx_HAL_Driver/Src/stm32f1xx_hal_tim.o
 .text.TIM_TI1_ConfigInputStage
                0x0000000008003c24       0x5c Drivers/STM32F1xx_HAL_Driver/Src/stm32f1xx_hal_tim.o
 .text.TIM_TI2_ConfigInputStage
                0x0000000008003c80       0x5e Drivers/STM32F1xx_HAL_Driver/Src/stm32f1xx_hal_tim.o
 .text.TIM_ITRx_SetConfig
                0x0000000008003cde       0x34 Drivers/STM32F1xx_HAL_Driver/Src/stm32f1xx_hal_tim.o
 .text.TIM_ETR_SetConfig
                0x0000000008003d12       0x3e Drivers/STM32F1xx_HAL_Driver/Src/stm32f1xx_hal_tim.o
                0x0000000008003d12                TIM_ETR_SetConfig
 .text.TIM_CCxChannelCmd
                0x0000000008003d50       0x48 Drivers/STM32F1xx_HAL_Driver/Src/stm32f1xx_hal_tim.o
                0x0000000008003d50                TIM_CCxChannelCmd
 .text.HAL_TIMEx_MasterConfigSynchronization
                0x0000000008003d98       0xbc Drivers/STM32F1xx_HAL_Driver/Src/stm32f1xx_hal_tim_ex.o
                0x0000000008003d98                HAL_TIMEx_MasterConfigSynchronization
 .text.CPU_IntSrcPrioSet
                0x0000000008003e54      0x278 Micrium/Software/uC-CPU/ARM-Cortex-M/ARMv7-M/cpu_c.o
                0x0000000008003e54                CPU_IntSrcPrioSet
 .text.CPU_SW_Exception
                0x00000000080040cc        0x6 Micrium/Software/uC-CPU/cpu_core.o
                0x00000000080040cc                CPU_SW_Exception
 *fill*         0x00000000080040d2        0x2 
 .text.OSDebugInit
                0x00000000080040d4      0x1d8 Micrium/Software/uCOS-II/Ports/ARM-Cortex-M/ARMv7-M/GNU/os_dbg.o
                0x00000000080040d4                OSDebugInit
 .text.OSInitHookBegin
                0x00000000080042ac       0x68 Micrium/Software/uCOS-II/Ports/ARM-Cortex-M/ARMv7-M/os_cpu_c.o
                0x00000000080042ac                OSInitHookBegin
 .text.OSInitHookEnd
                0x0000000008004314        0xc Micrium/Software/uCOS-II/Ports/ARM-Cortex-M/ARMv7-M/os_cpu_c.o
                0x0000000008004314                OSInitHookEnd
 .text.OSTaskCreateHook
                0x0000000008004320       0x16 Micrium/Software/uCOS-II/Ports/ARM-Cortex-M/ARMv7-M/os_cpu_c.o
                0x0000000008004320                OSTaskCreateHook
 .text.OSTaskDelHook
                0x0000000008004336       0x16 Micrium/Software/uCOS-II/Ports/ARM-Cortex-M/ARMv7-M/os_cpu_c.o
                0x0000000008004336                OSTaskDelHook
 .text.OSTaskIdleHook
                0x000000000800434c        0xc Micrium/Software/uCOS-II/Ports/ARM-Cortex-M/ARMv7-M/os_cpu_c.o
                0x000000000800434c                OSTaskIdleHook
 .text.OSTaskReturnHook
                0x0000000008004358       0x16 Micrium/Software/uCOS-II/Ports/ARM-Cortex-M/ARMv7-M/os_cpu_c.o
                0x0000000008004358                OSTaskReturnHook
 .text.OSTaskStatHook
                0x000000000800436e        0xc Micrium/Software/uCOS-II/Ports/ARM-Cortex-M/ARMv7-M/os_cpu_c.o
                0x000000000800436e                OSTaskStatHook
 *fill*         0x000000000800437a        0x2 
 .text.OSTaskStkInit
                0x000000000800437c      0x114 Micrium/Software/uCOS-II/Ports/ARM-Cortex-M/ARMv7-M/os_cpu_c.o
                0x000000000800437c                OSTaskStkInit
 .text.OSTaskSwHook
                0x0000000008004490        0xc Micrium/Software/uCOS-II/Ports/ARM-Cortex-M/ARMv7-M/os_cpu_c.o
                0x0000000008004490                OSTaskSwHook
 .text.OSTCBInitHook
                0x000000000800449c       0x16 Micrium/Software/uCOS-II/Ports/ARM-Cortex-M/ARMv7-M/os_cpu_c.o
                0x000000000800449c                OSTCBInitHook
 *fill*         0x00000000080044b2        0x2 
 .text.OSTimeTickHook
                0x00000000080044b4       0x30 Micrium/Software/uCOS-II/Ports/ARM-Cortex-M/ARMv7-M/os_cpu_c.o
                0x00000000080044b4                OSTimeTickHook
 .text.OS_CPU_SysTickHandler
                0x00000000080044e4       0x28 Micrium/Software/uCOS-II/Ports/ARM-Cortex-M/ARMv7-M/os_cpu_c.o
                0x00000000080044e4                OS_CPU_SysTickHandler
 .text.OS_CPU_SysTickInitFreq
                0x000000000800450c       0x28 Micrium/Software/uCOS-II/Ports/ARM-Cortex-M/ARMv7-M/os_cpu_c.o
                0x000000000800450c                OS_CPU_SysTickInitFreq
 .text.OS_CPU_SysTickInit
                0x0000000008004534       0x60 Micrium/Software/uCOS-II/Ports/ARM-Cortex-M/ARMv7-M/os_cpu_c.o
                0x0000000008004534                OS_CPU_SysTickInit
 .text.OSEventNameSet
                0x0000000008004594       0x74 Micrium/Software/uCOS-II/Source/os_core.o
                0x0000000008004594                OSEventNameSet
 .text.OSInit   0x0000000008004608       0x3c Micrium/Software/uCOS-II/Source/os_core.o
                0x0000000008004608                OSInit
 .text.OSIntEnter
                0x0000000008004644       0x30 Micrium/Software/uCOS-II/Source/os_core.o
                0x0000000008004644                OSIntEnter
 .text.OSIntExit
                0x0000000008004674       0xa4 Micrium/Software/uCOS-II/Source/os_core.o
                0x0000000008004674                OSIntExit
 .text.OSSchedLock
                0x0000000008004718       0x50 Micrium/Software/uCOS-II/Source/os_core.o
                0x0000000008004718                OSSchedLock
 .text.OSSchedUnlock
                0x0000000008004768       0x74 Micrium/Software/uCOS-II/Source/os_core.o
                0x0000000008004768                OSSchedUnlock
 .text.OSStart  0x00000000080047dc       0x50 Micrium/Software/uCOS-II/Source/os_core.o
                0x00000000080047dc                OSStart
 .text.OSStatInit
                0x000000000800482c       0x5c Micrium/Software/uCOS-II/Source/os_core.o
                0x000000000800482c                OSStatInit
 .text.OSTimeTick
                0x0000000008004888      0x144 Micrium/Software/uCOS-II/Source/os_core.o
                0x0000000008004888                OSTimeTick
 .text.OS_Dummy
                0x00000000080049cc        0xc Micrium/Software/uCOS-II/Source/os_core.o
                0x00000000080049cc                OS_Dummy
 .text.OS_EventTaskRdy
                0x00000000080049d8       0xe4 Micrium/Software/uCOS-II/Source/os_core.o
                0x00000000080049d8                OS_EventTaskRdy
 .text.OS_EventTaskWait
                0x0000000008004abc       0xac Micrium/Software/uCOS-II/Source/os_core.o
                0x0000000008004abc                OS_EventTaskWait
 .text.OS_EventTaskRemove
                0x0000000008004b68       0x64 Micrium/Software/uCOS-II/Source/os_core.o
                0x0000000008004b68                OS_EventTaskRemove
 .text.OS_EventTaskRemoveMulti
                0x0000000008004bcc       0x86 Micrium/Software/uCOS-II/Source/os_core.o
                0x0000000008004bcc                OS_EventTaskRemoveMulti
 .text.OS_EventWaitListInit
                0x0000000008004c52       0x36 Micrium/Software/uCOS-II/Source/os_core.o
                0x0000000008004c52                OS_EventWaitListInit
 .text.OS_InitEventList
                0x0000000008004c88       0x94 Micrium/Software/uCOS-II/Source/os_core.o
 .text.OS_InitMisc
                0x0000000008004d1c       0x7c Micrium/Software/uCOS-II/Source/os_core.o
 .text.OS_InitRdyList
                0x0000000008004d98       0x60 Micrium/Software/uCOS-II/Source/os_core.o
 .text.OS_InitTaskIdle
                0x0000000008004df8       0x4c Micrium/Software/uCOS-II/Source/os_core.o
 .text.OS_InitTaskStat
                0x0000000008004e44       0x4c Micrium/Software/uCOS-II/Source/os_core.o
 .text.OS_InitTCBList
                0x0000000008004e90       0x9c Micrium/Software/uCOS-II/Source/os_core.o
 .text.OS_MemClr
                0x0000000008004f2c       0x30 Micrium/Software/uCOS-II/Source/os_core.o
                0x0000000008004f2c                OS_MemClr
 .text.OS_Sched
                0x0000000008004f5c       0x84 Micrium/Software/uCOS-II/Source/os_core.o
                0x0000000008004f5c                OS_Sched
 .text.OS_SchedNew
                0x0000000008004fe0       0x48 Micrium/Software/uCOS-II/Source/os_core.o
 .text.OS_TaskIdle
                0x0000000008005028       0x30 Micrium/Software/uCOS-II/Source/os_core.o
                0x0000000008005028                OS_TaskIdle
 .text.OS_TaskStat
                0x0000000008005058       0xf0 Micrium/Software/uCOS-II/Source/os_core.o
                0x0000000008005058                OS_TaskStat
 .text.OS_TaskStatStkChk
                0x0000000008005148       0x68 Micrium/Software/uCOS-II/Source/os_core.o
                0x0000000008005148                OS_TaskStatStkChk
 .text.OS_TCBInit
                0x00000000080051b0      0x1e8 Micrium/Software/uCOS-II/Source/os_core.o
                0x00000000080051b0                OS_TCBInit
 .text.OS_FlagInit
                0x0000000008005398       0x84 Micrium/Software/uCOS-II/Source/os_flag.o
                0x0000000008005398                OS_FlagInit
 .text.OS_FlagUnlink
                0x000000000800541c       0x5c Micrium/Software/uCOS-II/Source/os_flag.o
                0x000000000800541c                OS_FlagUnlink
 .text.OS_MemInit
                0x0000000008005478       0x80 Micrium/Software/uCOS-II/Source/os_mem.o
                0x0000000008005478                OS_MemInit
 .text.OS_QInit
                0x00000000080054f8       0x78 Micrium/Software/uCOS-II/Source/os_q.o
                0x00000000080054f8                OS_QInit
 .text.OSSemCreate
                0x0000000008005570       0x7c Micrium/Software/uCOS-II/Source/os_sem.o
                0x0000000008005570                OSSemCreate
 .text.OSSemPend
                0x00000000080055ec      0x12c Micrium/Software/uCOS-II/Source/os_sem.o
                0x00000000080055ec                OSSemPend
 .text.OSSemPost
                0x0000000008005718       0x7e Micrium/Software/uCOS-II/Source/os_sem.o
                0x0000000008005718                OSSemPost
 *fill*         0x0000000008005796        0x2 
 .text.OSTaskCreateExt
                0x0000000008005798       0xd8 Micrium/Software/uCOS-II/Source/os_task.o
                0x0000000008005798                OSTaskCreateExt
 .text.OSTaskDel
                0x0000000008005870      0x1f0 Micrium/Software/uCOS-II/Source/os_task.o
                0x0000000008005870                OSTaskDel
 .text.OSTaskNameSet
                0x0000000008005a60       0xb4 Micrium/Software/uCOS-II/Source/os_task.o
                0x0000000008005a60                OSTaskNameSet
 .text.OSTaskResume
                0x0000000008005b14       0xf8 Micrium/Software/uCOS-II/Source/os_task.o
                0x0000000008005b14                OSTaskResume
 .text.OSTaskStkChk
                0x0000000008005c0c       0xdc Micrium/Software/uCOS-II/Source/os_task.o
                0x0000000008005c0c                OSTaskStkChk
 .text.OSTaskSuspend
                0x0000000008005ce8      0x108 Micrium/Software/uCOS-II/Source/os_task.o
                0x0000000008005ce8                OSTaskSuspend
 .text.OS_TaskReturn
                0x0000000008005df0       0x1c Micrium/Software/uCOS-II/Source/os_task.o
                0x0000000008005df0                OS_TaskReturn
 .text.OS_TaskStkClr
                0x0000000008005e0c       0x44 Micrium/Software/uCOS-II/Source/os_task.o
                0x0000000008005e0c                OS_TaskStkClr
 .text.OSTimeDly
                0x0000000008005e50       0xa8 Micrium/Software/uCOS-II/Source/os_time.o
                0x0000000008005e50                OSTimeDly
 .text.OSTimeDlyHMSM
                0x0000000008005ef8       0xc8 Micrium/Software/uCOS-II/Source/os_time.o
                0x0000000008005ef8                OSTimeDlyHMSM
 .text.OSTimeDlyResume
                0x0000000008005fc0       0xfc Micrium/Software/uCOS-II/Source/os_time.o
                0x0000000008005fc0                OSTimeDlyResume
 .text.OSTimeGet
                0x00000000080060bc       0x2c Micrium/Software/uCOS-II/Source/os_time.o
                0x00000000080060bc                OSTimeGet
 .text.OSTmrSignal
                0x00000000080060e8       0x24 Micrium/Software/uCOS-II/Source/os_tmr.o
                0x00000000080060e8                OSTmrSignal
 .text.OSTmr_Init
                0x000000000800610c      0x118 Micrium/Software/uCOS-II/Source/os_tmr.o
                0x000000000800610c                OSTmr_Init
 .text.OSTmr_InitTask
                0x0000000008006224       0x4c Micrium/Software/uCOS-II/Source/os_tmr.o
 .text.OSTmr_Link
                0x0000000008006270       0xd4 Micrium/Software/uCOS-II/Source/os_tmr.o
 .text.OSTmr_Unlink
                0x0000000008006344       0xa4 Micrium/Software/uCOS-II/Source/os_tmr.o
 .text.OSTmr_Task
                0x00000000080063e8       0xc4 Micrium/Software/uCOS-II/Source/os_tmr.o
 .text.App_TaskCreateHook
                0x00000000080064ac       0x12 Micrium/Template/OS2/app_hooks.o
                0x00000000080064ac                App_TaskCreateHook
 .text.App_TaskDelHook
                0x00000000080064be       0x12 Micrium/Template/OS2/app_hooks.o
                0x00000000080064be                App_TaskDelHook
 .text.App_TaskIdleHook
                0x00000000080064d0        0xc Micrium/Template/OS2/app_hooks.o
                0x00000000080064d0                App_TaskIdleHook
 .text.App_TaskStatHook
                0x00000000080064dc        0xc Micrium/Template/OS2/app_hooks.o
                0x00000000080064dc                App_TaskStatHook
 .text.App_TaskReturnHook
                0x00000000080064e8       0x12 Micrium/Template/OS2/app_hooks.o
                0x00000000080064e8                App_TaskReturnHook
 .text.App_TaskSwHook
                0x00000000080064fa        0xc Micrium/Template/OS2/app_hooks.o
                0x00000000080064fa                App_TaskSwHook
 .text.App_TCBInitHook
                0x0000000008006506       0x12 Micrium/Template/OS2/app_hooks.o
                0x0000000008006506                App_TCBInitHook
 .text.App_TimeTickHook
                0x0000000008006518        0xc Micrium/Template/OS2/app_hooks.o
                0x0000000008006518                App_TimeTickHook
 .text.__errno  0x0000000008006524        0xc c:/st/stm32cubeide_1.6.1/stm32cubeide/plugins/com.st.stm32cube.ide.mcu.externaltools.gnu-tools-for-stm32.9-2020-q2-update.win32_1.5.0.202011040924/tools/bin/../lib/gcc/arm-none-eabi/9.3.1/../../../../arm-none-eabi/lib/thumb/v7-m/nofp\libc_nano.a(lib_a-errno.o)
                0x0000000008006524                __errno
 .text.__libc_init_array
                0x0000000008006530       0x48 c:/st/stm32cubeide_1.6.1/stm32cubeide/plugins/com.st.stm32cube.ide.mcu.externaltools.gnu-tools-for-stm32.9-2020-q2-update.win32_1.5.0.202011040924/tools/bin/../lib/gcc/arm-none-eabi/9.3.1/../../../../arm-none-eabi/lib/thumb/v7-m/nofp\libc_nano.a(lib_a-init.o)
                0x0000000008006530                __libc_init_array
 .text.memset   0x0000000008006578       0x10 c:/st/stm32cubeide_1.6.1/stm32cubeide/plugins/com.st.stm32cube.ide.mcu.externaltools.gnu-tools-for-stm32.9-2020-q2-update.win32_1.5.0.202011040924/tools/bin/../lib/gcc/arm-none-eabi/9.3.1/../../../../arm-none-eabi/lib/thumb/v7-m/nofp\libc_nano.a(lib_a-memset.o)
                0x0000000008006578                memset
 .text.__cvt    0x0000000008006588       0xbe c:/st/stm32cubeide_1.6.1/stm32cubeide/plugins/com.st.stm32cube.ide.mcu.externaltools.gnu-tools-for-stm32.9-2020-q2-update.win32_1.5.0.202011040924/tools/bin/../lib/gcc/arm-none-eabi/9.3.1/../../../../arm-none-eabi/lib/thumb/v7-m/nofp\libc_nano.a(lib_a-nano-vfprintf_float.o)
                0x0000000008006588                __cvt
 .text.__exponent
                0x0000000008006646       0x7c c:/st/stm32cubeide_1.6.1/stm32cubeide/plugins/com.st.stm32cube.ide.mcu.externaltools.gnu-tools-for-stm32.9-2020-q2-update.win32_1.5.0.202011040924/tools/bin/../lib/gcc/arm-none-eabi/9.3.1/../../../../arm-none-eabi/lib/thumb/v7-m/nofp\libc_nano.a(lib_a-nano-vfprintf_float.o)
                0x0000000008006646                __exponent
 *fill*         0x00000000080066c2        0x2 
 .text._printf_float
                0x00000000080066c4      0x458 c:/st/stm32cubeide_1.6.1/stm32cubeide/plugins/com.st.stm32cube.ide.mcu.externaltools.gnu-tools-for-stm32.9-2020-q2-update.win32_1.5.0.202011040924/tools/bin/../lib/gcc/arm-none-eabi/9.3.1/../../../../arm-none-eabi/lib/thumb/v7-m/nofp\libc_nano.a(lib_a-nano-vfprintf_float.o)
                0x00000000080066c4                _printf_float
 .text._printf_common
                0x0000000008006b1c       0xde c:/st/stm32cubeide_1.6.1/stm32cubeide/plugins/com.st.stm32cube.ide.mcu.externaltools.gnu-tools-for-stm32.9-2020-q2-update.win32_1.5.0.202011040924/tools/bin/../lib/gcc/arm-none-eabi/9.3.1/../../../../arm-none-eabi/lib/thumb/v7-m/nofp\libc_nano.a(lib_a-nano-vfprintf_i.o)
                0x0000000008006b1c                _printf_common
 *fill*         0x0000000008006bfa        0x2 
 .text._printf_i
                0x0000000008006bfc      0x24c c:/st/stm32cubeide_1.6.1/stm32cubeide/plugins/com.st.stm32cube.ide.mcu.externaltools.gnu-tools-for-stm32.9-2020-q2-update.win32_1.5.0.202011040924/tools/bin/../lib/gcc/arm-none-eabi/9.3.1/../../../../arm-none-eabi/lib/thumb/v7-m/nofp\libc_nano.a(lib_a-nano-vfprintf_i.o)
                0x0000000008006bfc                _printf_i
 .text.sprintf  0x0000000008006e48       0x40 c:/st/stm32cubeide_1.6.1/stm32cubeide/plugins/com.st.stm32cube.ide.mcu.externaltools.gnu-tools-for-stm32.9-2020-q2-update.win32_1.5.0.202011040924/tools/bin/../lib/gcc/arm-none-eabi/9.3.1/../../../../arm-none-eabi/lib/thumb/v7-m/nofp\libc_nano.a(lib_a-sprintf.o)
                0x0000000008006e48                siprintf
                0x0000000008006e48                sprintf
 .text.quorem   0x0000000008006e88      0x11a c:/st/stm32cubeide_1.6.1/stm32cubeide/plugins/com.st.stm32cube.ide.mcu.externaltools.gnu-tools-for-stm32.9-2020-q2-update.win32_1.5.0.202011040924/tools/bin/../lib/gcc/arm-none-eabi/9.3.1/../../../../arm-none-eabi/lib/thumb/v7-m/nofp\libc_nano.a(lib_a-dtoa.o)
 *fill*         0x0000000008006fa2        0x6 
 .text._dtoa_r  0x0000000008006fa8      0xbdc c:/st/stm32cubeide_1.6.1/stm32cubeide/plugins/com.st.stm32cube.ide.mcu.externaltools.gnu-tools-for-stm32.9-2020-q2-update.win32_1.5.0.202011040924/tools/bin/../lib/gcc/arm-none-eabi/9.3.1/../../../../arm-none-eabi/lib/thumb/v7-m/nofp\libc_nano.a(lib_a-dtoa.o)
                0x0000000008006fa8                _dtoa_r
 .text._localeconv_r
                0x0000000008007b84        0x8 c:/st/stm32cubeide_1.6.1/stm32cubeide/plugins/com.st.stm32cube.ide.mcu.externaltools.gnu-tools-for-stm32.9-2020-q2-update.win32_1.5.0.202011040924/tools/bin/../lib/gcc/arm-none-eabi/9.3.1/../../../../arm-none-eabi/lib/thumb/v7-m/nofp\libc_nano.a(lib_a-localeconv.o)
                0x0000000008007b84                _localeconv_r
 .text.malloc   0x0000000008007b8c       0x10 c:/st/stm32cubeide_1.6.1/stm32cubeide/plugins/com.st.stm32cube.ide.mcu.externaltools.gnu-tools-for-stm32.9-2020-q2-update.win32_1.5.0.202011040924/tools/bin/../lib/gcc/arm-none-eabi/9.3.1/../../../../arm-none-eabi/lib/thumb/v7-m/nofp\libc_nano.a(lib_a-malloc.o)
                0x0000000008007b8c                malloc
 .text.memchr   0x0000000008007b9c       0x1c c:/st/stm32cubeide_1.6.1/stm32cubeide/plugins/com.st.stm32cube.ide.mcu.externaltools.gnu-tools-for-stm32.9-2020-q2-update.win32_1.5.0.202011040924/tools/bin/../lib/gcc/arm-none-eabi/9.3.1/../../../../arm-none-eabi/lib/thumb/v7-m/nofp\libc_nano.a(lib_a-memchr-stub.o)
                0x0000000008007b9c                memchr
 .text.memcpy   0x0000000008007bb8       0x1c c:/st/stm32cubeide_1.6.1/stm32cubeide/plugins/com.st.stm32cube.ide.mcu.externaltools.gnu-tools-for-stm32.9-2020-q2-update.win32_1.5.0.202011040924/tools/bin/../lib/gcc/arm-none-eabi/9.3.1/../../../../arm-none-eabi/lib/thumb/v7-m/nofp\libc_nano.a(lib_a-memcpy-stub.o)
                0x0000000008007bb8                memcpy
 .text._Balloc  0x0000000008007bd4       0x80 c:/st/stm32cubeide_1.6.1/stm32cubeide/plugins/com.st.stm32cube.ide.mcu.externaltools.gnu-tools-for-stm32.9-2020-q2-update.win32_1.5.0.202011040924/tools/bin/../lib/gcc/arm-none-eabi/9.3.1/../../../../arm-none-eabi/lib/thumb/v7-m/nofp\libc_nano.a(lib_a-mprec.o)
                0x0000000008007bd4                _Balloc
 .text._Bfree   0x0000000008007c54       0x44 c:/st/stm32cubeide_1.6.1/stm32cubeide/plugins/com.st.stm32cube.ide.mcu.externaltools.gnu-tools-for-stm32.9-2020-q2-update.win32_1.5.0.202011040924/tools/bin/../lib/gcc/arm-none-eabi/9.3.1/../../../../arm-none-eabi/lib/thumb/v7-m/nofp\libc_nano.a(lib_a-mprec.o)
                0x0000000008007c54                _Bfree
 .text.__multadd
                0x0000000008007c98       0x94 c:/st/stm32cubeide_1.6.1/stm32cubeide/plugins/com.st.stm32cube.ide.mcu.externaltools.gnu-tools-for-stm32.9-2020-q2-update.win32_1.5.0.202011040924/tools/bin/../lib/gcc/arm-none-eabi/9.3.1/../../../../arm-none-eabi/lib/thumb/v7-m/nofp\libc_nano.a(lib_a-mprec.o)
                0x0000000008007c98                __multadd
 .text.__hi0bits
                0x0000000008007d2c       0x40 c:/st/stm32cubeide_1.6.1/stm32cubeide/plugins/com.st.stm32cube.ide.mcu.externaltools.gnu-tools-for-stm32.9-2020-q2-update.win32_1.5.0.202011040924/tools/bin/../lib/gcc/arm-none-eabi/9.3.1/../../../../arm-none-eabi/lib/thumb/v7-m/nofp\libc_nano.a(lib_a-mprec.o)
                0x0000000008007d2c                __hi0bits
 .text.__lo0bits
                0x0000000008007d6c       0x5c c:/st/stm32cubeide_1.6.1/stm32cubeide/plugins/com.st.stm32cube.ide.mcu.externaltools.gnu-tools-for-stm32.9-2020-q2-update.win32_1.5.0.202011040924/tools/bin/../lib/gcc/arm-none-eabi/9.3.1/../../../../arm-none-eabi/lib/thumb/v7-m/nofp\libc_nano.a(lib_a-mprec.o)
                0x0000000008007d6c                __lo0bits
 .text.__i2b    0x0000000008007dc8       0x2c c:/st/stm32cubeide_1.6.1/stm32cubeide/plugins/com.st.stm32cube.ide.mcu.externaltools.gnu-tools-for-stm32.9-2020-q2-update.win32_1.5.0.202011040924/tools/bin/../lib/gcc/arm-none-eabi/9.3.1/../../../../arm-none-eabi/lib/thumb/v7-m/nofp\libc_nano.a(lib_a-mprec.o)
                0x0000000008007dc8                __i2b
 .text.__multiply
                0x0000000008007df4      0x148 c:/st/stm32cubeide_1.6.1/stm32cubeide/plugins/com.st.stm32cube.ide.mcu.externaltools.gnu-tools-for-stm32.9-2020-q2-update.win32_1.5.0.202011040924/tools/bin/../lib/gcc/arm-none-eabi/9.3.1/../../../../arm-none-eabi/lib/thumb/v7-m/nofp\libc_nano.a(lib_a-mprec.o)
                0x0000000008007df4                __multiply
 .text.__pow5mult
                0x0000000008007f3c       0xb4 c:/st/stm32cubeide_1.6.1/stm32cubeide/plugins/com.st.stm32cube.ide.mcu.externaltools.gnu-tools-for-stm32.9-2020-q2-update.win32_1.5.0.202011040924/tools/bin/../lib/gcc/arm-none-eabi/9.3.1/../../../../arm-none-eabi/lib/thumb/v7-m/nofp\libc_nano.a(lib_a-mprec.o)
                0x0000000008007f3c                __pow5mult
 .text.__lshift
                0x0000000008007ff0       0xd8 c:/st/stm32cubeide_1.6.1/stm32cubeide/plugins/com.st.stm32cube.ide.mcu.externaltools.gnu-tools-for-stm32.9-2020-q2-update.win32_1.5.0.202011040924/tools/bin/../lib/gcc/arm-none-eabi/9.3.1/../../../../arm-none-eabi/lib/thumb/v7-m/nofp\libc_nano.a(lib_a-mprec.o)
                0x0000000008007ff0                __lshift
 .text.__mcmp   0x00000000080080c8       0x36 c:/st/stm32cubeide_1.6.1/stm32cubeide/plugins/com.st.stm32cube.ide.mcu.externaltools.gnu-tools-for-stm32.9-2020-q2-update.win32_1.5.0.202011040924/tools/bin/../lib/gcc/arm-none-eabi/9.3.1/../../../../arm-none-eabi/lib/thumb/v7-m/nofp\libc_nano.a(lib_a-mprec.o)
                0x00000000080080c8                __mcmp
 *fill*         0x00000000080080fe        0x2 
 .text.__mdiff  0x0000000008008100      0x120 c:/st/stm32cubeide_1.6.1/stm32cubeide/plugins/com.st.stm32cube.ide.mcu.externaltools.gnu-tools-for-stm32.9-2020-q2-update.win32_1.5.0.202011040924/tools/bin/../lib/gcc/arm-none-eabi/9.3.1/../../../../arm-none-eabi/lib/thumb/v7-m/nofp\libc_nano.a(lib_a-mprec.o)
                0x0000000008008100                __mdiff
 .text.__d2b    0x0000000008008220       0xb8 c:/st/stm32cubeide_1.6.1/stm32cubeide/plugins/com.st.stm32cube.ide.mcu.externaltools.gnu-tools-for-stm32.9-2020-q2-update.win32_1.5.0.202011040924/tools/bin/../lib/gcc/arm-none-eabi/9.3.1/../../../../arm-none-eabi/lib/thumb/v7-m/nofp\libc_nano.a(lib_a-mprec.o)
                0x0000000008008220                __d2b
 .text._calloc_r
                0x00000000080082d8       0x1c c:/st/stm32cubeide_1.6.1/stm32cubeide/plugins/com.st.stm32cube.ide.mcu.externaltools.gnu-tools-for-stm32.9-2020-q2-update.win32_1.5.0.202011040924/tools/bin/../lib/gcc/arm-none-eabi/9.3.1/../../../../arm-none-eabi/lib/thumb/v7-m/nofp\libc_nano.a(lib_a-nano-callocr.o)
                0x00000000080082d8                _calloc_r
 .text._free_r  0x00000000080082f4       0x98 c:/st/stm32cubeide_1.6.1/stm32cubeide/plugins/com.st.stm32cube.ide.mcu.externaltools.gnu-tools-for-stm32.9-2020-q2-update.win32_1.5.0.202011040924/tools/bin/../lib/gcc/arm-none-eabi/9.3.1/../../../../arm-none-eabi/lib/thumb/v7-m/nofp\libc_nano.a(lib_a-nano-freer.o)
                0x00000000080082f4                _free_r
 .text._malloc_r
                0x000000000800838c       0xb4 c:/st/stm32cubeide_1.6.1/stm32cubeide/plugins/com.st.stm32cube.ide.mcu.externaltools.gnu-tools-for-stm32.9-2020-q2-update.win32_1.5.0.202011040924/tools/bin/../lib/gcc/arm-none-eabi/9.3.1/../../../../arm-none-eabi/lib/thumb/v7-m/nofp\libc_nano.a(lib_a-nano-mallocr.o)
                0x000000000800838c                _malloc_r
 .text.__ssputs_r
                0x0000000008008440       0xb6 c:/st/stm32cubeide_1.6.1/stm32cubeide/plugins/com.st.stm32cube.ide.mcu.externaltools.gnu-tools-for-stm32.9-2020-q2-update.win32_1.5.0.202011040924/tools/bin/../lib/gcc/arm-none-eabi/9.3.1/../../../../arm-none-eabi/lib/thumb/v7-m/nofp\libc_nano.a(lib_a-nano-svfprintf.o)
                0x0000000008008440                __ssputs_r
 *fill*         0x00000000080084f6        0x2 
 .text._svfprintf_r
                0x00000000080084f8      0x200 c:/st/stm32cubeide_1.6.1/stm32cubeide/plugins/com.st.stm32cube.ide.mcu.externaltools.gnu-tools-for-stm32.9-2020-q2-update.win32_1.5.0.202011040924/tools/bin/../lib/gcc/arm-none-eabi/9.3.1/../../../../arm-none-eabi/lib/thumb/v7-m/nofp\libc_nano.a(lib_a-nano-svfprintf.o)
                0x00000000080084f8                _svfiprintf_r
                0x00000000080084f8                _svfprintf_r
 .text._sbrk_r  0x00000000080086f8       0x20 c:/st/stm32cubeide_1.6.1/stm32cubeide/plugins/com.st.stm32cube.ide.mcu.externaltools.gnu-tools-for-stm32.9-2020-q2-update.win32_1.5.0.202011040924/tools/bin/../lib/gcc/arm-none-eabi/9.3.1/../../../../arm-none-eabi/lib/thumb/v7-m/nofp\libc_nano.a(lib_a-sbrkr.o)
                0x00000000080086f8                _sbrk_r
 .text.__assert_func
                0x0000000008008718       0x3c c:/st/stm32cubeide_1.6.1/stm32cubeide/plugins/com.st.stm32cube.ide.mcu.externaltools.gnu-tools-for-stm32.9-2020-q2-update.win32_1.5.0.202011040924/tools/bin/../lib/gcc/arm-none-eabi/9.3.1/../../../../arm-none-eabi/lib/thumb/v7-m/nofp\libc_nano.a(lib_a-assert.o)
                0x0000000008008718                __assert_func
 .text.fprintf  0x0000000008008754       0x24 c:/st/stm32cubeide_1.6.1/stm32cubeide/plugins/com.st.stm32cube.ide.mcu.externaltools.gnu-tools-for-stm32.9-2020-q2-update.win32_1.5.0.202011040924/tools/bin/../lib/gcc/arm-none-eabi/9.3.1/../../../../arm-none-eabi/lib/thumb/v7-m/nofp\libc_nano.a(lib_a-fprintf.o)
                0x0000000008008754                fiprintf
                0x0000000008008754                fprintf
 .text.__ascii_mbtowc
                0x0000000008008778       0x24 c:/st/stm32cubeide_1.6.1/stm32cubeide/plugins/com.st.stm32cube.ide.mcu.externaltools.gnu-tools-for-stm32.9-2020-q2-update.win32_1.5.0.202011040924/tools/bin/../lib/gcc/arm-none-eabi/9.3.1/../../../../arm-none-eabi/lib/thumb/v7-m/nofp\libc_nano.a(lib_a-mbtowc_r.o)
                0x0000000008008778                __ascii_mbtowc
 .text.memmove  0x000000000800879c       0x34 c:/st/stm32cubeide_1.6.1/stm32cubeide/plugins/com.st.stm32cube.ide.mcu.externaltools.gnu-tools-for-stm32.9-2020-q2-update.win32_1.5.0.202011040924/tools/bin/../lib/gcc/arm-none-eabi/9.3.1/../../../../arm-none-eabi/lib/thumb/v7-m/nofp\libc_nano.a(lib_a-memmove.o)
                0x000000000800879c                memmove
 .text.__malloc_lock
                0x00000000080087d0        0xc c:/st/stm32cubeide_1.6.1/stm32cubeide/plugins/com.st.stm32cube.ide.mcu.externaltools.gnu-tools-for-stm32.9-2020-q2-update.win32_1.5.0.202011040924/tools/bin/../lib/gcc/arm-none-eabi/9.3.1/../../../../arm-none-eabi/lib/thumb/v7-m/nofp\libc_nano.a(lib_a-mlock.o)
                0x00000000080087d0                __malloc_lock
 .text.__malloc_unlock
                0x00000000080087dc        0xc c:/st/stm32cubeide_1.6.1/stm32cubeide/plugins/com.st.stm32cube.ide.mcu.externaltools.gnu-tools-for-stm32.9-2020-q2-update.win32_1.5.0.202011040924/tools/bin/../lib/gcc/arm-none-eabi/9.3.1/../../../../arm-none-eabi/lib/thumb/v7-m/nofp\libc_nano.a(lib_a-mlock.o)
                0x00000000080087dc                __malloc_unlock
 .text._realloc_r
                0x00000000080087e8       0x4c c:/st/stm32cubeide_1.6.1/stm32cubeide/plugins/com.st.stm32cube.ide.mcu.externaltools.gnu-tools-for-stm32.9-2020-q2-update.win32_1.5.0.202011040924/tools/bin/../lib/gcc/arm-none-eabi/9.3.1/../../../../arm-none-eabi/lib/thumb/v7-m/nofp\libc_nano.a(lib_a-nano-reallocr.o)
                0x00000000080087e8                _realloc_r
 .text.__sfputc_r
                0x0000000008008834       0x2a c:/st/stm32cubeide_1.6.1/stm32cubeide/plugins/com.st.stm32cube.ide.mcu.externaltools.gnu-tools-for-stm32.9-2020-q2-update.win32_1.5.0.202011040924/tools/bin/../lib/gcc/arm-none-eabi/9.3.1/../../../../arm-none-eabi/lib/thumb/v7-m/nofp\libc_nano.a(lib_a-nano-vfprintf.o)
 .text.__sfputs_r
                0x000000000800885e       0x24 c:/st/stm32cubeide_1.6.1/stm32cubeide/plugins/com.st.stm32cube.ide.mcu.externaltools.gnu-tools-for-stm32.9-2020-q2-update.win32_1.5.0.202011040924/tools/bin/../lib/gcc/arm-none-eabi/9.3.1/../../../../arm-none-eabi/lib/thumb/v7-m/nofp\libc_nano.a(lib_a-nano-vfprintf.o)
                0x000000000800885e                __sfputs_r
 *fill*         0x0000000008008882        0x2 
 .text._vfprintf_r
                0x0000000008008884      0x260 c:/st/stm32cubeide_1.6.1/stm32cubeide/plugins/com.st.stm32cube.ide.mcu.externaltools.gnu-tools-for-stm32.9-2020-q2-update.win32_1.5.0.202011040924/tools/bin/../lib/gcc/arm-none-eabi/9.3.1/../../../../arm-none-eabi/lib/thumb/v7-m/nofp\libc_nano.a(lib_a-nano-vfprintf.o)
                0x0000000008008884                _vfprintf_r
                0x0000000008008884                _vfiprintf_r
 .text.__swbuf_r
                0x0000000008008ae4       0xa4 c:/st/stm32cubeide_1.6.1/stm32cubeide/plugins/com.st.stm32cube.ide.mcu.externaltools.gnu-tools-for-stm32.9-2020-q2-update.win32_1.5.0.202011040924/tools/bin/../lib/gcc/arm-none-eabi/9.3.1/../../../../arm-none-eabi/lib/thumb/v7-m/nofp\libc_nano.a(lib_a-wbuf.o)
                0x0000000008008ae4                __swbuf_r
 .text.__ascii_wctomb
                0x0000000008008b88       0x1a c:/st/stm32cubeide_1.6.1/stm32cubeide/plugins/com.st.stm32cube.ide.mcu.externaltools.gnu-tools-for-stm32.9-2020-q2-update.win32_1.5.0.202011040924/tools/bin/../lib/gcc/arm-none-eabi/9.3.1/../../../../arm-none-eabi/lib/thumb/v7-m/nofp\libc_nano.a(lib_a-wctomb_r.o)
                0x0000000008008b88                __ascii_wctomb
 *fill*         0x0000000008008ba2        0x2 
 .text.__swsetup_r
                0x0000000008008ba4       0xdc c:/st/stm32cubeide_1.6.1/stm32cubeide/plugins/com.st.stm32cube.ide.mcu.externaltools.gnu-tools-for-stm32.9-2020-q2-update.win32_1.5.0.202011040924/tools/bin/../lib/gcc/arm-none-eabi/9.3.1/../../../../arm-none-eabi/lib/thumb/v7-m/nofp\libc_nano.a(lib_a-wsetup.o)
                0x0000000008008ba4                __swsetup_r
 .text.abort    0x0000000008008c80        0xe c:/st/stm32cubeide_1.6.1/stm32cubeide/plugins/com.st.stm32cube.ide.mcu.externaltools.gnu-tools-for-stm32.9-2020-q2-update.win32_1.5.0.202011040924/tools/bin/../lib/gcc/arm-none-eabi/9.3.1/../../../../arm-none-eabi/lib/thumb/v7-m/nofp\libc_nano.a(lib_a-abort.o)
                0x0000000008008c80                abort
 *fill*         0x0000000008008c8e        0x2 
 .text.__sflush_r
                0x0000000008008c90      0x10c c:/st/stm32cubeide_1.6.1/stm32cubeide/plugins/com.st.stm32cube.ide.mcu.externaltools.gnu-tools-for-stm32.9-2020-q2-update.win32_1.5.0.202011040924/tools/bin/../lib/gcc/arm-none-eabi/9.3.1/../../../../arm-none-eabi/lib/thumb/v7-m/nofp\libc_nano.a(lib_a-fflush.o)
                0x0000000008008c90                __sflush_r
 .text._fflush_r
                0x0000000008008d9c       0x78 c:/st/stm32cubeide_1.6.1/stm32cubeide/plugins/com.st.stm32cube.ide.mcu.externaltools.gnu-tools-for-stm32.9-2020-q2-update.win32_1.5.0.202011040924/tools/bin/../lib/gcc/arm-none-eabi/9.3.1/../../../../arm-none-eabi/lib/thumb/v7-m/nofp\libc_nano.a(lib_a-fflush.o)
                0x0000000008008d9c                _fflush_r
 .text.std      0x0000000008008e14       0x48 c:/st/stm32cubeide_1.6.1/stm32cubeide/plugins/com.st.stm32cube.ide.mcu.externaltools.gnu-tools-for-stm32.9-2020-q2-update.win32_1.5.0.202011040924/tools/bin/../lib/gcc/arm-none-eabi/9.3.1/../../../../arm-none-eabi/lib/thumb/v7-m/nofp\libc_nano.a(lib_a-findfp.o)
 .text._cleanup_r
                0x0000000008008e5c        0xc c:/st/stm32cubeide_1.6.1/stm32cubeide/plugins/com.st.stm32cube.ide.mcu.externaltools.gnu-tools-for-stm32.9-2020-q2-update.win32_1.5.0.202011040924/tools/bin/../lib/gcc/arm-none-eabi/9.3.1/../../../../arm-none-eabi/lib/thumb/v7-m/nofp\libc_nano.a(lib_a-findfp.o)
                0x0000000008008e5c                _cleanup_r
 .text.__sfmoreglue
                0x0000000008008e68       0x2c c:/st/stm32cubeide_1.6.1/stm32cubeide/plugins/com.st.stm32cube.ide.mcu.externaltools.gnu-tools-for-stm32.9-2020-q2-update.win32_1.5.0.202011040924/tools/bin/../lib/gcc/arm-none-eabi/9.3.1/../../../../arm-none-eabi/lib/thumb/v7-m/nofp\libc_nano.a(lib_a-findfp.o)
                0x0000000008008e68                __sfmoreglue
 .text.__sfp_lock_acquire
                0x0000000008008e94        0xc c:/st/stm32cubeide_1.6.1/stm32cubeide/plugins/com.st.stm32cube.ide.mcu.externaltools.gnu-tools-for-stm32.9-2020-q2-update.win32_1.5.0.202011040924/tools/bin/../lib/gcc/arm-none-eabi/9.3.1/../../../../arm-none-eabi/lib/thumb/v7-m/nofp\libc_nano.a(lib_a-findfp.o)
                0x0000000008008e94                __sfp_lock_acquire
 .text.__sfp_lock_release
                0x0000000008008ea0        0xc c:/st/stm32cubeide_1.6.1/stm32cubeide/plugins/com.st.stm32cube.ide.mcu.externaltools.gnu-tools-for-stm32.9-2020-q2-update.win32_1.5.0.202011040924/tools/bin/../lib/gcc/arm-none-eabi/9.3.1/../../../../arm-none-eabi/lib/thumb/v7-m/nofp\libc_nano.a(lib_a-findfp.o)
                0x0000000008008ea0                __sfp_lock_release
 .text.__sinit_lock_acquire
                0x0000000008008eac        0xc c:/st/stm32cubeide_1.6.1/stm32cubeide/plugins/com.st.stm32cube.ide.mcu.externaltools.gnu-tools-for-stm32.9-2020-q2-update.win32_1.5.0.202011040924/tools/bin/../lib/gcc/arm-none-eabi/9.3.1/../../../../arm-none-eabi/lib/thumb/v7-m/nofp\libc_nano.a(lib_a-findfp.o)
                0x0000000008008eac                __sinit_lock_acquire
 .text.__sinit_lock_release
                0x0000000008008eb8        0xc c:/st/stm32cubeide_1.6.1/stm32cubeide/plugins/com.st.stm32cube.ide.mcu.externaltools.gnu-tools-for-stm32.9-2020-q2-update.win32_1.5.0.202011040924/tools/bin/../lib/gcc/arm-none-eabi/9.3.1/../../../../arm-none-eabi/lib/thumb/v7-m/nofp\libc_nano.a(lib_a-findfp.o)
                0x0000000008008eb8                __sinit_lock_release
 .text.__sinit  0x0000000008008ec4       0x70 c:/st/stm32cubeide_1.6.1/stm32cubeide/plugins/com.st.stm32cube.ide.mcu.externaltools.gnu-tools-for-stm32.9-2020-q2-update.win32_1.5.0.202011040924/tools/bin/../lib/gcc/arm-none-eabi/9.3.1/../../../../arm-none-eabi/lib/thumb/v7-m/nofp\libc_nano.a(lib_a-findfp.o)
                0x0000000008008ec4                __sinit
 .text.__sfp    0x0000000008008f34       0x8c c:/st/stm32cubeide_1.6.1/stm32cubeide/plugins/com.st.stm32cube.ide.mcu.externaltools.gnu-tools-for-stm32.9-2020-q2-update.win32_1.5.0.202011040924/tools/bin/../lib/gcc/arm-none-eabi/9.3.1/../../../../arm-none-eabi/lib/thumb/v7-m/nofp\libc_nano.a(lib_a-findfp.o)
                0x0000000008008f34                __sfp
 .text._fwalk_reent
                0x0000000008008fc0       0x3e c:/st/stm32cubeide_1.6.1/stm32cubeide/plugins/com.st.stm32cube.ide.mcu.externaltools.gnu-tools-for-stm32.9-2020-q2-update.win32_1.5.0.202011040924/tools/bin/../lib/gcc/arm-none-eabi/9.3.1/../../../../arm-none-eabi/lib/thumb/v7-m/nofp\libc_nano.a(lib_a-fwalk.o)
                0x0000000008008fc0                _fwalk_reent
 .text.__retarget_lock_init_recursive
                0x0000000008008ffe        0x2 c:/st/stm32cubeide_1.6.1/stm32cubeide/plugins/com.st.stm32cube.ide.mcu.externaltools.gnu-tools-for-stm32.9-2020-q2-update.win32_1.5.0.202011040924/tools/bin/../lib/gcc/arm-none-eabi/9.3.1/../../../../arm-none-eabi/lib/thumb/v7-m/nofp\libc_nano.a(lib_a-lock.o)
                0x0000000008008ffe                __retarget_lock_init_recursive
 .text.__retarget_lock_acquire_recursive
                0x0000000008009000        0x2 c:/st/stm32cubeide_1.6.1/stm32cubeide/plugins/com.st.stm32cube.ide.mcu.externaltools.gnu-tools-for-stm32.9-2020-q2-update.win32_1.5.0.202011040924/tools/bin/../lib/gcc/arm-none-eabi/9.3.1/../../../../arm-none-eabi/lib/thumb/v7-m/nofp\libc_nano.a(lib_a-lock.o)
                0x0000000008009000                __retarget_lock_acquire_recursive
 .text.__retarget_lock_release_recursive
                0x0000000008009002        0x2 c:/st/stm32cubeide_1.6.1/stm32cubeide/plugins/com.st.stm32cube.ide.mcu.externaltools.gnu-tools-for-stm32.9-2020-q2-update.win32_1.5.0.202011040924/tools/bin/../lib/gcc/arm-none-eabi/9.3.1/../../../../arm-none-eabi/lib/thumb/v7-m/nofp\libc_nano.a(lib_a-lock.o)
                0x0000000008009002                __retarget_lock_release_recursive
 .text.__swhatbuf_r
                0x0000000008009004       0x48 c:/st/stm32cubeide_1.6.1/stm32cubeide/plugins/com.st.stm32cube.ide.mcu.externaltools.gnu-tools-for-stm32.9-2020-q2-update.win32_1.5.0.202011040924/tools/bin/../lib/gcc/arm-none-eabi/9.3.1/../../../../arm-none-eabi/lib/thumb/v7-m/nofp\libc_nano.a(lib_a-makebuf.o)
                0x0000000008009004                __swhatbuf_r
 .text.__smakebuf_r
                0x000000000800904c       0x80 c:/st/stm32cubeide_1.6.1/stm32cubeide/plugins/com.st.stm32cube.ide.mcu.externaltools.gnu-tools-for-stm32.9-2020-q2-update.win32_1.5.0.202011040924/tools/bin/../lib/gcc/arm-none-eabi/9.3.1/../../../../arm-none-eabi/lib/thumb/v7-m/nofp\libc_nano.a(lib_a-makebuf.o)
                0x000000000800904c                __smakebuf_r
 .text._malloc_usable_size_r
                0x00000000080090cc       0x10 c:/st/stm32cubeide_1.6.1/stm32cubeide/plugins/com.st.stm32cube.ide.mcu.externaltools.gnu-tools-for-stm32.9-2020-q2-update.win32_1.5.0.202011040924/tools/bin/../lib/gcc/arm-none-eabi/9.3.1/../../../../arm-none-eabi/lib/thumb/v7-m/nofp\libc_nano.a(lib_a-nano-msizer.o)
                0x00000000080090cc                _malloc_usable_size_r
 .text._raise_r
                0x00000000080090dc       0x50 c:/st/stm32cubeide_1.6.1/stm32cubeide/plugins/com.st.stm32cube.ide.mcu.externaltools.gnu-tools-for-stm32.9-2020-q2-update.win32_1.5.0.202011040924/tools/bin/../lib/gcc/arm-none-eabi/9.3.1/../../../../arm-none-eabi/lib/thumb/v7-m/nofp\libc_nano.a(lib_a-signal.o)
                0x00000000080090dc                _raise_r
 .text.raise    0x000000000800912c       0x10 c:/st/stm32cubeide_1.6.1/stm32cubeide/plugins/com.st.stm32cube.ide.mcu.externaltools.gnu-tools-for-stm32.9-2020-q2-update.win32_1.5.0.202011040924/tools/bin/../lib/gcc/arm-none-eabi/9.3.1/../../../../arm-none-eabi/lib/thumb/v7-m/nofp\libc_nano.a(lib_a-signal.o)
                0x000000000800912c                raise
 .text._kill_r  0x000000000800913c       0x24 c:/st/stm32cubeide_1.6.1/stm32cubeide/plugins/com.st.stm32cube.ide.mcu.externaltools.gnu-tools-for-stm32.9-2020-q2-update.win32_1.5.0.202011040924/tools/bin/../lib/gcc/arm-none-eabi/9.3.1/../../../../arm-none-eabi/lib/thumb/v7-m/nofp\libc_nano.a(lib_a-signalr.o)
                0x000000000800913c                _kill_r
 .text._getpid_r
                0x0000000008009160        0x4 c:/st/stm32cubeide_1.6.1/stm32cubeide/plugins/com.st.stm32cube.ide.mcu.externaltools.gnu-tools-for-stm32.9-2020-q2-update.win32_1.5.0.202011040924/tools/bin/../lib/gcc/arm-none-eabi/9.3.1/../../../../arm-none-eabi/lib/thumb/v7-m/nofp\libc_nano.a(lib_a-signalr.o)
                0x0000000008009160                _getpid_r
 .text.__sread  0x0000000008009164       0x22 c:/st/stm32cubeide_1.6.1/stm32cubeide/plugins/com.st.stm32cube.ide.mcu.externaltools.gnu-tools-for-stm32.9-2020-q2-update.win32_1.5.0.202011040924/tools/bin/../lib/gcc/arm-none-eabi/9.3.1/../../../../arm-none-eabi/lib/thumb/v7-m/nofp\libc_nano.a(lib_a-stdio.o)
                0x0000000008009164                __sread
 .text.__swrite
                0x0000000008009186       0x38 c:/st/stm32cubeide_1.6.1/stm32cubeide/plugins/com.st.stm32cube.ide.mcu.externaltools.gnu-tools-for-stm32.9-2020-q2-update.win32_1.5.0.202011040924/tools/bin/../lib/gcc/arm-none-eabi/9.3.1/../../../../arm-none-eabi/lib/thumb/v7-m/nofp\libc_nano.a(lib_a-stdio.o)
                0x0000000008009186                __swrite
 .text.__sseek  0x00000000080091be       0x24 c:/st/stm32cubeide_1.6.1/stm32cubeide/plugins/com.st.stm32cube.ide.mcu.externaltools.gnu-tools-for-stm32.9-2020-q2-update.win32_1.5.0.202011040924/tools/bin/../lib/gcc/arm-none-eabi/9.3.1/../../../../arm-none-eabi/lib/thumb/v7-m/nofp\libc_nano.a(lib_a-stdio.o)
                0x00000000080091be                __sseek
 .text.__sclose
                0x00000000080091e2        0x8 c:/st/stm32cubeide_1.6.1/stm32cubeide/plugins/com.st.stm32cube.ide.mcu.externaltools.gnu-tools-for-stm32.9-2020-q2-update.win32_1.5.0.202011040924/tools/bin/../lib/gcc/arm-none-eabi/9.3.1/../../../../arm-none-eabi/lib/thumb/v7-m/nofp\libc_nano.a(lib_a-stdio.o)
                0x00000000080091e2                __sclose
 *fill*         0x00000000080091ea        0x2 
 .text._write_r
                0x00000000080091ec       0x24 c:/st/stm32cubeide_1.6.1/stm32cubeide/plugins/com.st.stm32cube.ide.mcu.externaltools.gnu-tools-for-stm32.9-2020-q2-update.win32_1.5.0.202011040924/tools/bin/../lib/gcc/arm-none-eabi/9.3.1/../../../../arm-none-eabi/lib/thumb/v7-m/nofp\libc_nano.a(lib_a-writer.o)
                0x00000000080091ec                _write_r
 .text._close_r
                0x0000000008009210       0x20 c:/st/stm32cubeide_1.6.1/stm32cubeide/plugins/com.st.stm32cube.ide.mcu.externaltools.gnu-tools-for-stm32.9-2020-q2-update.win32_1.5.0.202011040924/tools/bin/../lib/gcc/arm-none-eabi/9.3.1/../../../../arm-none-eabi/lib/thumb/v7-m/nofp\libc_nano.a(lib_a-closer.o)
                0x0000000008009210                _close_r
 .text._fstat_r
                0x0000000008009230       0x24 c:/st/stm32cubeide_1.6.1/stm32cubeide/plugins/com.st.stm32cube.ide.mcu.externaltools.gnu-tools-for-stm32.9-2020-q2-update.win32_1.5.0.202011040924/tools/bin/../lib/gcc/arm-none-eabi/9.3.1/../../../../arm-none-eabi/lib/thumb/v7-m/nofp\libc_nano.a(lib_a-fstatr.o)
                0x0000000008009230                _fstat_r
 .text._isatty_r
                0x0000000008009254       0x20 c:/st/stm32cubeide_1.6.1/stm32cubeide/plugins/com.st.stm32cube.ide.mcu.externaltools.gnu-tools-for-stm32.9-2020-q2-update.win32_1.5.0.202011040924/tools/bin/../lib/gcc/arm-none-eabi/9.3.1/../../../../arm-none-eabi/lib/thumb/v7-m/nofp\libc_nano.a(lib_a-isattyr.o)
                0x0000000008009254                _isatty_r
 .text._lseek_r
                0x0000000008009274       0x24 c:/st/stm32cubeide_1.6.1/stm32cubeide/plugins/com.st.stm32cube.ide.mcu.externaltools.gnu-tools-for-stm32.9-2020-q2-update.win32_1.5.0.202011040924/tools/bin/../lib/gcc/arm-none-eabi/9.3.1/../../../../arm-none-eabi/lib/thumb/v7-m/nofp\libc_nano.a(lib_a-lseekr.o)
                0x0000000008009274                _lseek_r
 .text._read_r  0x0000000008009298       0x24 c:/st/stm32cubeide_1.6.1/stm32cubeide/plugins/com.st.stm32cube.ide.mcu.externaltools.gnu-tools-for-stm32.9-2020-q2-update.win32_1.5.0.202011040924/tools/bin/../lib/gcc/arm-none-eabi/9.3.1/../../../../arm-none-eabi/lib/thumb/v7-m/nofp\libc_nano.a(lib_a-readr.o)
                0x0000000008009298                _read_r
 *(.glue_7)
 .glue_7        0x00000000080092bc        0x0 linker stubs
 *(.glue_7t)
 .glue_7t       0x00000000080092bc        0x0 linker stubs
 *(.eh_frame)
 .eh_frame      0x00000000080092bc        0x0 c:/st/stm32cubeide_1.6.1/stm32cubeide/plugins/com.st.stm32cube.ide.mcu.externaltools.gnu-tools-for-stm32.9-2020-q2-update.win32_1.5.0.202011040924/tools/bin/../lib/gcc/arm-none-eabi/9.3.1/thumb/v7-m/nofp/crtbegin.o
 *(.init)
 .init          0x00000000080092bc        0x4 c:/st/stm32cubeide_1.6.1/stm32cubeide/plugins/com.st.stm32cube.ide.mcu.externaltools.gnu-tools-for-stm32.9-2020-q2-update.win32_1.5.0.202011040924/tools/bin/../lib/gcc/arm-none-eabi/9.3.1/thumb/v7-m/nofp/crti.o
                0x00000000080092bc                _init
 .init          0x00000000080092c0        0x8 c:/st/stm32cubeide_1.6.1/stm32cubeide/plugins/com.st.stm32cube.ide.mcu.externaltools.gnu-tools-for-stm32.9-2020-q2-update.win32_1.5.0.202011040924/tools/bin/../lib/gcc/arm-none-eabi/9.3.1/thumb/v7-m/nofp/crtn.o
 *(.fini)
 .fini          0x00000000080092c8        0x4 c:/st/stm32cubeide_1.6.1/stm32cubeide/plugins/com.st.stm32cube.ide.mcu.externaltools.gnu-tools-for-stm32.9-2020-q2-update.win32_1.5.0.202011040924/tools/bin/../lib/gcc/arm-none-eabi/9.3.1/thumb/v7-m/nofp/crti.o
                0x00000000080092c8                _fini
 .fini          0x00000000080092cc        0x8 c:/st/stm32cubeide_1.6.1/stm32cubeide/plugins/com.st.stm32cube.ide.mcu.externaltools.gnu-tools-for-stm32.9-2020-q2-update.win32_1.5.0.202011040924/tools/bin/../lib/gcc/arm-none-eabi/9.3.1/thumb/v7-m/nofp/crtn.o
                0x00000000080092d4                . = ALIGN (0x4)
                0x00000000080092d4                _etext = .

.vfp11_veneer   0x00000000080092d4        0x0
 .vfp11_veneer  0x00000000080092d4        0x0 linker stubs

.v4_bx          0x00000000080092d4        0x0
 .v4_bx         0x00000000080092d4        0x0 linker stubs

.iplt           0x00000000080092d4        0x0
 .iplt          0x00000000080092d4        0x0 c:/st/stm32cubeide_1.6.1/stm32cubeide/plugins/com.st.stm32cube.ide.mcu.externaltools.gnu-tools-for-stm32.9-2020-q2-update.win32_1.5.0.202011040924/tools/bin/../lib/gcc/arm-none-eabi/9.3.1/thumb/v7-m/nofp/crtbegin.o

.rodata         0x00000000080092d8      0x6dc
                0x00000000080092d8                . = ALIGN (0x4)
 *(.rodata)
 .rodata        0x00000000080092d8       0xcb Core/Src/main.o
 *fill*         0x00000000080093a3        0x1 
 .rodata        0x00000000080093a4       0x10 Drivers/STM32F1xx_HAL_Driver/Src/stm32f1xx_hal_rcc.o
 .rodata        0x00000000080093b4       0x22 Micrium/Software/uCOS-II/Source/os_core.o
 *fill*         0x00000000080093d6        0x2 
 .rodata        0x00000000080093d8        0x2 Micrium/Software/uCOS-II/Source/os_flag.o
 *fill*         0x00000000080093da        0x2 
 .rodata        0x00000000080093dc        0x2 Micrium/Software/uCOS-II/Source/os_mem.o
 *fill*         0x00000000080093de        0x2 
 .rodata        0x00000000080093e0        0x2 Micrium/Software/uCOS-II/Source/os_sem.o
 *fill*         0x00000000080093e2        0x2 
 .rodata        0x00000000080093e4        0x2 Micrium/Software/uCOS-II/Source/os_task.o
 *fill*         0x00000000080093e6        0x2 
 .rodata        0x00000000080093e8       0x39 Micrium/Software/uCOS-II/Source/os_tmr.o
 *(.rodata*)
 *fill*         0x0000000008009421        0x3 
 .rodata.rampa  0x0000000008009424       0x28 Core/Src/main.o
 .rodata.AHBPrescTable
                0x000000000800944c       0x10 Core/Src/system_stm32f1xx.o
                0x000000000800944c                AHBPrescTable
 .rodata.OSDebugEn
                0x000000000800945c        0x2 Micrium/Software/uCOS-II/Ports/ARM-Cortex-M/ARMv7-M/GNU/os_dbg.o
                0x000000000800945c                OSDebugEn
 *fill*         0x000000000800945e        0x2 
 .rodata.OSEndiannessTest
                0x0000000008009460        0x4 Micrium/Software/uCOS-II/Ports/ARM-Cortex-M/ARMv7-M/GNU/os_dbg.o
                0x0000000008009460                OSEndiannessTest
 .rodata.OSEventEn
                0x0000000008009464        0x2 Micrium/Software/uCOS-II/Ports/ARM-Cortex-M/ARMv7-M/GNU/os_dbg.o
                0x0000000008009464                OSEventEn
 .rodata.OSEventMax
                0x0000000008009466        0x2 Micrium/Software/uCOS-II/Ports/ARM-Cortex-M/ARMv7-M/GNU/os_dbg.o
                0x0000000008009466                OSEventMax
 .rodata.OSEventNameEn
                0x0000000008009468        0x2 Micrium/Software/uCOS-II/Ports/ARM-Cortex-M/ARMv7-M/GNU/os_dbg.o
                0x0000000008009468                OSEventNameEn
 .rodata.OSEventSize
                0x000000000800946a        0x2 Micrium/Software/uCOS-II/Ports/ARM-Cortex-M/ARMv7-M/GNU/os_dbg.o
                0x000000000800946a                OSEventSize
 .rodata.OSEventTblSize
                0x000000000800946c        0x2 Micrium/Software/uCOS-II/Ports/ARM-Cortex-M/ARMv7-M/GNU/os_dbg.o
                0x000000000800946c                OSEventTblSize
 .rodata.OSEventMultiEn
                0x000000000800946e        0x2 Micrium/Software/uCOS-II/Ports/ARM-Cortex-M/ARMv7-M/GNU/os_dbg.o
                0x000000000800946e                OSEventMultiEn
 .rodata.OSFlagEn
                0x0000000008009470        0x2 Micrium/Software/uCOS-II/Ports/ARM-Cortex-M/ARMv7-M/GNU/os_dbg.o
                0x0000000008009470                OSFlagEn
 .rodata.OSFlagGrpSize
                0x0000000008009472        0x2 Micrium/Software/uCOS-II/Ports/ARM-Cortex-M/ARMv7-M/GNU/os_dbg.o
                0x0000000008009472                OSFlagGrpSize
 .rodata.OSFlagNodeSize
                0x0000000008009474        0x2 Micrium/Software/uCOS-II/Ports/ARM-Cortex-M/ARMv7-M/GNU/os_dbg.o
                0x0000000008009474                OSFlagNodeSize
 .rodata.OSFlagWidth
                0x0000000008009476        0x2 Micrium/Software/uCOS-II/Ports/ARM-Cortex-M/ARMv7-M/GNU/os_dbg.o
                0x0000000008009476                OSFlagWidth
 .rodata.OSFlagMax
                0x0000000008009478        0x2 Micrium/Software/uCOS-II/Ports/ARM-Cortex-M/ARMv7-M/GNU/os_dbg.o
                0x0000000008009478                OSFlagMax
 .rodata.OSFlagNameEn
                0x000000000800947a        0x2 Micrium/Software/uCOS-II/Ports/ARM-Cortex-M/ARMv7-M/GNU/os_dbg.o
                0x000000000800947a                OSFlagNameEn
 .rodata.OSLowestPrio
                0x000000000800947c        0x2 Micrium/Software/uCOS-II/Ports/ARM-Cortex-M/ARMv7-M/GNU/os_dbg.o
                0x000000000800947c                OSLowestPrio
 .rodata.OSMboxEn
                0x000000000800947e        0x2 Micrium/Software/uCOS-II/Ports/ARM-Cortex-M/ARMv7-M/GNU/os_dbg.o
                0x000000000800947e                OSMboxEn
 .rodata.OSMemEn
                0x0000000008009480        0x2 Micrium/Software/uCOS-II/Ports/ARM-Cortex-M/ARMv7-M/GNU/os_dbg.o
                0x0000000008009480                OSMemEn
 .rodata.OSMemMax
                0x0000000008009482        0x2 Micrium/Software/uCOS-II/Ports/ARM-Cortex-M/ARMv7-M/GNU/os_dbg.o
                0x0000000008009482                OSMemMax
 .rodata.OSMemNameEn
                0x0000000008009484        0x2 Micrium/Software/uCOS-II/Ports/ARM-Cortex-M/ARMv7-M/GNU/os_dbg.o
                0x0000000008009484                OSMemNameEn
 .rodata.OSMemSize
                0x0000000008009486        0x2 Micrium/Software/uCOS-II/Ports/ARM-Cortex-M/ARMv7-M/GNU/os_dbg.o
                0x0000000008009486                OSMemSize
 .rodata.OSMemTblSize
                0x0000000008009488        0x2 Micrium/Software/uCOS-II/Ports/ARM-Cortex-M/ARMv7-M/GNU/os_dbg.o
                0x0000000008009488                OSMemTblSize
 .rodata.OSMutexEn
                0x000000000800948a        0x2 Micrium/Software/uCOS-II/Ports/ARM-Cortex-M/ARMv7-M/GNU/os_dbg.o
                0x000000000800948a                OSMutexEn
 .rodata.OSPtrSize
                0x000000000800948c        0x2 Micrium/Software/uCOS-II/Ports/ARM-Cortex-M/ARMv7-M/GNU/os_dbg.o
                0x000000000800948c                OSPtrSize
 .rodata.OSQEn  0x000000000800948e        0x2 Micrium/Software/uCOS-II/Ports/ARM-Cortex-M/ARMv7-M/GNU/os_dbg.o
                0x000000000800948e                OSQEn
 .rodata.OSQMax
                0x0000000008009490        0x2 Micrium/Software/uCOS-II/Ports/ARM-Cortex-M/ARMv7-M/GNU/os_dbg.o
                0x0000000008009490                OSQMax
 .rodata.OSQSize
                0x0000000008009492        0x2 Micrium/Software/uCOS-II/Ports/ARM-Cortex-M/ARMv7-M/GNU/os_dbg.o
                0x0000000008009492                OSQSize
 .rodata.OSRdyTblSize
                0x0000000008009494        0x2 Micrium/Software/uCOS-II/Ports/ARM-Cortex-M/ARMv7-M/GNU/os_dbg.o
                0x0000000008009494                OSRdyTblSize
 .rodata.OSSemEn
                0x0000000008009496        0x2 Micrium/Software/uCOS-II/Ports/ARM-Cortex-M/ARMv7-M/GNU/os_dbg.o
                0x0000000008009496                OSSemEn
 .rodata.OSStkWidth
                0x0000000008009498        0x2 Micrium/Software/uCOS-II/Ports/ARM-Cortex-M/ARMv7-M/GNU/os_dbg.o
                0x0000000008009498                OSStkWidth
 .rodata.OSTaskCreateEn
                0x000000000800949a        0x2 Micrium/Software/uCOS-II/Ports/ARM-Cortex-M/ARMv7-M/GNU/os_dbg.o
                0x000000000800949a                OSTaskCreateEn
 .rodata.OSTaskCreateExtEn
                0x000000000800949c        0x2 Micrium/Software/uCOS-II/Ports/ARM-Cortex-M/ARMv7-M/GNU/os_dbg.o
                0x000000000800949c                OSTaskCreateExtEn
 .rodata.OSTaskDelEn
                0x000000000800949e        0x2 Micrium/Software/uCOS-II/Ports/ARM-Cortex-M/ARMv7-M/GNU/os_dbg.o
                0x000000000800949e                OSTaskDelEn
 .rodata.OSTaskIdleStkSize
                0x00000000080094a0        0x2 Micrium/Software/uCOS-II/Ports/ARM-Cortex-M/ARMv7-M/GNU/os_dbg.o
                0x00000000080094a0                OSTaskIdleStkSize
 .rodata.OSTaskProfileEn
                0x00000000080094a2        0x2 Micrium/Software/uCOS-II/Ports/ARM-Cortex-M/ARMv7-M/GNU/os_dbg.o
                0x00000000080094a2                OSTaskProfileEn
 .rodata.OSTaskMax
                0x00000000080094a4        0x2 Micrium/Software/uCOS-II/Ports/ARM-Cortex-M/ARMv7-M/GNU/os_dbg.o
                0x00000000080094a4                OSTaskMax
 .rodata.OSTaskNameEn
                0x00000000080094a6        0x2 Micrium/Software/uCOS-II/Ports/ARM-Cortex-M/ARMv7-M/GNU/os_dbg.o
                0x00000000080094a6                OSTaskNameEn
 .rodata.OSTaskStatEn
                0x00000000080094a8        0x2 Micrium/Software/uCOS-II/Ports/ARM-Cortex-M/ARMv7-M/GNU/os_dbg.o
                0x00000000080094a8                OSTaskStatEn
 .rodata.OSTaskStatStkSize
                0x00000000080094aa        0x2 Micrium/Software/uCOS-II/Ports/ARM-Cortex-M/ARMv7-M/GNU/os_dbg.o
                0x00000000080094aa                OSTaskStatStkSize
 .rodata.OSTaskStatStkChkEn
                0x00000000080094ac        0x2 Micrium/Software/uCOS-II/Ports/ARM-Cortex-M/ARMv7-M/GNU/os_dbg.o
                0x00000000080094ac                OSTaskStatStkChkEn
 .rodata.OSTaskSwHookEn
                0x00000000080094ae        0x2 Micrium/Software/uCOS-II/Ports/ARM-Cortex-M/ARMv7-M/GNU/os_dbg.o
                0x00000000080094ae                OSTaskSwHookEn
 .rodata.OSTCBPrioTblMax
                0x00000000080094b0        0x2 Micrium/Software/uCOS-II/Ports/ARM-Cortex-M/ARMv7-M/GNU/os_dbg.o
                0x00000000080094b0                OSTCBPrioTblMax
 .rodata.OSTCBSize
                0x00000000080094b2        0x2 Micrium/Software/uCOS-II/Ports/ARM-Cortex-M/ARMv7-M/GNU/os_dbg.o
                0x00000000080094b2                OSTCBSize
 .rodata.OSTicksPerSec
                0x00000000080094b4        0x2 Micrium/Software/uCOS-II/Ports/ARM-Cortex-M/ARMv7-M/GNU/os_dbg.o
                0x00000000080094b4                OSTicksPerSec
 .rodata.OSTimeTickHookEn
                0x00000000080094b6        0x2 Micrium/Software/uCOS-II/Ports/ARM-Cortex-M/ARMv7-M/GNU/os_dbg.o
                0x00000000080094b6                OSTimeTickHookEn
 .rodata.OSVersionNbr
                0x00000000080094b8        0x2 Micrium/Software/uCOS-II/Ports/ARM-Cortex-M/ARMv7-M/GNU/os_dbg.o
                0x00000000080094b8                OSVersionNbr
 .rodata.OSTmrEn
                0x00000000080094ba        0x2 Micrium/Software/uCOS-II/Ports/ARM-Cortex-M/ARMv7-M/GNU/os_dbg.o
                0x00000000080094ba                OSTmrEn
 .rodata.OSTmrCfgMax
                0x00000000080094bc        0x2 Micrium/Software/uCOS-II/Ports/ARM-Cortex-M/ARMv7-M/GNU/os_dbg.o
                0x00000000080094bc                OSTmrCfgMax
 .rodata.OSTmrCfgNameEn
                0x00000000080094be        0x2 Micrium/Software/uCOS-II/Ports/ARM-Cortex-M/ARMv7-M/GNU/os_dbg.o
                0x00000000080094be                OSTmrCfgNameEn
 .rodata.OSTmrCfgWheelSize
                0x00000000080094c0        0x2 Micrium/Software/uCOS-II/Ports/ARM-Cortex-M/ARMv7-M/GNU/os_dbg.o
                0x00000000080094c0                OSTmrCfgWheelSize
 .rodata.OSTmrCfgTicksPerSec
                0x00000000080094c2        0x2 Micrium/Software/uCOS-II/Ports/ARM-Cortex-M/ARMv7-M/GNU/os_dbg.o
                0x00000000080094c2                OSTmrCfgTicksPerSec
 .rodata.OSTmrSize
                0x00000000080094c4        0x2 Micrium/Software/uCOS-II/Ports/ARM-Cortex-M/ARMv7-M/GNU/os_dbg.o
                0x00000000080094c4                OSTmrSize
 .rodata.OSTmrTblSize
                0x00000000080094c6        0x2 Micrium/Software/uCOS-II/Ports/ARM-Cortex-M/ARMv7-M/GNU/os_dbg.o
                0x00000000080094c6                OSTmrTblSize
 .rodata.OSTmrWheelSize
                0x00000000080094c8        0x2 Micrium/Software/uCOS-II/Ports/ARM-Cortex-M/ARMv7-M/GNU/os_dbg.o
                0x00000000080094c8                OSTmrWheelSize
 .rodata.OSTmrWheelTblSize
                0x00000000080094ca        0x2 Micrium/Software/uCOS-II/Ports/ARM-Cortex-M/ARMv7-M/GNU/os_dbg.o
                0x00000000080094ca                OSTmrWheelTblSize
 .rodata.OSDataSize
                0x00000000080094cc        0x2 Micrium/Software/uCOS-II/Ports/ARM-Cortex-M/ARMv7-M/GNU/os_dbg.o
                0x00000000080094cc                OSDataSize
 *fill*         0x00000000080094ce        0x2 
 .rodata.OSUnMapTbl
                0x00000000080094d0      0x100 Micrium/Software/uCOS-II/Source/os_core.o
                0x00000000080094d0                OSUnMapTbl
 .rodata._global_impure_ptr
                0x00000000080095d0        0x4 c:/st/stm32cubeide_1.6.1/stm32cubeide/plugins/com.st.stm32cube.ide.mcu.externaltools.gnu-tools-for-stm32.9-2020-q2-update.win32_1.5.0.202011040924/tools/bin/../lib/gcc/arm-none-eabi/9.3.1/../../../../arm-none-eabi/lib/thumb/v7-m/nofp\libc_nano.a(lib_a-impure.o)
                0x00000000080095d0                _global_impure_ptr
 .rodata._printf_float.str1.1
                0x00000000080095d4       0x12 c:/st/stm32cubeide_1.6.1/stm32cubeide/plugins/com.st.stm32cube.ide.mcu.externaltools.gnu-tools-for-stm32.9-2020-q2-update.win32_1.5.0.202011040924/tools/bin/../lib/gcc/arm-none-eabi/9.3.1/../../../../arm-none-eabi/lib/thumb/v7-m/nofp\libc_nano.a(lib_a-nano-vfprintf_float.o)
 .rodata._printf_i.str1.1
                0x00000000080095e6       0x22 c:/st/stm32cubeide_1.6.1/stm32cubeide/plugins/com.st.stm32cube.ide.mcu.externaltools.gnu-tools-for-stm32.9-2020-q2-update.win32_1.5.0.202011040924/tools/bin/../lib/gcc/arm-none-eabi/9.3.1/../../../../arm-none-eabi/lib/thumb/v7-m/nofp\libc_nano.a(lib_a-nano-vfprintf_i.o)
 .rodata._dtoa_r.str1.1
                0x0000000008009608       0x94 c:/st/stm32cubeide_1.6.1/stm32cubeide/plugins/com.st.stm32cube.ide.mcu.externaltools.gnu-tools-for-stm32.9-2020-q2-update.win32_1.5.0.202011040924/tools/bin/../lib/gcc/arm-none-eabi/9.3.1/../../../../arm-none-eabi/lib/thumb/v7-m/nofp\libc_nano.a(lib_a-dtoa.o)
                                         0x96 (size before relaxing)
 .rodata._Balloc.str1.1
                0x000000000800969c       0x60 c:/st/stm32cubeide_1.6.1/stm32cubeide/plugins/com.st.stm32cube.ide.mcu.externaltools.gnu-tools-for-stm32.9-2020-q2-update.win32_1.5.0.202011040924/tools/bin/../lib/gcc/arm-none-eabi/9.3.1/../../../../arm-none-eabi/lib/thumb/v7-m/nofp\libc_nano.a(lib_a-mprec.o)
                                         0x77 (size before relaxing)
 .rodata.__multadd.str1.1
                0x00000000080096fc       0x11 c:/st/stm32cubeide_1.6.1/stm32cubeide/plugins/com.st.stm32cube.ide.mcu.externaltools.gnu-tools-for-stm32.9-2020-q2-update.win32_1.5.0.202011040924/tools/bin/../lib/gcc/arm-none-eabi/9.3.1/../../../../arm-none-eabi/lib/thumb/v7-m/nofp\libc_nano.a(lib_a-mprec.o)
 *fill*         0x00000000080096fc        0x4 
 .rodata.__mprec_bigtens
                0x0000000008009700       0x28 c:/st/stm32cubeide_1.6.1/stm32cubeide/plugins/com.st.stm32cube.ide.mcu.externaltools.gnu-tools-for-stm32.9-2020-q2-update.win32_1.5.0.202011040924/tools/bin/../lib/gcc/arm-none-eabi/9.3.1/../../../../arm-none-eabi/lib/thumb/v7-m/nofp\libc_nano.a(lib_a-mprec.o)
                0x0000000008009700                __mprec_bigtens
 .rodata.__mprec_tens
                0x0000000008009728       0xc8 c:/st/stm32cubeide_1.6.1/stm32cubeide/plugins/com.st.stm32cube.ide.mcu.externaltools.gnu-tools-for-stm32.9-2020-q2-update.win32_1.5.0.202011040924/tools/bin/../lib/gcc/arm-none-eabi/9.3.1/../../../../arm-none-eabi/lib/thumb/v7-m/nofp\libc_nano.a(lib_a-mprec.o)
                0x0000000008009728                __mprec_tens
 .rodata.p05.6150
                0x00000000080097f0        0xc c:/st/stm32cubeide_1.6.1/stm32cubeide/plugins/com.st.stm32cube.ide.mcu.externaltools.gnu-tools-for-stm32.9-2020-q2-update.win32_1.5.0.202011040924/tools/bin/../lib/gcc/arm-none-eabi/9.3.1/../../../../arm-none-eabi/lib/thumb/v7-m/nofp\libc_nano.a(lib_a-mprec.o)
 .rodata._svfprintf_r.str1.1
                0x00000000080097fc       0x11 c:/st/stm32cubeide_1.6.1/stm32cubeide/plugins/com.st.stm32cube.ide.mcu.externaltools.gnu-tools-for-stm32.9-2020-q2-update.win32_1.5.0.202011040924/tools/bin/../lib/gcc/arm-none-eabi/9.3.1/../../../../arm-none-eabi/lib/thumb/v7-m/nofp\libc_nano.a(lib_a-nano-svfprintf.o)
 .rodata.__assert_func.str1.1
                0x000000000800980d       0x3c c:/st/stm32cubeide_1.6.1/stm32cubeide/plugins/com.st.stm32cube.ide.mcu.externaltools.gnu-tools-for-stm32.9-2020-q2-update.win32_1.5.0.202011040924/tools/bin/../lib/gcc/arm-none-eabi/9.3.1/../../../../arm-none-eabi/lib/thumb/v7-m/nofp\libc_nano.a(lib_a-assert.o)
                                         0x3d (size before relaxing)
 .rodata._setlocale_r.str1.1
                0x0000000008009849        0x8 c:/st/stm32cubeide_1.6.1/stm32cubeide/plugins/com.st.stm32cube.ide.mcu.externaltools.gnu-tools-for-stm32.9-2020-q2-update.win32_1.5.0.202011040924/tools/bin/../lib/gcc/arm-none-eabi/9.3.1/../../../../arm-none-eabi/lib/thumb/v7-m/nofp\libc_nano.a(lib_a-locale.o)
                                          0x9 (size before relaxing)
 .rodata.str1.1
                0x0000000008009851        0x2 c:/st/stm32cubeide_1.6.1/stm32cubeide/plugins/com.st.stm32cube.ide.mcu.externaltools.gnu-tools-for-stm32.9-2020-q2-update.win32_1.5.0.202011040924/tools/bin/../lib/gcc/arm-none-eabi/9.3.1/../../../../arm-none-eabi/lib/thumb/v7-m/nofp\libc_nano.a(lib_a-locale.o)
 .rodata._vfprintf_r.str1.1
                0x0000000008009853       0x11 c:/st/stm32cubeide_1.6.1/stm32cubeide/plugins/com.st.stm32cube.ide.mcu.externaltools.gnu-tools-for-stm32.9-2020-q2-update.win32_1.5.0.202011040924/tools/bin/../lib/gcc/arm-none-eabi/9.3.1/../../../../arm-none-eabi/lib/thumb/v7-m/nofp\libc_nano.a(lib_a-nano-vfprintf.o)
 .rodata._ctype_
                0x0000000008009853      0x101 c:/st/stm32cubeide_1.6.1/stm32cubeide/plugins/com.st.stm32cube.ide.mcu.externaltools.gnu-tools-for-stm32.9-2020-q2-update.win32_1.5.0.202011040924/tools/bin/../lib/gcc/arm-none-eabi/9.3.1/../../../../arm-none-eabi/lib/thumb/v7-m/nofp\libc_nano.a(lib_a-ctype_.o)
                0x0000000008009853                _ctype_
 .rodata.__sf_fake_stderr
                0x0000000008009954       0x20 c:/st/stm32cubeide_1.6.1/stm32cubeide/plugins/com.st.stm32cube.ide.mcu.externaltools.gnu-tools-for-stm32.9-2020-q2-update.win32_1.5.0.202011040924/tools/bin/../lib/gcc/arm-none-eabi/9.3.1/../../../../arm-none-eabi/lib/thumb/v7-m/nofp\libc_nano.a(lib_a-findfp.o)
                0x0000000008009954                __sf_fake_stderr
 .rodata.__sf_fake_stdin
                0x0000000008009974       0x20 c:/st/stm32cubeide_1.6.1/stm32cubeide/plugins/com.st.stm32cube.ide.mcu.externaltools.gnu-tools-for-stm32.9-2020-q2-update.win32_1.5.0.202011040924/tools/bin/../lib/gcc/arm-none-eabi/9.3.1/../../../../arm-none-eabi/lib/thumb/v7-m/nofp\libc_nano.a(lib_a-findfp.o)
                0x0000000008009974                __sf_fake_stdin
 .rodata.__sf_fake_stdout
                0x0000000008009994       0x20 c:/st/stm32cubeide_1.6.1/stm32cubeide/plugins/com.st.stm32cube.ide.mcu.externaltools.gnu-tools-for-stm32.9-2020-q2-update.win32_1.5.0.202011040924/tools/bin/../lib/gcc/arm-none-eabi/9.3.1/../../../../arm-none-eabi/lib/thumb/v7-m/nofp\libc_nano.a(lib_a-findfp.o)
                0x0000000008009994                __sf_fake_stdout